<<< Instantiation Service :: SyncDesc - no dependencies >>>
CALL (accessor) => {  const service1 = accessor.get(IService1);  
	CREATES -> service1
	USES -> service1
DONE, took 0.00ms (grand total 0.00ms)

<<< Instantiation Service :: SyncDesc - service with service dependency >>>
CALL (accessor) => {  const d = accessor.get(IDependentService);  
	CREATES -> dependentService
		CREATES -> service1
		USES -> service1
DONE, took 0.00ms (grand total 0.00ms)

<<< Instantiation Service :: SyncDesc - target depends on service future >>>
CREATE DependentServiceTarget
	CREATES -> dependentService
		CREATES -> service1
		USES -> service1
DONE, took 0.00ms (grand total 0.00ms)

<<< Instantiation Service :: SyncDesc - explode on loop >>>
CALL (accessor) => {  accessor.get(IService1);  }
	CREATES -> service1
		CREATES -> service2
			CREATES -> service1
				CREATES -> service2
					CREATES -> service1
						CREATES -> service2
							CREATES -> service1
								CREATES -> service2
									CREATES -> service1
										CREATES -> service2
											CREATES -> service1
												CREATES -> service2
													CREATES -> service1
														CREATES -> service2
															CREATES -> service1
																CREATES -> service2
																	CREATES -> service1
																		CREATES -> service2
																			CREATES -> service1
																				CREATES -> service2
																					CREATES -> service1
																						CREATES -> service2
																							CREATES -> service1
																								CREATES -> service2
																									CREATES -> service1
																										CREATES -> service2
																											CREATES -> service1
																												CREATES -> service2
																													CREATES -> service1
																														CREATES -> service2
																															CREATES -> service1
																																CREATES -> service2
																																	CREATES -> service1
																																		CREATES -> service2
																																			CREATES -> service1
																																				CREATES -> service2
																																					CREATES -> service1
																																						CREATES -> service2
																																							CREATES -> service1
																																								CREATES -> service2
																																									CREATES -> service1
																																										CREATES -> service2
																																											CREATES -> service1
																																												CREATES -> service2
																																													CREATES -> service1
																																														CREATES -> service2
																																															CREATES -> service1
																																																CREATES -> service2
																																																	CREATES -> service1
																																																		CREATES -> service2
																																																			CREATES -> service1
																																																				CREATES -> service2
																																																					CREATES -> service1
																																																						CREATES -> service2
																																																							CREATES -> service1
																																																								CREATES -> service2
																																																									CREATES -> service1
																																																										CREATES -> service2
																																																											CREATES -> service1
																																																												CREATES -> service2
																																																													CREATES -> service1
																																																														CREATES -> service2
																																																															CREATES -> service1
																																																																CREATES -> service2
																																																																	CREATES -> service1
																																																																		CREATES -> service2
																																																																			CREATES -> service1
																																																																				CREATES -> service2
																																																																					CREATES -> service1
																																																																						CREATES -> service2
																																																																							CREATES -> service1
																																																																								CREATES -> service2
																																																																									CREATES -> service1
																																																																										CREATES -> service2
																																																																											CREATES -> service1
																																																																												CREATES -> service2
																																																																													CREATES -> service1
																																																																														CREATES -> service2
																																																																															CREATES -> service1
																																																																																CREATES -> service2
																																																																																	CREATES -> service1
																																																																																		CREATES -> service2
																																																																																			CREATES -> service1
																																																																																				CREATES -> service2
																																																																																					CREATES -> service1
																																																																																						CREATES -> service2
																																																																																							CREATES -> service1
																																																																																								CREATES -> service2
																																																																																									CREATES -> service1
																																																																																										CREATES -> service2
																																																																																											CREATES -> service1
																																																																																												CREATES -> service2
																																																																																													CREATES -> service1
																																																																																														CREATES -> service2
																																																																																															CREATES -> service1
																																																																																																CREATES -> service2
																																																																																																	CREATES -> service1
																																																																																																		CREATES -> service2
																																																																																																			CREATES -> service1
																																																																																																				CREATES -> service2
																																																																																																					CREATES -> service1
																																																																																																						CREATES -> service2
																																																																																																							CREATES -> service1
																																																																																																								CREATES -> service2
																																																																																																									CREATES -> service1
																																																																																																										CREATES -> service2
																																																																																																											CREATES -> service1
																																																																																																												CREATES -> service2
																																																																																																													CREATES -> service1
																																																																																																														CREATES -> service2
																																																																																																															CREATES -> service1
																																																																																																																CREATES -> service2
																																																																																																																	CREATES -> service1
																																																																																																																		CREATES -> service2
																																																																																																																			CREATES -> service1
																																																																																																																				CREATES -> service2
																																																																																																																					CREATES -> service1
																																																																																																																						CREATES -> service2
																																																																																																																							CREATES -> service1
																																																																																																																								CREATES -> service2
																																																																																																																									CREATES -> service1
																																																																																																																										CREATES -> service2
																																																																																																																											CREATES -> service1
																																																																																																																												CREATES -> service2
																																																																																																																													CREATES -> service1
																																																																																																																														CREATES -> service2
																																																																																																																															CREATES -> service1
																																																																																																																																CREATES -> service2
																																																																																																																																	CREATES -> service1
																																																																																																																																		CREATES -> service2
																																																																																																																																			CREATES -> service1
																																																																																																																																				CREATES -> service2
																																																																																																																																					CREATES -> service1
																																																																																																																																						CREATES -> service2
																																																																																																																																							CREATES -> service1
																																																																																																																																								CREATES -> service2
																																																																																																																																									CREATES -> service1
																																																																																																																																										CREATES -> service2
																																																																																																																																											CREATES -> service1
																																																																																																																																												CREATES -> service2
																																																																																																																																													CREATES -> service1
																																																																																																																																														CREATES -> service2
																																																																																																																																															CREATES -> service1
																																																																																																																																																CREATES -> service2
																																																																																																																																																	CREATES -> service1
																																																																																																																																																		CREATES -> service2
																																																																																																																																																			CREATES -> service1
																																																																																																																																																				CREATES -> service2
																																																																																																																																																					CREATES -> service1
																																																																																																																																																						CREATES -> service2
																																																																																																																																																							CREATES -> service1
																																																																																																																																																								CREATES -> service2
																																																																																																																																																									CREATES -> service1
																																																																																																																																																										CREATES -> service2
																																																																																																																																																											CREATES -> service1
																																																																																																																																																												CREATES -> service2
																																																																																																																																																													CREATES -> service1
																																																																																																																																																														CREATES -> service2
																																																																																																																																																															CREATES -> service1
																																																																																																																																																																CREATES -> service2
																																																																																																																																																																	CREATES -> service1
																																																																																																																																																																		CREATES -> service2
																																																																																																																																																																			CREATES -> service1
																																																																																																																																																																				CREATES -> service2
																																																																																																																																																																					CREATES -> service1
																																																																																																																																																																						CREATES -> service2
																																																																																																																																																																							CREATES -> service1
																																																																																																																																																																								CREATES -> service2
																																																																																																																																																																									CREATES -> service1
																																																																																																																																																																										CREATES -> service2
																																																																																																																																																																											CREATES -> service1
																																																																																																																																																																												CREATES -> service2
																																																																																																																																																																													CREATES -> service1
																																																																																																																																																																														CREATES -> service2
																																																																																																																																																																															CREATES -> service1
																																																																																																																																																																																CREATES -> service2
																																																																																																																																																																																	CREATES -> service1
																																																																																																																																																																																		CREATES -> service2
																																																																																																																																																																																			CREATES -> service1
																																																																																																																																																																																				CREATES -> service2
																																																																																																																																																																																					CREATES -> service1
																																																																																																																																																																																						CREATES -> service2
																																																																																																																																																																																							CREATES -> service1
																																																																																																																																																																																								CREATES -> service2
																																																																																																																																																																																									CREATES -> service1
																																																																																																																																																																																										CREATES -> service2
																																																																																																																																																																																											CREATES -> service1
																																																																																																																																																																																												CREATES -> service2
																																																																																																																																																																																													CREATES -> service1
																																																																																																																																																																																														CREATES -> service2
																																																																																																																																																																																															CREATES -> service1
																																																																																																																																																																																																CREATES -> service2
																																																																																																																																																																																																	CREATES -> service1
																																																																																																																																																																																																		CREATES -> service2
																																																																																																																																																																																																			CREATES -> service1
																																																																																																																																																																																																				CREATES -> service2
																																																																																																																																																																																																					CREATES -> service1
																																																																																																																																																																																																						CREATES -> service2
																																																																																																																																																																																																							CREATES -> service1
																																																																																																																																																																																																								CREATES -> service2
																																																																																																																																																																																																									CREATES -> service1
																																																																																																																																																																																																										CREATES -> service2
																																																																																																																																																																																																											CREATES -> service1
																																																																																																																																																																																																												CREATES -> service2
																																																																																																																																																																																																													CREATES -> service1
																																																																																																																																																																																																														CREATES -> service2
																																																																																																																																																																																																															CREATES -> service1
																																																																																																																																																																																																																CREATES -> service2
																																																																																																																																																																																																																	CREATES -> service1
																																																																																																																																																																																																																		CREATES -> service2
																																																																																																																																																																																																																			CREATES -> service1
																																																																																																																																																																																																																				CREATES -> service2
																																																																																																																																																																																																																					CREATES -> service1
																																																																																																																																																																																																																						CREATES -> service2
																																																																																																																																																																																																																							CREATES -> service1
																																																																																																																																																																																																																								CREATES -> service2
																																																																																																																																																																																																																									CREATES -> service1
																																																																																																																																																																																																																										CREATES -> service2
																																																																																																																																																																																																																											CREATES -> service1
																																																																																																																																																																																																																												CREATES -> service2
																																																																																																																																																																																																																													CREATES -> service1
																																																																																																																																																																																																																														CREATES -> service2
																																																																																																																																																																																																																															CREATES -> service1
																																																																																																																																																																																																																																CREATES -> service2
																																																																																																																																																																																																																																	CREATES -> service1
																																																																																																																																																																																																																																		CREATES -> service2
																																																																																																																																																																																																																																			CREATES -> service1
																																																																																																																																																																																																																																				CREATES -> service2
																																																																																																																																																																																																																																					CREATES -> service1
																																																																																																																																																																																																																																						CREATES -> service2
																																																																																																																																																																																																																																							CREATES -> service1
																																																																																																																																																																																																																																								CREATES -> service2
																																																																																																																																																																																																																																									CREATES -> service1
																																																																																																																																																																																																																																										CREATES -> service2
																																																																																																																																																																																																																																											CREATES -> service1
																																																																																																																																																																																																																																												CREATES -> service2
																																																																																																																																																																																																																																													CREATES -> service1
																																																																																																																																																																																																																																														CREATES -> service2
																																																																																																																																																																																																																																															CREATES -> service1
																																																																																																																																																																																																																																																CREATES -> service2
																																																																																																																																																																																																																																																	CREATES -> service1
																																																																																																																																																																																																																																																		CREATES -> service2
																																																																																																																																																																																																																																																			CREATES -> service1
																																																																																																																																																																																																																																																				CREATES -> service2
																																																																																																																																																																																																																																																					CREATES -> service1
																																																																																																																																																																																																																																																						CREATES -> service2
																																																																																																																																																																																																																																																							CREATES -> service1
																																																																																																																																																																																																																																																								CREATES -> service2
																																																																																																																																																																																																																																																									CREATES -> service1
																																																																																																																																																																																																																																																										CREATES -> service2
																																																																																																																																																																																																																																																											CREATES -> service1
																																																																																																																																																																																																																																																												CREATES -> service2
																																																																																																																																																																																																																																																													CREATES -> service1
																																																																																																																																																																																																																																																														CREATES -> service2
																																																																																																																																																																																																																																																															CREATES -> service1
																																																																																																																																																																																																																																																																CREATES -> service2
																																																																																																																																																																																																																																																																	CREATES -> service1
																																																																																																																																																																																																																																																																		CREATES -> service2
																																																																																																																																																																																																																																																																			CREATES -> service1
																																																																																																																																																																																																																																																																				CREATES -> service2
																																																																																																																																																																																																																																																																					CREATES -> service1
																																																																																																																																																																																																																																																																						CREATES -> service2
																																																																																																																																																																																																																																																																							CREATES -> service1
																																																																																																																																																																																																																																																																								CREATES -> service2
																																																																																																																																																																																																																																																																									CREATES -> service1
																																																																																																																																																																																																																																																																										CREATES -> service2
																																																																																																																																																																																																																																																																											CREATES -> service1
																																																																																																																																																																																																																																																																												CREATES -> service2
																																																																																																																																																																																																																																																																													CREATES -> service1
																																																																																																																																																																																																																																																																														CREATES -> service2
																																																																																																																																																																																																																																																																															CREATES -> service1
																																																																																																																																																																																																																																																																																CREATES -> service2
																																																																																																																																																																																																																																																																																	CREATES -> service1
																																																																																																																																																																																																																																																																																		CREATES -> service2
																																																																																																																																																																																																																																																																																			CREATES -> service1
																																																																																																																																																																																																																																																																																				CREATES -> service2
																																																																																																																																																																																																																																																																																					CREATES -> service1
																																																																																																																																																																																																																																																																																						CREATES -> service2
																																																																																																																																																																																																																																																																																							CREATES -> service1
																																																																																																																																																																																																																																																																																								CREATES -> service2
																																																																																																																																																																																																																																																																																									CREATES -> service1
																																																																																																																																																																																																																																																																																										CREATES -> service2
																																																																																																																																																																																																																																																																																											CREATES -> service1
																																																																																																																																																																																																																																																																																												CREATES -> service2
																																																																																																																																																																																																																																																																																													CREATES -> service1
																																																																																																																																																																																																																																																																																														CREATES -> service2
																																																																																																																																																																																																																																																																																															CREATES -> service1
																																																																																																																																																																																																																																																																																																CREATES -> service2
																																																																																																																																																																																																																																																																																																	CREATES -> service1
																																																																																																																																																																																																																																																																																																		CREATES -> service2
																																																																																																																																																																																																																																																																																																			CREATES -> service1
																																																																																																																																																																																																																																																																																																				CREATES -> service2
																																																																																																																																																																																																																																																																																																					CREATES -> service1
																																																																																																																																																																																																																																																																																																						CREATES -> service2
																																																																																																																																																																																																																																																																																																							CREATES -> service1
																																																																																																																																																																																																																																																																																																								CREATES -> service2
																																																																																																																																																																																																																																																																																																									CREATES -> service1
																																																																																																																																																																																																																																																																																																										CREATES -> service2
																																																																																																																																																																																																																																																																																																											CREATES -> service1
																																																																																																																																																																																																																																																																																																												CREATES -> service2
																																																																																																																																																																																																																																																																																																													CREATES -> service1
																																																																																																																																																																																																																																																																																																														CREATES -> service2
																																																																																																																																																																																																																																																																																																															CREATES -> service1
																																																																																																																																																																																																																																																																																																																CREATES -> service2
																																																																																																																																																																																																																																																																																																																	CREATES -> service1
																																																																																																																																																																																																																																																																																																																		CREATES -> service2
																																																																																																																																																																																																																																																																																																																			CREATES -> service1
																																																																																																																																																																																																																																																																																																																				CREATES -> service2
																																																																																																																																																																																																																																																																																																																					CREATES -> service1
																																																																																																																																																																																																																																																																																																																						CREATES -> service2
																																																																																																																																																																																																																																																																																																																							CREATES -> service1
																																																																																																																																																																																																																																																																																																																								CREATES -> service2
																																																																																																																																																																																																																																																																																																																									CREATES -> service1
																																																																																																																																																																																																																																																																																																																										CREATES -> service2
																																																																																																																																																																																																																																																																																																																											CREATES -> service1
																																																																																																																																																																																																																																																																																																																												CREATES -> service2
																																																																																																																																																																																																																																																																																																																													CREATES -> service1
																																																																																																																																																																																																																																																																																																																														CREATES -> service2
																																																																																																																																																																																																																																																																																																																															CREATES -> service1
																																																																																																																																																																																																																																																																																																																																CREATES -> service2
																																																																																																																																																																																																																																																																																																																																	CREATES -> service1
																																																																																																																																																																																																																																																																																																																																		CREATES -> service2
																																																																																																																																																																																																																																																																																																																																			CREATES -> service1
																																																																																																																																																																																																																																																																																																																																				CREATES -> service2
																																																																																																																																																																																																																																																																																																																																					CREATES -> service1
																																																																																																																																																																																																																																																																																																																																						CREATES -> service2
																																																																																																																																																																																																																																																																																																																																							CREATES -> service1
																																																																																																																																																																																																																																																																																																																																								CREATES -> service2
																																																																																																																																																																																																																																																																																																																																									CREATES -> service1
																																																																																																																																																																																																																																																																																																																																										CREATES -> service2
																																																																																																																																																																																																																																																																																																																																											CREATES -> service1
																																																																																																																																																																																																																																																																																																																																												CREATES -> service2
																																																																																																																																																																																																																																																																																																																																													CREATES -> service1
																																																																																																																																																																																																																																																																																																																																														CREATES -> service2
																																																																																																																																																																																																																																																																																																																																															CREATES -> service1
																																																																																																																																																																																																																																																																																																																																																CREATES -> service2
																																																																																																																																																																																																																																																																																																																																																	CREATES -> service1
																																																																																																																																																																																																																																																																																																																																																		CREATES -> service2
																																																																																																																																																																																																																																																																																																																																																			CREATES -> service1
																																																																																																																																																																																																																																																																																																																																																				CREATES -> service2
																																																																																																																																																																																																																																																																																																																																																					CREATES -> service1
																																																																																																																																																																																																																																																																																																																																																						CREATES -> service2
																																																																																																																																																																																																																																																																																																																																																							CREATES -> service1
																																																																																																																																																																																																																																																																																																																																																								CREATES -> service2
																																																																																																																																																																																																																																																																																																																																																									CREATES -> service1
																																																																																																																																																																																																																																																																																																																																																										CREATES -> service2
																																																																																																																																																																																																																																																																																																																																																											CREATES -> service1
																																																																																																																																																																																																																																																																																																																																																												CREATES -> service2
																																																																																																																																																																																																																																																																																																																																																													CREATES -> service1
																																																																																																																																																																																																																																																																																																																																																														CREATES -> service2
																																																																																																																																																																																																																																																																																																																																																															CREATES -> service1
																																																																																																																																																																																																																																																																																																																																																																CREATES -> service2
																																																																																																																																																																																																																																																																																																																																																																	CREATES -> service1
																																																																																																																																																																																																																																																																																																																																																																		CREATES -> service2
																																																																																																																																																																																																																																																																																																																																																																			CREATES -> service1
																																																																																																																																																																																																																																																																																																																																																																				CREATES -> service2
																																																																																																																																																																																																																																																																																																																																																																					CREATES -> service1
																																																																																																																																																																																																																																																																																																																																																																						CREATES -> service2
																																																																																																																																																																																																																																																																																																																																																																							CREATES -> service1
																																																																																																																																																																																																																																																																																																																																																																								CREATES -> service2
																																																																																																																																																																																																																																																																																																																																																																									CREATES -> service1
																																																																																																																																																																																																																																																																																																																																																																										CREATES -> service2
																																																																																																																																																																																																																																																																																																																																																																											CREATES -> service1
																																																																																																																																																																																																																																																																																																																																																																												CREATES -> service2
																																																																																																																																																																																																																																																																																																																																																																													CREATES -> service1
																																																																																																																																																																																																																																																																																																																																																																														CREATES -> service2
																																																																																																																																																																																																																																																																																																																																																																															CREATES -> service1
																																																																																																																																																																																																																																																																																																																																																																																CREATES -> service2
																																																																																																																																																																																																																																																																																																																																																																																	CREATES -> service1
																																																																																																																																																																																																																																																																																																																																																																																		CREATES -> service2
																																																																																																																																																																																																																																																																																																																																																																																			CREATES -> service1
																																																																																																																																																																																																																																																																																																																																																																																				CREATES -> service2
																																																																																																																																																																																																																																																																																																																																																																																					CREATES -> service1
																																																																																																																																																																																																																																																																																																																																																																																						CREATES -> service2
																																																																																																																																																																																																																																																																																																																																																																																							CREATES -> service1
																																																																																																																																																																																																																																																																																																																																																																																								CREATES -> service2
																																																																																																																																																																																																																																																																																																																																																																																									CREATES -> service1
																																																																																																																																																																																																																																																																																																																																																																																										CREATES -> service2
																																																																																																																																																																																																																																																																																																																																																																																											CREATES -> service1
																																																																																																																																																																																																																																																																																																																																																																																												CREATES -> service2
																																																																																																																																																																																																																																																																																																																																																																																													CREATES -> service1
																																																																																																																																																																																																																																																																																																																																																																																														CREATES -> service2
																																																																																																																																																																																																																																																																																																																																																																																															CREATES -> service1
																																																																																																																																																																																																																																																																																																																																																																																																CREATES -> service2
																																																																																																																																																																																																																																																																																																																																																																																																	CREATES -> service1
																																																																																																																																																																																																																																																																																																																																																																																																		CREATES -> service2
																																																																																																																																																																																																																																																																																																																																																																																																			CREATES -> service1
																																																																																																																																																																																																																																																																																																																																																																																																				CREATES -> service2
																																																																																																																																																																																																																																																																																																																																																																																																					CREATES -> service1
																																																																																																																																																																																																																																																																																																																																																																																																						CREATES -> service2
																																																																																																																																																																																																																																																																																																																																																																																																							CREATES -> service1
																																																																																																																																																																																																																																																																																																																																																																																																								CREATES -> service2
																																																																																																																																																																																																																																																																																																																																																																																																									CREATES -> service1
																																																																																																																																																																																																																																																																																																																																																																																																										CREATES -> service2
																																																																																																																																																																																																																																																																																																																																																																																																											CREATES -> service1
																																																																																																																																																																																																																																																																																																																																																																																																												CREATES -> service2
																																																																																																																																																																																																																																																																																																																																																																																																													CREATES -> service1
																																																																																																																																																																																																																																																																																																																																																																																																														CREATES -> service2
																																																																																																																																																																																																																																																																																																																																																																																																															CREATES -> service1
																																																																																																																																																																																																																																																																																																																																																																																																																CREATES -> service2
																																																																																																																																																																																																																																																																																																																																																																																																																	CREATES -> service1
																																																																																																																																																																																																																																																																																																																																																																																																																		CREATES -> service2
																																																																																																																																																																																																																																																																																																																																																																																																																			CREATES -> service1
																																																																																																																																																																																																																																																																																																																																																																																																																				CREATES -> service2
																																																																																																																																																																																																																																																																																																																																																																																																																					CREATES -> service1
																																																																																																																																																																																																																																																																																																																																																																																																																						CREATES -> service2
																																																																																																																																																																																																																																																																																																																																																																																																																							CREATES -> service1
																																																																																																																																																																																																																																																																																																																																																																																																																								CREATES -> service2
																																																																																																																																																																																																																																																																																																																																																																																																																									CREATES -> service1
																																																																																																																																																																																																																																																																																																																																																																																																																										CREATES -> service2
																																																																																																																																																																																																																																																																																																																																																																																																																											CREATES -> service1
																																																																																																																																																																																																																																																																																																																																																																																																																												CREATES -> service2
																																																																																																																																																																																																																																																																																																																																																																																																																													CREATES -> service1
																																																																																																																																																																																																																																																																																																																																																																																																																														CREATES -> service2
																																																																																																																																																																																																																																																																																																																																																																																																																															CREATES -> service1
																																																																																																																																																																																																																																																																																																																																																																																																																																CREATES -> service2
																																																																																																																																																																																																																																																																																																																																																																																																																																	CREATES -> service1
																																																																																																																																																																																																																																																																																																																																																																																																																																		CREATES -> service2
																																																																																																																																																																																																																																																																																																																																																																																																																																			CREATES -> service1
																																																																																																																																																																																																																																																																																																																																																																																																																																				CREATES -> service2
																																																																																																																																																																																																																																																																																																																																																																																																																																					CREATES -> service1
																																																																																																																																																																																																																																																																																																																																																																																																																																						CREATES -> service2
																																																																																																																																																																																																																																																																																																																																																																																																																																							CREATES -> service1
																																																																																																																																																																																																																																																																																																																																																																																																																																								CREATES -> service2
																																																																																																																																																																																																																																																																																																																																																																																																																																									CREATES -> service1
																																																																																																																																																																																																																																																																																																																																																																																																																																										CREATES -> service2
																																																																																																																																																																																																																																																																																																																																																																																																																																											CREATES -> service1
																																																																																																																																																																																																																																																																																																																																																																																																																																												CREATES -> service2
																																																																																																																																																																																																																																																																																																																																																																																																																																													CREATES -> service1
																																																																																																																																																																																																																																																																																																																																																																																																																																														CREATES -> service2
																																																																																																																																																																																																																																																																																																																																																																																																																																															CREATES -> service1
																																																																																																																																																																																																																																																																																																																																																																																																																																																CREATES -> service2
																																																																																																																																																																																																																																																																																																																																																																																																																																																	CREATES -> service1
																																																																																																																																																																																																																																																																																																																																																																																																																																																		CREATES -> service2
																																																																																																																																																																																																																																																																																																																																																																																																																																																			CREATES -> service1
																																																																																																																																																																																																																																																																																																																																																																																																																																																				CREATES -> service2
																																																																																																																																																																																																																																																																																																																																																																																																																																																					CREATES -> service1
																																																																																																																																																																																																																																																																																																																																																																																																																																																						CREATES -> service2
																																																																																																																																																																																																																																																																																																																																																																																																																																																							CREATES -> service1
																																																																																																																																																																																																																																																																																																																																																																																																																																																								CREATES -> service2
																																																																																																																																																																																																																																																																																																																																																																																																																																																									CREATES -> service1
																																																																																																																																																																																																																																																																																																																																																																																																																																																										CREATES -> service2
																																																																																																																																																																																																																																																																																																																																																																																																																																																											CREATES -> service1
																																																																																																																																																																																																																																																																																																																																																																																																																																																												CREATES -> service2
																																																																																																																																																																																																																																																																																																																																																																																																																																																													CREATES -> service1
																																																																																																																																																																																																																																																																																																																																																																																																																																																														CREATES -> service2
																																																																																																																																																																																																																																																																																																																																																																																																																																																															CREATES -> service1
																																																																																																																																																																																																																																																																																																																																																																																																																																																																CREATES -> service2
																																																																																																																																																																																																																																																																																																																																																																																																																																																																	CREATES -> service1
																																																																																																																																																																																																																																																																																																																																																																																																																																																																		CREATES -> service2
																																																																																																																																																																																																																																																																																																																																																																																																																																																																			CREATES -> service1
																																																																																																																																																																																																																																																																																																																																																																																																																																																																				CREATES -> service2
																																																																																																																																																																																																																																																																																																																																																																																																																																																																					CREATES -> service1
																																																																																																																																																																																																																																																																																																																																																																																																																																																																						CREATES -> service2
																																																																																																																																																																																																																																																																																																																																																																																																																																																																							CREATES -> service1
																																																																																																																																																																																																																																																																																																																																																																																																																																																																								CREATES -> service2
																																																																																																																																																																																																																																																																																																																																																																																																																																																																									CREATES -> service1
																																																																																																																																																																																																																																																																																																																																																																																																																																																																										CREATES -> service2
																																																																																																																																																																																																																																																																																																																																																																																																																																																																											CREATES -> service1
																																																																																																																																																																																																																																																																																																																																																																																																																																																																												CREATES -> service2
																																																																																																																																																																																																																																																																																																																																																																																																																																																																													CREATES -> service1
																																																																																																																																																																																																																																																																																																																																																																																																																																																																														CREATES -> service2
																																																																																																																																																																																																																																																																																																																																																																																																																																																																															CREATES -> service1
																																																																																																																																																																																																																																																																																																																																																																																																																																																																																CREATES -> service2
																																																																																																																																																																																																																																																																																																																																																																																																																																																																																	CREATES -> service1
																																																																																																																																																																																																																																																																																																																																																																																																																																																																																		CREATES -> service2
																																																																																																																																																																																																																																																																																																																																																																																																																																																																																			CREATES -> service1
																																																																																																																																																																																																																																																																																																																																																																																																																																																																																				CREATES -> service2
																																																																																																																																																																																																																																																																																																																																																																																																																																																																																					CREATES -> service1
																																																																																																																																																																																																																																																																																																																																																																																																																																																																																						CREATES -> service2
																																																																																																																																																																																																																																																																																																																																																																																																																																																																																							CREATES -> service1
																																																																																																																																																																																																																																																																																																																																																																																																																																																																																								CREATES -> service2
																																																																																																																																																																																																																																																																																																																																																																																																																																																																																									CREATES -> service1
																																																																																																																																																																																																																																																																																																																																																																																																																																																																																										CREATES -> service2
																																																																																																																																																																																																																																																																																																																																																																																																																																																																																											CREATES -> service1
																																																																																																																																																																																																																																																																																																																																																																																																																																																																																												CREATES -> service2
																																																																																																																																																																																																																																																																																																																																																																																																																																																																																													CREATES -> service1
																																																																																																																																																																																																																																																																																																																																																																																																																																																																																														CREATES -> service2
																																																																																																																																																																																																																																																																																																																																																																																																																																																																																															CREATES -> service1
																																																																																																																																																																																																																																																																																																																																																																																																																																																																																																CREATES -> service2
																																																																																																																																																																																																																																																																																																																																																																																																																																																																																																	CREATES -> service1
																																																																																																																																																																																																																																																																																																																																																																																																																																																																																																		CREATES -> service2
																																																																																																																																																																																																																																																																																																																																																																																																																																																																																																			CREATES -> service1
																																																																																																																																																																																																																																																																																																																																																																																																																																																																																																				CREATES -> service2
																																																																																																																																																																																																																																																																																																																																																																																																																																																																																																					CREATES -> service1
																																																																																																																																																																																																																																																																																																																																																																																																																																																																																																						CREATES -> service2
																																																																																																																																																																																																																																																																																																																																																																																																																																																																																																							CREATES -> service1
																																																																																																																																																																																																																																																																																																																																																																																																																																																																																																								CREATES -> service2
																																																																																																																																																																																																																																																																																																																																																																																																																																																																																																									CREATES -> service1
																																																																																																																																																																																																																																																																																																																																																																																																																																																																																																										CREATES -> service2
																																																																																																																																																																																																																																																																																																																																																																																																																																																																																																											CREATES -> service1
																																																																																																																																																																																																																																																																																																																																																																																																																																																																																																												CREATES -> service2
																																																																																																																																																																																																																																																																																																																																																																																																																																																																																																													CREATES -> service1
																																																																																																																																																																																																																																																																																																																																																																																																																																																																																																														CREATES -> service2
																																																																																																																																																																																																																																																																																																																																																																																																																																																																																																															CREATES -> service1
																																																																																																																																																																																																																																																																																																																																																																																																																																																																																																																CREATES -> service2
																																																																																																																																																																																																																																																																																																																																																																																																																																																																																																																	CREATES -> service1
																																																																																																																																																																																																																																																																																																																																																																																																																																																																																																																		CREATES -> service2
																																																																																																																																																																																																																																																																																																																																																																																																																																																																																																																			CREATES -> service1
																																																																																																																																																																																																																																																																																																																																																																																																																																																																																																																				CREATES -> service2
																																																																																																																																																																																																																																																																																																																																																																																																																																																																																																																					CREATES -> service1
																																																																																																																																																																																																																																																																																																																																																																																																																																																																																																																						CREATES -> service2
																																																																																																																																																																																																																																																																																																																																																																																																																																																																																																																							CREATES -> service1
																																																																																																																																																																																																																																																																																																																																																																																																																																																																																																																								CREATES -> service2
																																																																																																																																																																																																																																																																																																																																																																																																																																																																																																																									CREATES -> service1
																																																																																																																																																																																																																																																																																																																																																																																																																																																																																																																										CREATES -> service2
																																																																																																																																																																																																																																																																																																																																																																																																																																																																																																																											CREATES -> service1
																																																																																																																																																																																																																																																																																																																																																																																																																																																																																																																												CREATES -> service2
																																																																																																																																																																																																																																																																																																																																																																																																																																																																																																																													CREATES -> service1
																																																																																																																																																																																																																																																																																																																																																																																																																																																																																																																														CREATES -> service2
																																																																																																																																																																																																																																																																																																																																																																																																																																																																																																																															CREATES -> service1
																																																																																																																																																																																																																																																																																																																																																																																																																																																																																																																																CREATES -> service2
																																																																																																																																																																																																																																																																																																																																																																																																																																																																																																																																	CREATES -> service1
																																																																																																																																																																																																																																																																																																																																																																																																																																																																																																																																		CREATES -> service2
																																																																																																																																																																																																																																																																																																																																																																																																																																																																																																																																			CREATES -> service1
																																																																																																																																																																																																																																																																																																																																																																																																																																																																																																																																				CREATES -> service2
																																																																																																																																																																																																																																																																																																																																																																																																																																																																																																																																					CREATES -> service1
																																																																																																																																																																																																																																																																																																																																																																																																																																																																																																																																						CREATES -> service2
																																																																																																																																																																																																																																																																																																																																																																																																																																																																																																																																							CREATES -> service1
																																																																																																																																																																																																																																																																																																																																																																																																																																																																																																																																								CREATES -> service2
																																																																																																																																																																																																																																																																																																																																																																																																																																																																																																																																									CREATES -> service1
																																																																																																																																																																																																																																																																																																																																																																																																																																																																																																																																										CREATES -> service2
																																																																																																																																																																																																																																																																																																																																																																																																																																																																																																																																											CREATES -> service1
																																																																																																																																																																																																																																																																																																																																																																																																																																																																																																																																												CREATES -> service2
																																																																																																																																																																																																																																																																																																																																																																																																																																																																																																																																													CREATES -> service1
																																																																																																																																																																																																																																																																																																																																																																																																																																																																																																																																														CREATES -> service2
																																																																																																																																																																																																																																																																																																																																																																																																																																																																																																																																															CREATES -> service1
																																																																																																																																																																																																																																																																																																																																																																																																																																																																																																																																																CREATES -> service2
																																																																																																																																																																																																																																																																																																																																																																																																																																																																																																																																																	CREATES -> service1
																																																																																																																																																																																																																																																																																																																																																																																																																																																																																																																																																		CREATES -> service2
																																																																																																																																																																																																																																																																																																																																																																																																																																																																																																																																																			CREATES -> service1
																																																																																																																																																																																																																																																																																																																																																																																																																																																																																																																																																				CREATES -> service2
																																																																																																																																																																																																																																																																																																																																																																																																																																																																																																																																																					CREATES -> service1
																																																																																																																																																																																																																																																																																																																																																																																																																																																																																																																																																						CREATES -> service2
																																																																																																																																																																																																																																																																																																																																																																																																																																																																																																																																																							CREATES -> service1
																																																																																																																																																																																																																																																																																																																																																																																																																																																																																																																																																								CREATES -> service2
																																																																																																																																																																																																																																																																																																																																																																																																																																																																																																																																																									CREATES -> service1
																																																																																																																																																																																																																																																																																																																																																																																																																																																																																																																																																										CREATES -> service2
																																																																																																																																																																																																																																																																																																																																																																																																																																																																																																																																																											CREATES -> service1
																																																																																																																																																																																																																																																																																																																																																																																																																																																																																																																																																												CREATES -> service2
																																																																																																																																																																																																																																																																																																																																																																																																																																																																																																																																																													CREATES -> service1
																																																																																																																																																																																																																																																																																																																																																																																																																																																																																																																																																														CREATES -> service2
																																																																																																																																																																																																																																																																																																																																																																																																																																																																																																																																																															CREATES -> service1
																																																																																																																																																																																																																																																																																																																																																																																																																																																																																																																																																																CREATES -> service2
																																																																																																																																																																																																																																																																																																																																																																																																																																																																																																																																																																	CREATES -> service1
																																																																																																																																																																																																																																																																																																																																																																																																																																																																																																																																																																		CREATES -> service2
																																																																																																																																																																																																																																																																																																																																																																																																																																																																																																																																																																			CREATES -> service1
																																																																																																																																																																																																																																																																																																																																																																																																																																																																																																																																																																				CREATES -> service2
																																																																																																																																																																																																																																																																																																																																																																																																																																																																																																																																																																					CREATES -> service1
																																																																																																																																																																																																																																																																																																																																																																																																																																																																																																																																																																						CREATES -> service2
																																																																																																																																																																																																																																																																																																																																																																																																																																																																																																																																																																							CREATES -> service1
																																																																																																																																																																																																																																																																																																																																																																																																																																																																																																																																																																								CREATES -> service2
																																																																																																																																																																																																																																																																																																																																																																																																																																																																																																																																																																									CREATES -> service1
																																																																																																																																																																																																																																																																																																																																																																																																																																																																																																																																																																										CREATES -> service2
																																																																																																																																																																																																																																																																																																																																																																																																																																																																																																																																																																											CREATES -> service1
																																																																																																																																																																																																																																																																																																																																																																																																																																																																																																																																																																												CREATES -> service2
																																																																																																																																																																																																																																																																																																																																																																																																																																																																																																																																																																													CREATES -> service1
																																																																																																																																																																																																																																																																																																																																																																																																																																																																																																																																																																														CREATES -> service2
																																																																																																																																																																																																																																																																																																																																																																																																																																																																																																																																																																															CREATES -> service1
																																																																																																																																																																																																																																																																																																																																																																																																																																																																																																																																																																																CREATES -> service2
																																																																																																																																																																																																																																																																																																																																																																																																																																																																																																																																																																																	CREATES -> service1
																																																																																																																																																																																																																																																																																																																																																																																																																																																																																																																																																																																		CREATES -> service2
																																																																																																																																																																																																																																																																																																																																																																																																																																																																																																																																																																																			CREATES -> service1
																																																																																																																																																																																																																																																																																																																																																																																																																																																																																																																																																																																				CREATES -> service2
																																																																																																																																																																																																																																																																																																																																																																																																																																																																																																																																																																																					CREATES -> service1
																																																																																																																																																																																																																																																																																																																																																																																																																																																																																																																																																																																						CREATES -> service2
																																																																																																																																																																																																																																																																																																																																																																																																																																																																																																																																																																																							CREATES -> service1
																																																																																																																																																																																																																																																																																																																																																																																																																																																																																																																																																																																								CREATES -> service2
																																																																																																																																																																																																																																																																																																																																																																																																																																																																																																																																																																																									CREATES -> service1
																																																																																																																																																																																																																																																																																																																																																																																																																																																																																																																																																																																										CREATES -> service2
																																																																																																																																																																																																																																																																																																																																																																																																																																																																																																																																																																																											CREATES -> service1
																																																																																																																																																																																																																																																																																																																																																																																																																																																																																																																																																																																												CREATES -> service2
																																																																																																																																																																																																																																																																																																																																																																																																																																																																																																																																																																																													CREATES -> service1
																																																																																																																																																																																																																																																																																																																																																																																																																																																																																																																																																																																														CREATES -> service2
																																																																																																																																																																																																																																																																																																																																																																																																																																																																																																																																																																																															CREATES -> service1
																																																																																																																																																																																																																																																																																																																																																																																																																																																																																																																																																																																																CREATES -> service2
																																																																																																																																																																																																																																																																																																																																																																																																																																																																																																																																																																																																	CREATES -> service1
																																																																																																																																																																																																																																																																																																																																																																																																																																																																																																																																																																																																		CREATES -> service2
																																																																																																																																																																																																																																																																																																																																																																																																																																																																																																																																																																																																			CREATES -> service1
																																																																																																																																																																																																																																																																																																																																																																																																																																																																																																																																																																																																				CREATES -> service2
																																																																																																																																																																																																																																																																																																																																																																																																																																																																																																																																																																																																					CREATES -> service1
																																																																																																																																																																																																																																																																																																																																																																																																																																																																																																																																																																																																						CREATES -> service2
																																																																																																																																																																																																																																																																																																																																																																																																																																																																																																																																																																																																							CREATES -> service1
																																																																																																																																																																																																																																																																																																																																																																																																																																																																																																																																																																																																								CREATES -> service2
																																																																																																																																																																																																																																																																																																																																																																																																																																																																																																																																																																																																									CREATES -> service1
																																																																																																																																																																																																																																																																																																																																																																																																																																																																																																																																																																																																										CREATES -> service2
																																																																																																																																																																																																																																																																																																																																																																																																																																																																																																																																																																																																											CREATES -> service1
																																																																																																																																																																																																																																																																																																																																																																																																																																																																																																																																																																																																												CREATES -> service2
																																																																																																																																																																																																																																																																																																																																																																																																																																																																																																																																																																																																													CREATES -> service1
																																																																																																																																																																																																																																																																																																																																																																																																																																																																																																																																																																																																														CREATES -> service2
																																																																																																																																																																																																																																																																																																																																																																																																																																																																																																																																																																																																															CREATES -> service1
																																																																																																																																																																																																																																																																																																																																																																																																																																																																																																																																																																																																																CREATES -> service2
																																																																																																																																																																																																																																																																																																																																																																																																																																																																																																																																																																																																																	CREATES -> service1
																																																																																																																																																																																																																																																																																																																																																																																																																																																																																																																																																																																																																		CREATES -> service2
																																																																																																																																																																																																																																																																																																																																																																																																																																																																																																																																																																																																																			CREATES -> service1
																																																																																																																																																																																																																																																																																																																																																																																																																																																																																																																																																																																																																				CREATES -> service2
																																																																																																																																																																																																																																																																																																																																																																																																																																																																																																																																																																																																																					CREATES -> service1
																																																																																																																																																																																																																																																																																																																																																																																																																																																																																																																																																																																																																						CREATES -> service2
																																																																																																																																																																																																																																																																																																																																																																																																																																																																																																																																																																																																																							CREATES -> service1
																																																																																																																																																																																																																																																																																																																																																																																																																																																																																																																																																																																																																								CREATES -> service2
																																																																																																																																																																																																																																																																																																																																																																																																																																																																																																																																																																																																																									CREATES -> service1
																																																																																																																																																																																																																																																																																																																																																																																																																																																																																																																																																																																																																										CREATES -> service2
																																																																																																																																																																																																																																																																																																																																																																																																																																																																																																																																																																																																																											CREATES -> service1
																																																																																																																																																																																																																																																																																																																																																																																																																																																																																																																																																																																																																												CREATES -> service2
																																																																																																																																																																																																																																																																																																																																																																																																																																																																																																																																																																																																																													CREATES -> service1
																																																																																																																																																																																																																																																																																																																																																																																																																																																																																																																																																																																																																														CREATES -> service2
																																																																																																																																																																																																																																																																																																																																																																																																																																																																																																																																																																																																																															CREATES -> service1
																																																																																																																																																																																																																																																																																																																																																																																																																																																																																																																																																																																																																																CREATES -> service2
																																																																																																																																																																																																																																																																																																																																																																																																																																																																																																																																																																																																																																	CREATES -> service1
																																																																																																																																																																																																																																																																																																																																																																																																																																																																																																																																																																																																																																		CREATES -> service2
																																																																																																																																																																																																																																																																																																																																																																																																																																																																																																																																																																																																																																			CREATES -> service1
																																																																																																																																																																																																																																																																																																																																																																																																																																																																																																																																																																																																																																				CREATES -> service2
																																																																																																																																																																																																																																																																																																																																																																																																																																																																																																																																																																																																																																					CREATES -> service1
																																																																																																																																																																																																																																																																																																																																																																																																																																																																																																																																																																																																																																						CREATES -> service2
																																																																																																																																																																																																																																																																																																																																																																																																																																																																																																																																																																																																																																							CREATES -> service1
																																																																																																																																																																																																																																																																																																																																																																																																																																																																																																																																																																																																																																								CREATES -> service2
																																																																																																																																																																																																																																																																																																																																																																																																																																																																																																																																																																																																																																									CREATES -> service1
																																																																																																																																																																																																																																																																																																																																																																																																																																																																																																																																																																																																																																										CREATES -> service2
																																																																																																																																																																																																																																																																																																																																																																																																																																																																																																																																																																																																																																											CREATES -> service1
																																																																																																																																																																																																																																																																																																																																																																																																																																																																																																																																																																																																																																												CREATES -> service2
																																																																																																																																																																																																																																																																																																																																																																																																																																																																																																																																																																																																																																													CREATES -> service1
																																																																																																																																																																																																																																																																																																																																																																																																																																																																																																																																																																																																																																														CREATES -> service2
																																																																																																																																																																																																																																																																																																																																																																																																																																																																																																																																																																																																																																															CREATES -> service1
																																																																																																																																																																																																																																																																																																																																																																																																																																																																																																																																																																																																																																																CREATES -> service2
																																																																																																																																																																																																																																																																																																																																																																																																																																																																																																																																																																																																																																																	CREATES -> service1
																																																																																																																																																																																																																																																																																																																																																																																																																																																																																																																																																																																																																																																		CREATES -> service2
																																																																																																																																																																																																																																																																																																																																																																																																																																																																																																																																																																																																																																																			CREATES -> service1
																																																																																																																																																																																																																																																																																																																																																																																																																																																																																																																																																																																																																																																				CREATES -> service2
																																																																																																																																																																																																																																																																																																																																																																																																																																																																																																																																																																																																																																																					CREATES -> service1
																																																																																																																																																																																																																																																																																																																																																																																																																																																																																																																																																																																																																																																						CREATES -> service2
																																																																																																																																																																																																																																																																																																																																																																																																																																																																																																																																																																																																																																																							CREATES -> service1
																																																																																																																																																																																																																																																																																																																																																																																																																																																																																																																																																																																																																																																								CREATES -> service2
																																																																																																																																																																																																																																																																																																																																																																																																																																																																																																																																																																																																																																																									CREATES -> service1
																																																																																																																																																																																																																																																																																																																																																																																																																																																																																																																																																																																																																																																										CREATES -> service2
																																																																																																																																																																																																																																																																																																																																																																																																																																																																																																																																																																																																																																																											CREATES -> service1
																																																																																																																																																																																																																																																																																																																																																																																																																																																																																																																																																																																																																																																												CREATES -> service2
																																																																																																																																																																																																																																																																																																																																																																																																																																																																																																																																																																																																																																																													CREATES -> service1
																																																																																																																																																																																																																																																																																																																																																																																																																																																																																																																																																																																																																																																														CREATES -> service2
																																																																																																																																																																																																																																																																																																																																																																																																																																																																																																																																																																																																																																																															CREATES -> service1
																																																																																																																																																																																																																																																																																																																																																																																																																																																																																																																																																																																																																																																																CREATES -> service2
																																																																																																																																																																																																																																																																																																																																																																																																																																																																																																																																																																																																																																																																	CREATES -> service1
																																																																																																																																																																																																																																																																																																																																																																																																																																																																																																																																																																																																																																																																		CREATES -> service2
																																																																																																																																																																																																																																																																																																																																																																																																																																																																																																																																																																																																																																																																			CREATES -> service1
																																																																																																																																																																																																																																																																																																																																																																																																																																																																																																																																																																																																																																																																				CREATES -> service2
																																																																																																																																																																																																																																																																																																																																																																																																																																																																																																																																																																																																																																																																					CREATES -> service1
																																																																																																																																																																																																																																																																																																																																																																																																																																																																																																																																																																																																																																																																						CREATES -> service2
																																																																																																																																																																																																																																																																																																																																																																																																																																																																																																																																																																																																																																																																							CREATES -> service1
																																																																																																																																																																																																																																																																																																																																																																																																																																																																																																																																																																																																																																																																								CREATES -> service2
																																																																																																																																																																																																																																																																																																																																																																																																																																																																																																																																																																																																																																																																									CREATES -> service1
																																																																																																																																																																																																																																																																																																																																																																																																																																																																																																																																																																																																																																																																										CREATES -> service2
																																																																																																																																																																																																																																																																																																																																																																																																																																																																																																																																																																																																																																																																											CREATES -> service1
																																																																																																																																																																																																																																																																																																																																																																																																																																																																																																																																																																																																																																																																												CREATES -> service2
																																																																																																																																																																																																																																																																																																																																																																																																																																																																																																																																																																																																																																																																													CREATES -> service1
																																																																																																																																																																																																																																																																																																																																																																																																																																																																																																																																																																																																																																																																														CREATES -> service2
																																																																																																																																																																																																																																																																																																																																																																																																																																																																																																																																																																																																																																																																															CREATES -> service1
																																																																																																																																																																																																																																																																																																																																																																																																																																																																																																																																																																																																																																																																																CREATES -> service2
																																																																																																																																																																																																																																																																																																																																																																																																																																																																																																																																																																																																																																																																																	CREATES -> service1
																																																																																																																																																																																																																																																																																																																																																																																																																																																																																																																																																																																																																																																																																		CREATES -> service2
																																																																																																																																																																																																																																																																																																																																																																																																																																																																																																																																																																																																																																																																																			CREATES -> service1
																																																																																																																																																																																																																																																																																																																																																																																																																																																																																																																																																																																																																																																																																				CREATES -> service2
																																																																																																																																																																																																																																																																																																																																																																																																																																																																																																																																																																																																																																																																																					CREATES -> service1
																																																																																																																																																																																																																																																																																																																																																																																																																																																																																																																																																																																																																																																																																						CREATES -> service2
																																																																																																																																																																																																																																																																																																																																																																																																																																																																																																																																																																																																																																																																																							CREATES -> service1
																																																																																																																																																																																																																																																																																																																																																																																																																																																																																																																																																																																																																																																																																								CREATES -> service2
																																																																																																																																																																																																																																																																																																																																																																																																																																																																																																																																																																																																																																																																																									CREATES -> service1
																																																																																																																																																																																																																																																																																																																																																																																																																																																																																																																																																																																																																																																																																										CREATES -> service2
																																																																																																																																																																																																																																																																																																																																																																																																																																																																																																																																																																																																																																																																																											CREATES -> service1
																																																																																																																																																																																																																																																																																																																																																																																																																																																																																																																																																																																																																																																																																												CREATES -> service2
																																																																																																																																																																																																																																																																																																																																																																																																																																																																																																																																																																																																																																																																																													CREATES -> service1
																																																																																																																																																																																																																																																																																																																																																																																																																																																																																																																																																																																																																																																																																														CREATES -> service2
																																																																																																																																																																																																																																																																																																																																																																																																																																																																																																																																																																																																																																																																																															CREATES -> service1
																																																																																																																																																																																																																																																																																																																																																																																																																																																																																																																																																																																																																																																																																																CREATES -> service2
																																																																																																																																																																																																																																																																																																																																																																																																																																																																																																																																																																																																																																																																																																	CREATES -> service1
																																																																																																																																																																																																																																																																																																																																																																																																																																																																																																																																																																																																																																																																																																		CREATES -> service2
																																																																																																																																																																																																																																																																																																																																																																																																																																																																																																																																																																																																																																																																																																			CREATES -> service1
																																																																																																																																																																																																																																																																																																																																																																																																																																																																																																																																																																																																																																																																																																				CREATES -> service2
																																																																																																																																																																																																																																																																																																																																																																																																																																																																																																																																																																																																																																																																																																					CREATES -> service1
																																																																																																																																																																																																																																																																																																																																																																																																																																																																																																																																																																																																																																																																																																						CREATES -> service2
																																																																																																																																																																																																																																																																																																																																																																																																																																																																																																																																																																																																																																																																																																							CREATES -> service1
																																																																																																																																																																																																																																																																																																																																																																																																																																																																																																																																																																																																																																																																																																								CREATES -> service2
																																																																																																																																																																																																																																																																																																																																																																																																																																																																																																																																																																																																																																																																																																									CREATES -> service1
																																																																																																																																																																																																																																																																																																																																																																																																																																																																																																																																																																																																																																																																																																										CREATES -> service2
																																																																																																																																																																																																																																																																																																																																																																																																																																																																																																																																																																																																																																																																																																											CREATES -> service1
																																																																																																																																																																																																																																																																																																																																																																																																																																																																																																																																																																																																																																																																																																												CREATES -> service2
																																																																																																																																																																																																																																																																																																																																																																																																																																																																																																																																																																																																																																																																																																													CREATES -> service1
																																																																																																																																																																																																																																																																																																																																																																																																																																																																																																																																																																																																																																																																																																														CREATES -> service2
																																																																																																																																																																																																																																																																																																																																																																																																																																																																																																																																																																																																																																																																																																															CREATES -> service1
																																																																																																																																																																																																																																																																																																																																																																																																																																																																																																																																																																																																																																																																																																																CREATES -> service2
																																																																																																																																																																																																																																																																																																																																																																																																																																																																																																																																																																																																																																																																																																																	CREATES -> service1
																																																																																																																																																																																																																																																																																																																																																																																																																																																																																																																																																																																																																																																																																																																		CREATES -> service2
																																																																																																																																																																																																																																																																																																																																																																																																																																																																																																																																																																																																																																																																																																																			CREATES -> service1
																																																																																																																																																																																																																																																																																																																																																																																																																																																																																																																																																																																																																																																																																																																				CREATES -> service2
																																																																																																																																																																																																																																																																																																																																																																																																																																																																																																																																																																																																																																																																																																																					CREATES -> service1
																																																																																																																																																																																																																																																																																																																																																																																																																																																																																																																																																																																																																																																																																																																						CREATES -> service2
																																																																																																																																																																																																																																																																																																																																																																																																																																																																																																																																																																																																																																																																																																																							CREATES -> service1
																																																																																																																																																																																																																																																																																																																																																																																																																																																																																																																																																																																																																																																																																																																								CREATES -> service2
																																																																																																																																																																																																																																																																																																																																																																																																																																																																																																																																																																																																																																																																																																																									CREATES -> service1
																																																																																																																																																																																																																																																																																																																																																																																																																																																																																																																																																																																																																																																																																																																										CREATES -> service2
																																																																																																																																																																																																																																																																																																																																																																																																																																																																																																																																																																																																																																																																																																																											CREATES -> service1
																																																																																																																																																																																																																																																																																																																																																																																																																																																																																																																																																																																																																																																																																																																												CREATES -> service2
																																																																																																																																																																																																																																																																																																																																																																																																																																																																																																																																																																																																																																																																																																																													CREATES -> service1
																																																																																																																																																																																																																																																																																																																																																																																																																																																																																																																																																																																																																																																																																																																														CREATES -> service2
																																																																																																																																																																																																																																																																																																																																																																																																																																																																																																																																																																																																																																																																																																																															CREATES -> service1
																																																																																																																																																																																																																																																																																																																																																																																																																																																																																																																																																																																																																																																																																																																																CREATES -> service2
																																																																																																																																																																																																																																																																																																																																																																																																																																																																																																																																																																																																																																																																																																																																	CREATES -> service1
																																																																																																																																																																																																																																																																																																																																																																																																																																																																																																																																																																																																																																																																																																																																		CREATES -> service2
																																																																																																																																																																																																																																																																																																																																																																																																																																																																																																																																																																																																																																																																																																																																			CREATES -> service1
																																																																																																																																																																																																																																																																																																																																																																																																																																																																																																																																																																																																																																																																																																																																				CREATES -> service2
																																																																																																																																																																																																																																																																																																																																																																																																																																																																																																																																																																																																																																																																																																																																					CREATES -> service1
																																																																																																																																																																																																																																																																																																																																																																																																																																																																																																																																																																																																																																																																																																																																						CREATES -> service2
																																																																																																																																																																																																																																																																																																																																																																																																																																																																																																																																																																																																																																																																																																																																							CREATES -> service1
																																																																																																																																																																																																																																																																																																																																																																																																																																																																																																																																																																																																																																																																																																																																								CREATES -> service2
																																																																																																																																																																																																																																																																																																																																																																																																																																																																																																																																																																																																																																																																																																																																									CREATES -> service1
																																																																																																																																																																																																																																																																																																																																																																																																																																																																																																																																																																																																																																																																																																																																										CREATES -> service2
																																																																																																																																																																																																																																																																																																																																																																																																																																																																																																																																																																																																																																																																																																																																											CREATES -> service1
																																																																																																																																																																																																																																																																																																																																																																																																																																																																																																																																																																																																																																																																																																																																												CREATES -> service2
																																																																																																																																																																																																																																																																																																																																																																																																																																																																																																																																																																																																																																																																																																																																													CREATES -> service1
																																																																																																																																																																																																																																																																																																																																																																																																																																																																																																																																																																																																																																																																																																																																														CREATES -> service2
																																																																																																																																																																																																																																																																																																																																																																																																																																																																																																																																																																																																																																																																																																																																															CREATES -> service1
																																																																																																																																																																																																																																																																																																																																																																																																																																																																																																																																																																																																																																																																																																																																																CREATES -> service2
																																																																																																																																																																																																																																																																																																																																																																																																																																																																																																																																																																																																																																																																																																																																																	CREATES -> service1
																																																																																																																																																																																																																																																																																																																																																																																																																																																																																																																																																																																																																																																																																																																																																		CREATES -> service2
																																																																																																																																																																																																																																																																																																																																																																																																																																																																																																																																																																																																																																																																																																																																																			CREATES -> service1
																																																																																																																																																																																																																																																																																																																																																																																																																																																																																																																																																																																																																																																																																																																																																				CREATES -> service2
																																																																																																																																																																																																																																																																																																																																																																																																																																																																																																																																																																																																																																																																																																																																																					CREATES -> service1
																																																																																																																																																																																																																																																																																																																																																																																																																																																																																																																																																																																																																																																																																																																																																						CREATES -> service2
																																																																																																																																																																																																																																																																																																																																																																																																																																																																																																																																																																																																																																																																																																																																																							CREATES -> service1
																																																																																																																																																																																																																																																																																																																																																																																																																																																																																																																																																																																																																																																																																																																																																								CREATES -> service2
																																																																																																																																																																																																																																																																																																																																																																																																																																																																																																																																																																																																																																																																																																																																																									CREATES -> service1
																																																																																																																																																																																																																																																																																																																																																																																																																																																																																																																																																																																																																																																																																																																																																										CREATES -> service2
																																																																																																																																																																																																																																																																																																																																																																																																																																																																																																																																																																																																																																																																																																																																																											CREATES -> service1
																																																																																																																																																																																																																																																																																																																																																																																																																																																																																																																																																																																																																																																																																																																																																												CREATES -> service2
																																																																																																																																																																																																																																																																																																																																																																																																																																																																																																																																																																																																																																																																																																																																																													CREATES -> service1
																																																																																																																																																																																																																																																																																																																																																																																																																																																																																																																																																																																																																																																																																																																																																														CREATES -> service2
																																																																																																																																																																																																																																																																																																																																																																																																																																																																																																																																																																																																																																																																																																																																																															CREATES -> service1
																																																																																																																																																																																																																																																																																																																																																																																																																																																																																																																																																																																																																																																																																																																																																																CREATES -> service2
																																																																																																																																																																																																																																																																																																																																																																																																																																																																																																																																																																																																																																																																																																																																																																	CREATES -> service1
																																																																																																																																																																																																																																																																																																																																																																																																																																																																																																																																																																																																																																																																																																																																																																		CREATES -> service2
																																																																																																																																																																																																																																																																																																																																																																																																																																																																																																																																																																																																																																																																																																																																																																			CREATES -> service1
																																																																																																																																																																																																																																																																																																																																																																																																																																																																																																																																																																																																																																																																																																																																																																				CREATES -> service2
																																																																																																																																																																																																																																																																																																																																																																																																																																																																																																																																																																																																																																																																																																																																																																					CREATES -> service1
																																																																																																																																																																																																																																																																																																																																																																																																																																																																																																																																																																																																																																																																																																																																																																						CREATES -> service2
																																																																																																																																																																																																																																																																																																																																																																																																																																																																																																																																																																																																																																																																																																																																																																							CREATES -> service1
																																																																																																																																																																																																																																																																																																																																																																																																																																																																																																																																																																																																																																																																																																																																																																								CREATES -> service2
																																																																																																																																																																																																																																																																																																																																																																																																																																																																																																																																																																																																																																																																																																																																																																									CREATES -> service1
																																																																																																																																																																																																																																																																																																																																																																																																																																																																																																																																																																																																																																																																																																																																																																										CREATES -> service2
																																																																																																																																																																																																																																																																																																																																																																																																																																																																																																																																																																																																																																																																																																																																																																											CREATES -> service1
																																																																																																																																																																																																																																																																																																																																																																																																																																																																																																																																																																																																																																																																																																																																																																												CREATES -> service2
																																																																																																																																																																																																																																																																																																																																																																																																																																																																																																																																																																																																																																																																																																																																																																													CREATES -> service1
																																																																																																																																																																																																																																																																																																																																																																																																																																																																																																																																																																																																																																																																																																																																																																														CREATES -> service2
																																																																																																																																																																																																																																																																																																																																																																																																																																																																																																																																																																																																																																																																																																																																																																															CREATES -> service1
																																																																																																																																																																																																																																																																																																																																																																																																																																																																																																																																																																																																																																																																																																																																																																																CREATES -> service2
																																																																																																																																																																																																																																																																																																																																																																																																																																																																																																																																																																																																																																																																																																																																																																																	CREATES -> service1
																																																																																																																																																																																																																																																																																																																																																																																																																																																																																																																																																																																																																																																																																																																																																																																		CREATES -> service2
																																																																																																																																																																																																																																																																																																																																																																																																																																																																																																																																																																																																																																																																																																																																																																																			CREATES -> service1
																																																																																																																																																																																																																																																																																																																																																																																																																																																																																																																																																																																																																																																																																																																																																																																				CREATES -> service2
																																																																																																																																																																																																																																																																																																																																																																																																																																																																																																																																																																																																																																																																																																																																																																																					CREATES -> service1
																																																																																																																																																																																																																																																																																																																																																																																																																																																																																																																																																																																																																																																																																																																																																																																						CREATES -> service2
																																																																																																																																																																																																																																																																																																																																																																																																																																																																																																																																																																																																																																																																																																																																																																																							CREATES -> service1
																																																																																																																																																																																																																																																																																																																																																																																																																																																																																																																																																																																																																																																																																																																																																																																								CREATES -> service2
																																																																																																																																																																																																																																																																																																																																																																																																																																																																																																																																																																																																																																																																																																																																																																																									CREATES -> service1
																																																																																																																																																																																																																																																																																																																																																																																																																																																																																																																																																																																																																																																																																																																																																																																										CREATES -> service2
																																																																																																																																																																																																																																																																																																																																																																																																																																																																																																																																																																																																																																																																																																																																																																																											CREATES -> service1
																																																																																																																																																																																																																																																																																																																																																																																																																																																																																																																																																																																																																																																																																																																																																																																												CREATES -> service2
																																																																																																																																																																																																																																																																																																																																																																																																																																																																																																																																																																																																																																																																																																																																																																																													CREATES -> service1
																																																																																																																																																																																																																																																																																																																																																																																																																																																																																																																																																																																																																																																																																																																																																																																														CREATES -> service2
																																																																																																																																																																																																																																																																																																																																																																																																																																																																																																																																																																																																																																																																																																																																																																																															CREATES -> service1
																																																																																																																																																																																																																																																																																																																																																																																																																																																																																																																																																																																																																																																																																																																																																																																																CREATES -> service2
																																																																																																																																																																																																																																																																																																																																																																																																																																																																																																																																																																																																																																																																																																																																																																																																	CREATES -> service1
																																																																																																																																																																																																																																																																																																																																																																																																																																																																																																																																																																																																																																																																																																																																																																																																		CREATES -> service2
																																																																																																																																																																																																																																																																																																																																																																																																																																																																																																																																																																																																																																																																																																																																																																																																			CREATES -> service1
																																																																																																																																																																																																																																																																																																																																																																																																																																																																																																																																																																																																																																																																																																																																																																																																				CREATES -> service2
																																																																																																																																																																																																																																																																																																																																																																																																																																																																																																																																																																																																																																																																																																																																																																																																					CREATES -> service1
																																																																																																																																																																																																																																																																																																																																																																																																																																																																																																																																																																																																																																																																																																																																																																																																						CREATES -> service2
																																																																																																																																																																																																																																																																																																																																																																																																																																																																																																																																																																																																																																																																																																																																																																																																							CREATES -> service1
																																																																																																																																																																																																																																																																																																																																																																																																																																																																																																																																																																																																																																																																																																																																																																																																								CREATES -> service2
																																																																																																																																																																																																																																																																																																																																																																																																																																																																																																																																																																																																																																																																																																																																																																																																									CREATES -> service1
																																																																																																																																																																																																																																																																																																																																																																																																																																																																																																																																																																																																																																																																																																																																																																																																										CREATES -> service2
																																																																																																																																																																																																																																																																																																																																																																																																																																																																																																																																																																																																																																																																																																																																																																																																											CREATES -> service1
																																																																																																																																																																																																																																																																																																																																																																																																																																																																																																																																																																																																																																																																																																																																																																																																												CREATES -> service2
																																																																																																																																																																																																																																																																																																																																																																																																																																																																																																																																																																																																																																																																																																																																																																																																													CREATES -> service1
																																																																																																																																																																																																																																																																																																																																																																																																																																																																																																																																																																																																																																																																																																																																																																																																														CREATES -> service2
																																																																																																																																																																																																																																																																																																																																																																																																																																																																																																																																																																																																																																																																																																																																																																																																															CREATES -> service1
																																																																																																																																																																																																																																																																																																																																																																																																																																																																																																																																																																																																																																																																																																																																																																																																																CREATES -> service2
																																																																																																																																																																																																																																																																																																																																																																																																																																																																																																																																																																																																																																																																																																																																																																																																																	CREATES -> service1
																																																																																																																																																																																																																																																																																																																																																																																																																																																																																																																																																																																																																																																																																																																																																																																																																		CREATES -> service2
																																																																																																																																																																																																																																																																																																																																																																																																																																																																																																																																																																																																																																																																																																																																																																																																																			CREATES -> service1
																																																																																																																																																																																																																																																																																																																																																																																																																																																																																																																																																																																																																																																																																																																																																																																																																				CREATES -> service2
																																																																																																																																																																																																																																																																																																																																																																																																																																																																																																																																																																																																																																																																																																																																																																																																																					CREATES -> service1
																																																																																																																																																																																																																																																																																																																																																																																																																																																																																																																																																																																																																																																																																																																																																																																																																						CREATES -> service2
																																																																																																																																																																																																																																																																																																																																																																																																																																																																																																																																																																																																																																																																																																																																																																																																																							CREATES -> service1
																																																																																																																																																																																																																																																																																																																																																																																																																																																																																																																																																																																																																																																																																																																																																																																																																								CREATES -> service2
																																																																																																																																																																																																																																																																																																																																																																																																																																																																																																																																																																																																																																																																																																																																																																																																																									CREATES -> service1
																																																																																																																																																																																																																																																																																																																																																																																																																																																																																																																																																																																																																																																																																																																																																																																																																										CREATES -> service2
																																																																																																																																																																																																																																																																																																																																																																																																																																																																																																																																																																																																																																																																																																																																																																																																																											CREATES -> service1
																																																																																																																																																																																																																																																																																																																																																																																																																																																																																																																																																																																																																																																																																																																																																																																																																												CREATES -> service2
																																																																																																																																																																																																																																																																																																																																																																																																																																																																																																																																																																																																																																																																																																																																																																																																																													CREATES -> service1
																																																																																																																																																																																																																																																																																																																																																																																																																																																																																																																																																																																																																																																																																																																																																																																																																														CREATES -> service2
																																																																																																																																																																																																																																																																																																																																																																																																																																																																																																																																																																																																																																																																																																																																																																																																																															CREATES -> service1
																																																																																																																																																																																																																																																																																																																																																																																																																																																																																																																																																																																																																																																																																																																																																																																																																																CREATES -> service2
																																																																																																																																																																																																																																																																																																																																																																																																																																																																																																																																																																																																																																																																																																																																																																																																																																	CREATES -> service1
																																																																																																																																																																																																																																																																																																																																																																																																																																																																																																																																																																																																																																																																																																																																																																																																																																		CREATES -> service2
																																																																																																																																																																																																																																																																																																																																																																																																																																																																																																																																																																																																																																																																																																																																																																																																																																			CREATES -> service1
																																																																																																																																																																																																																																																																																																																																																																																																																																																																																																																																																																																																																																																																																																																																																																																																																																				CREATES -> service2
																																																																																																																																																																																																																																																																																																																																																																																																																																																																																																																																																																																																																																																																																																																																																																																																																																					CREATES -> service1
																																																																																																																																																																																																																																																																																																																																																																																																																																																																																																																																																																																																																																																																																																																																																																																																																																						CREATES -> service2
																																																																																																																																																																																																																																																																																																																																																																																																																																																																																																																																																																																																																																																																																																																																																																																																																																							CREATES -> service1
																																																																																																																																																																																																																																																																																																																																																																																																																																																																																																																																																																																																																																																																																																																																																																																																																																								CREATES -> service2
																																																																																																																																																																																																																																																																																																																																																																																																																																																																																																																																																																																																																																																																																																																																																																																																																																									CREATES -> service1
																																																																																																																																																																																																																																																																																																																																																																																																																																																																																																																																																																																																																																																																																																																																																																																																																																										CREATES -> service2
																																																																																																																																																																																																																																																																																																																																																																																																																																																																																																																																																																																																																																																																																																																																																																																																																																											CREATES -> service1
																																																																																																																																																																																																																																																																																																																																																																																																																																																																																																																																																																																																																																																																																																																																																																																																																																												CREATES -> service2
																																																																																																																																																																																																																																																																																																																																																																																																																																																																																																																																																																																																																																																																																																																																																																																																																																													CREATES -> service1
																																																																																																																																																																																																																																																																																																																																																																																																																																																																																																																																																																																																																																																																																																																																																																																																																																														CREATES -> service2
																																																																																																																																																																																																																																																																																																																																																																																																																																																																																																																																																																																																																																																																																																																																																																																																																																															CREATES -> service1
																																																																																																																																																																																																																																																																																																																																																																																																																																																																																																																																																																																																																																																																																																																																																																																																																																																CREATES -> service2
																																																																																																																																																																																																																																																																																																																																																																																																																																																																																																																																																																																																																																																																																																																																																																																																																																																	CREATES -> service1
																																																																																																																																																																																																																																																																																																																																																																																																																																																																																																																																																																																																																																																																																																																																																																																																																																																		CREATES -> service2
																																																																																																																																																																																																																																																																																																																																																																																																																																																																																																																																																																																																																																																																																																																																																																																																																																																			CREATES -> service1
																																																																																																																																																																																																																																																																																																																																																																																																																																																																																																																																																																																																																																																																																																																																																																																																																																																				CREATES -> service2
																																																																																																																																																																																																																																																																																																																																																																																																																																																																																																																																																																																																																																																																																																																																																																																																																																																					CREATES -> service1
																																																																																																																																																																																																																																																																																																																																																																																																																																																																																																																																																																																																																																																																																																																																																																																																																																																						CREATES -> service2
																																																																																																																																																																																																																																																																																																																																																																																																																																																																																																																																																																																																																																																																																																																																																																																																																																																							CREATES -> service1
																																																																																																																																																																																																																																																																																																																																																																																																																																																																																																																																																																																																																																																																																																																																																																																																																																																								CREATES -> service2
																																																																																																																																																																																																																																																																																																																																																																																																																																																																																																																																																																																																																																																																																																																																																																																																																																																									CREATES -> service1
																																																																																																																																																																																																																																																																																																																																																																																																																																																																																																																																																																																																																																																																																																																																																																																																																																																										CREATES -> service2
																																																																																																																																																																																																																																																																																																																																																																																																																																																																																																																																																																																																																																																																																																																																																																																																																																																											CREATES -> service1
																																																																																																																																																																																																																																																																																																																																																																																																																																																																																																																																																																																																																																																																																																																																																																																																																																																												CREATES -> service2
																																																																																																																																																																																																																																																																																																																																																																																																																																																																																																																																																																																																																																																																																																																																																																																																																																																													CREATES -> service1
																																																																																																																																																																																																																																																																																																																																																																																																																																																																																																																																																																																																																																																																																																																																																																																																																																																														CREATES -> service2
																																																																																																																																																																																																																																																																																																																																																																																																																																																																																																																																																																																																																																																																																																																																																																																																																																																															CREATES -> service1
																																																																																																																																																																																																																																																																																																																																																																																																																																																																																																																																																																																																																																																																																																																																																																																																																																																																CREATES -> service2
																																																																																																																																																																																																																																																																																																																																																																																																																																																																																																																																																																																																																																																																																																																																																																																																																																																																	CREATES -> service1
																																																																																																																																																																																																																																																																																																																																																																																																																																																																																																																																																																																																																																																																																																																																																																																																																																																																		CREATES -> service2
																																																																																																																																																																																																																																																																																																																																																																																																																																																																																																																																																																																																																																																																																																																																																																																																																																																																			CREATES -> service1
																																																																																																																																																																																																																																																																																																																																																																																																																																																																																																																																																																																																																																																																																																																																																																																																																																																																				CREATES -> service2
																																																																																																																																																																																																																																																																																																																																																																																																																																																																																																																																																																																																																																																																																																																																																																																																																																																																					CREATES -> service1
																																																																																																																																																																																																																																																																																																																																																																																																																																																																																																																																																																																																																																																																																																																																																																																																																																																																						CREATES -> service2
																																																																																																																																																																																																																																																																																																																																																																																																																																																																																																																																																																																																																																																																																																																																																																																																																																																																							CREATES -> service1
																																																																																																																																																																																																																																																																																																																																																																																																																																																																																																																																																																																																																																																																																																																																																																																																																																																																								CREATES -> service2
																																																																																																																																																																																																																																																																																																																																																																																																																																																																																																																																																																																																																																																																																																																																																																																																																																																																									CREATES -> service1
																																																																																																																																																																																																																																																																																																																																																																																																																																																																																																																																																																																																																																																																																																																																																																																																																																																																										CREATES -> service2
																																																																																																																																																																																																																																																																																																																																																																																																																																																																																																																																																																																																																																																																																																																																																																																																																																																																											CREATES -> service1
																																																																																																																																																																																																																																																																																																																																																																																																																																																																																																																																																																																																																																																																																																																																																																																																																																																																												CREATES -> service2
																																																																																																																																																																																																																																																																																																																																																																																																																																																																																																																																																																																																																																																																																																																																																																																																																																																																													CREATES -> service1
																																																																																																																																																																																																																																																																																																																																																																																																																																																																																																																																																																																																																																																																																																																																																																																																																																																																														CREATES -> service2
																																																																																																																																																																																																																																																																																																																																																																																																																																																																																																																																																																																																																																																																																																																																																																																																																																																																															CREATES -> service1
																																																																																																																																																																																																																																																																																																																																																																																																																																																																																																																																																																																																																																																																																																																																																																																																																																																																																CREATES -> service2
																																																																																																																																																																																																																																																																																																																																																																																																																																																																																																																																																																																																																																																																																																																																																																																																																																																																																	CREATES -> service1
																																																																																																																																																																																																																																																																																																																																																																																																																																																																																																																																																																																																																																																																																																																																																																																																																																																																																		CREATES -> service2
																																																																																																																																																																																																																																																																																																																																																																																																																																																																																																																																																																																																																																																																																																																																																																																																																																																																																			CREATES -> service1
																																																																																																																																																																																																																																																																																																																																																																																																																																																																																																																																																																																																																																																																																																																																																																																																																																																																																				CREATES -> service2
																																																																																																																																																																																																																																																																																																																																																																																																																																																																																																																																																																																																																																																																																																																																																																																																																																																																																					CREATES -> service1
																																																																																																																																																																																																																																																																																																																																																																																																																																																																																																																																																																																																																																																																																																																																																																																																																																																																																						CREATES -> service2
																																																																																																																																																																																																																																																																																																																																																																																																																																																																																																																																																																																																																																																																																																																																																																																																																																																																																							CREATES -> service1
																																																																																																																																																																																																																																																																																																																																																																																																																																																																																																																																																																																																																																																																																																																																																																																																																																																																																								CREATES -> service2
																																																																																																																																																																																																																																																																																																																																																																																																																																																																																																																																																																																																																																																																																																																																																																																																																																																																																									CREATES -> service1
																																																																																																																																																																																																																																																																																																																																																																																																																																																																																																																																																																																																																																																																																																																																																																																																																																																																																										CREATES -> service2
																																																																																																																																																																																																																																																																																																																																																																																																																																																																																																																																																																																																																																																																																																																																																																																																																																																																																											CREATES -> service1
																																																																																																																																																																																																																																																																																																																																																																																																																																																																																																																																																																																																																																																																																																																																																																																																																																																																																												CREATES -> service2
																																																																																																																																																																																																																																																																																																																																																																																																																																																																																																																																																																																																																																																																																																																																																																																																																																																																																													CREATES -> service1
																																																																																																																																																																																																																																																																																																																																																																																																																																																																																																																																																																																																																																																																																																																																																																																																																																																																																														CREATES -> service2
																																																																																																																																																																																																																																																																																																																																																																																																																																																																																																																																																																																																																																																																																																																																																																																																																																																																																															CREATES -> service1
																																																																																																																																																																																																																																																																																																																																																																																																																																																																																																																																																																																																																																																																																																																																																																																																																																																																																																CREATES -> service2
																																																																																																																																																																																																																																																																																																																																																																																																																																																																																																																																																																																																																																																																																																																																																																																																																																																																																																	CREATES -> service1
																																																																																																																																																																																																																																																																																																																																																																																																																																																																																																																																																																																																																																																																																																																																																																																																																																																																																																		CREATES -> service2
																																																																																																																																																																																																																																																																																																																																																																																																																																																																																																																																																																																																																																																																																																																																																																																																																																																																																																			CREATES -> service1
																																																																																																																																																																																																																																																																																																																																																																																																																																																																																																																																																																																																																																																																																																																																																																																																																																																																																																				CREATES -> service2
																																																																																																																																																																																																																																																																																																																																																																																																																																																																																																																																																																																																																																																																																																																																																																																																																																																																																																					CREATES -> service1
																																																																																																																																																																																																																																																																																																																																																																																																																																																																																																																																																																																																																																																																																																																																																																																																																																																																																																						CREATES -> service2
																																																																																																																																																																																																																																																																																																																																																																																																																																																																																																																																																																																																																																																																																																																																																																																																																																																																																																							CREATES -> service1
																																																																																																																																																																																																																																																																																																																																																																																																																																																																																																																																																																																																																																																																																																																																																																																																																																																																																																								CREATES -> service2
																																																																																																																																																																																																																																																																																																																																																																																																																																																																																																																																																																																																																																																																																																																																																																																																																																																																																																									CREATES -> service1
																																																																																																																																																																																																																																																																																																																																																																																																																																																																																																																																																																																																																																																																																																																																																																																																																																																																																																										CREATES -> service2
																																																																																																																																																																																																																																																																																																																																																																																																																																																																																																																																																																																																																																																																																																																																																																																																																																																																																																											CREATES -> service1
																																																																																																																																																																																																																																																																																																																																																																																																																																																																																																																																																																																																																																																																																																																																																																																																																																																																																																												CREATES -> service2
																																																																																																																																																																																																																																																																																																																																																																																																																																																																																																																																																																																																																																																																																																																																																																																																																																																																																																													CREATES -> service1
																																																																																																																																																																																																																																																																																																																																																																																																																																																																																																																																																																																																																																																																																																																																																																																																																																																																																																														CREATES -> service2
																																																																																																																																																																																																																																																																																																																																																																																																																																																																																																																																																																																																																																																																																																																																																																																																																																																																																																															CREATES -> service1
																																																																																																																																																																																																																																																																																																																																																																																																																																																																																																																																																																																																																																																																																																																																																																																																																																																																																																																CREATES -> service2
																																																																																																																																																																																																																																																																																																																																																																																																																																																																																																																																																																																																																																																																																																																																																																																																																																																																																																																	CREATES -> service1
																																																																																																																																																																																																																																																																																																																																																																																																																																																																																																																																																																																																																																																																																																																																																																																																																																																																																																																		CREATES -> service2
																																																																																																																																																																																																																																																																																																																																																																																																																																																																																																																																																																																																																																																																																																																																																																																																																																																																																																																			CREATES -> service1
																																																																																																																																																																																																																																																																																																																																																																																																																																																																																																																																																																																																																																																																																																																																																																																																																																																																																																																				CREATES -> service2
																																																																																																																																																																																																																																																																																																																																																																																																																																																																																																																																																																																																																																																																																																																																																																																																																																																																																																																					CREATES -> service1
																																																																																																																																																																																																																																																																																																																																																																																																																																																																																																																																																																																																																																																																																																																																																																																																																																																																																																																						CREATES -> service2
																																																																																																																																																																																																																																																																																																																																																																																																																																																																																																																																																																																																																																																																																																																																																																																																																																																																																																																							CREATES -> service1
																																																																																																																																																																																																																																																																																																																																																																																																																																																																																																																																																																																																																																																																																																																																																																																																																																																																																																																								CREATES -> service2
																																																																																																																																																																																																																																																																																																																																																																																																																																																																																																																																																																																																																																																																																																																																																																																																																																																																																																																									CREATES -> service1
																																																																																																																																																																																																																																																																																																																																																																																																																																																																																																																																																																																																																																																																																																																																																																																																																																																																																																																										CREATES -> service2
																																																																																																																																																																																																																																																																																																																																																																																																																																																																																																																																																																																																																																																																																																																																																																																																																																																																																																																											CREATES -> service1
																																																																																																																																																																																																																																																																																																																																																																																																																																																																																																																																																																																																																																																																																																																																																																																																																																																																																																																												CREATES -> service2
																																																																																																																																																																																																																																																																																																																																																																																																																																																																																																																																																																																																																																																																																																																																																																																																																																																																																																																													CREATES -> service1
																																																																																																																																																																																																																																																																																																																																																																																																																																																																																																																																																																																																																																																																																																																																																																																																																																																																																																																														CREATES -> service2
																																																																																																																																																																																																																																																																																																																																																																																																																																																																																																																																																																																																																																																																																																																																																																																																																																																																																																																															CREATES -> service1
																																																																																																																																																																																																																																																																																																																																																																																																																																																																																																																																																																																																																																																																																																																																																																																																																																																																																																																																CREATES -> service2
																																																																																																																																																																																																																																																																																																																																																																																																																																																																																																																																																																																																																																																																																																																																																																																																																																																																																																																																	CREATES -> service1
																																																																																																																																																																																																																																																																																																																																																																																																																																																																																																																																																																																																																																																																																																																																																																																																																																																																																																																																		CREATES -> service2
																																																																																																																																																																																																																																																																																																																																																																																																																																																																																																																																																																																																																																																																																																																																																																																																																																																																																																																																			CREATES -> service1
																																																																																																																																																																																																																																																																																																																																																																																																																																																																																																																																																																																																																																																																																																																																																																																																																																																																																																																																				CREATES -> service2
																																																																																																																																																																																																																																																																																																																																																																																																																																																																																																																																																																																																																																																																																																																																																																																																																																																																																																																																					CREATES -> service1
																																																																																																																																																																																																																																																																																																																																																																																																																																																																																																																																																																																																																																																																																																																																																																																																																																																																																																																																						CREATES -> service2
																																																																																																																																																																																																																																																																																																																																																																																																																																																																																																																																																																																																																																																																																																																																																																																																																																																																																																																																							CREATES -> service1
																																																																																																																																																																																																																																																																																																																																																																																																																																																																																																																																																																																																																																																																																																																																																																																																																																																																																																																																								CREATES -> service2
																																																																																																																																																																																																																																																																																																																																																																																																																																																																																																																																																																																																																																																																																																																																																																																																																																																																																																																																									CREATES -> service1
																																																																																																																																																																																																																																																																																																																																																																																																																																																																																																																																																																																																																																																																																																																																																																																																																																																																																																																																										CREATES -> service2
																																																																																																																																																																																																																																																																																																																																																																																																																																																																																																																																																																																																																																																																																																																																																																																																																																																																																																																																											CREATES -> service1
																																																																																																																																																																																																																																																																																																																																																																																																																																																																																																																																																																																																																																																																																																																																																																																																																																																																																																																																												CREATES -> service2
																																																																																																																																																																																																																																																																																																																																																																																																																																																																																																																																																																																																																																																																																																																																																																																																																																																																																																																																													CREATES -> service1
																																																																																																																																																																																																																																																																																																																																																																																																																																																																																																																																																																																																																																																																																																																																																																																																																																																																																																																																														CREATES -> service2
																																																																																																																																																																																																																																																																																																																																																																																																																																																																																																																																																																																																																																																																																																																																																																																																																																																																																																																																															CREATES -> service1
																																																																																																																																																																																																																																																																																																																																																																																																																																																																																																																																																																																																																																																																																																																																																																																																																																																																																																																																																CREATES -> service2
																																																																																																																																																																																																																																																																																																																																																																																																																																																																																																																																																																																																																																																																																																																																																																																																																																																																																																																																																	CREATES -> service1
																																																																																																																																																																																																																																																																																																																																																																																																																																																																																																																																																																																																																																																																																																																																																																																																																																																																																																																																																		CREATES -> service2
																																																																																																																																																																																																																																																																																																																																																																																																																																																																																																																																																																																																																																																																																																																																																																																																																																																																																																																																																			CREATES -> service1
																																																																																																																																																																																																																																																																																																																																																																																																																																																																																																																																																																																																																																																																																																																																																																																																																																																																																																																																																				CREATES -> service2
																																																																																																																																																																																																																																																																																																																																																																																																																																																																																																																																																																																																																																																																																																																																																																																																																																																																																																																																																					CREATES -> service1
																																																																																																																																																																																																																																																																																																																																																																																																																																																																																																																																																																																																																																																																																																																																																																																																																																																																																																																																																						CREATES -> service2
																																																																																																																																																																																																																																																																																																																																																																																																																																																																																																																																																																																																																																																																																																																																																																																																																																																																																																																																																							CREATES -> service1
																																																																																																																																																																																																																																																																																																																																																																																																																																																																																																																																																																																																																																																																																																																																																																																																																																																																																																																																																								CREATES -> service2
																																																																																																																																																																																																																																																																																																																																																																																																																																																																																																																																																																																																																																																																																																																																																																																																																																																																																																																																																									CREATES -> service1
																																																																																																																																																																																																																																																																																																																																																																																																																																																																																																																																																																																																																																																																																																																																																																																																																																																																																																																																																										CREATES -> service2
																																																																																																																																																																																																																																																																																																																																																																																																																																																																																																																																																																																																																																																																																																																																																																																																																																																																																																																																																											CREATES -> service1
																																																																																																																																																																																																																																																																																																																																																																																																																																																																																																																																																																																																																																																																																																																																																																																																																																																																																																																																																												CREATES -> service2
																																																																																																																																																																																																																																																																																																																																																																																																																																																																																																																																																																																																																																																																																																																																																																																																																																																																																																																																																													CREATES -> service1
																																																																																																																																																																																																																																																																																																																																																																																																																																																																																																																																																																																																																																																																																																																																																																																																																																																																																																																																																														CREATES -> service2
																																																																																																																																																																																																																																																																																																																																																																																																																																																																																																																																																																																																																																																																																																																																																																																																																																																																																																																																																															CREATES -> service1
																																																																																																																																																																																																																																																																																																																																																																																																																																																																																																																																																																																																																																																																																																																																																																																																																																																																																																																																																																CREATES -> service2
																																																																																																																																																																																																																																																																																																																																																																																																																																																																																																																																																																																																																																																																																																																																																																																																																																																																																																																																																																	CREATES -> service1
																																																																																																																																																																																																																																																																																																																																																																																																																																																																																																																																																																																																																																																																																																																																																																																																																																																																																																																																																																		CREATES -> service2
																																																																																																																																																																																																																																																																																																																																																																																																																																																																																																																																																																																																																																																																																																																																																																																																																																																																																																																																																																			CREATES -> service1
																																																																																																																																																																																																																																																																																																																																																																																																																																																																																																																																																																																																																																																																																																																																																																																																																																																																																																																																																																				CREATES -> service2
																																																																																																																																																																																																																																																																																																																																																																																																																																																																																																																																																																																																																																																																																																																																																																																																																																																																																																																																																																					CREATES -> service1
																																																																																																																																																																																																																																																																																																																																																																																																																																																																																																																																																																																																																																																																																																																																																																																																																																																																																																																																																																						CREATES -> service2
																																																																																																																																																																																																																																																																																																																																																																																																																																																																																																																																																																																																																																																																																																																																																																																																																																																																																																																																																																							CREATES -> service1
																																																																																																																																																																																																																																																																																																																																																																																																																																																																																																																																																																																																																																																																																																																																																																																																																																																																																																																																																																								CREATES -> service2
																																																																																																																																																																																																																																																																																																																																																																																																																																																																																																																																																																																																																																																																																																																																																																																																																																																																																																																																																																									CREATES -> service1
																																																																																																																																																																																																																																																																																																																																																																																																																																																																																																																																																																																																																																																																																																																																																																																																																																																																																																																																																																										CREATES -> service2
																																																																																																																																																																																																																																																																																																																																																																																																																																																																																																																																																																																																																																																																																																																																																																																																																																																																																																																																																																											CREATES -> service1
																																																																																																																																																																																																																																																																																																																																																																																																																																																																																																																																																																																																																																																																																																																																																																																																																																																																																																																																																																												CREATES -> service2
																																																																																																																																																																																																																																																																																																																																																																																																																																																																																																																																																																																																																																																																																																																																																																																																																																																																																																																																																																													CREATES -> service1
																																																																																																																																																																																																																																																																																																																																																																																																																																																																																																																																																																																																																																																																																																																																																																																																																																																																																																																																																																														CREATES -> service2
																																																																																																																																																																																																																																																																																																																																																																																																																																																																																																																																																																																																																																																																																																																																																																																																																																																																																																																																																																															CREATES -> service1
																																																																																																																																																																																																																																																																																																																																																																																																																																																																																																																																																																																																																																																																																																																																																																																																																																																																																																																																																																																CREATES -> service2
																																																																																																																																																																																																																																																																																																																																																																																																																																																																																																																																																																																																																																																																																																																																																																																																																																																																																																																																																																																	CREATES -> service1
																																																																																																																																																																																																																																																																																																																																																																																																																																																																																																																																																																																																																																																																																																																																																																																																																																																																																																																																																																																		CREATES -> service2
																																																																																																																																																																																																																																																																																																																																																																																																																																																																																																																																																																																																																																																																																																																																																																																																																																																																																																																																																																																			CREATES -> service1
																																																																																																																																																																																																																																																																																																																																																																																																																																																																																																																																																																																																																																																																																																																																																																																																																																																																																																																																																																																				CREATES -> service2
																																																																																																																																																																																																																																																																																																																																																																																																																																																																																																																																																																																																																																																																																																																																																																																																																																																																																																																																																																																					CREATES -> service1
																																																																																																																																																																																																																																																																																																																																																																																																																																																																																																																																																																																																																																																																																																																																																																																																																																																																																																																																																																																						CREATES -> service2
																																																																																																																																																																																																																																																																																																																																																																																																																																																																																																																																																																																																																																																																																																																																																																																																																																																																																																																																																																																							CREATES -> service1
																																																																																																																																																																																																																																																																																																																																																																																																																																																																																																																																																																																																																																																																																																																																																																																																																																																																																																																																																																																								CREATES -> service2
																																																																																																																																																																																																																																																																																																																																																																																																																																																																																																																																																																																																																																																																																																																																																																																																																																																																																																																																																																																									CREATES -> service1
																																																																																																																																																																																																																																																																																																																																																																																																																																																																																																																																																																																																																																																																																																																																																																																																																																																																																																																																																																																										CREATES -> service2
																																																																																																																																																																																																																																																																																																																																																																																																																																																																																																																																																																																																																																																																																																																																																																																																																																																																																																																																																																																											CREATES -> service1
																																																																																																																																																																																																																																																																																																																																																																																																																																																																																																																																																																																																																																																																																																																																																																																																																																																																																																																																																																																												CREATES -> service2
																																																																																																																																																																																																																																																																																																																																																																																																																																																																																																																																																																																																																																																																																																																																																																																																																																																																																																																																																																																													CREATES -> service1
																																																																																																																																																																																																																																																																																																																																																																																																																																																																																																																																																																																																																																																																																																																																																																																																																																																																																																																																																																																														CREATES -> service2
																																																																																																																																																																																																																																																																																																																																																																																																																																																																																																																																																																																																																																																																																																																																																																																																																																																																																																																																																																																															CREATES -> service1
																																																																																																																																																																																																																																																																																																																																																																																																																																																																																																																																																																																																																																																																																																																																																																																																																																																																																																																																																																																																CREATES -> service2
																																																																																																																																																																																																																																																																																																																																																																																																																																																																																																																																																																																																																																																																																																																																																																																																																																																																																																																																																																																																	CREATES -> service1
																																																																																																																																																																																																																																																																																																																																																																																																																																																																																																																																																																																																																																																																																																																																																																																																																																																																																																																																																																																																		CREATES -> service2
																																																																																																																																																																																																																																																																																																																																																																																																																																																																																																																																																																																																																																																																																																																																																																																																																																																																																																																																																																																																			CREATES -> service1
																																																																																																																																																																																																																																																																																																																																																																																																																																																																																																																																																																																																																																																																																																																																																																																																																																																																																																																																																																																																				CREATES -> service2
																																																																																																																																																																																																																																																																																																																																																																																																																																																																																																																																																																																																																																																																																																																																																																																																																																																																																																																																																																																																					CREATES -> service1
																																																																																																																																																																																																																																																																																																																																																																																																																																																																																																																																																																																																																																																																																																																																																																																																																																																																																																																																																																																																						CREATES -> service2
																																																																																																																																																																																																																																																																																																																																																																																																																																																																																																																																																																																																																																																																																																																																																																																																																																																																																																																																																																																																							CREATES -> service1
																																																																																																																																																																																																																																																																																																																																																																																																																																																																																																																																																																																																																																																																																																																																																																																																																																																																																																																																																																																																								CREATES -> service2
																																																																																																																																																																																																																																																																																																																																																																																																																																																																																																																																																																																																																																																																																																																																																																																																																																																																																																																																																																																																									CREATES -> service1
																																																																																																																																																																																																																																																																																																																																																																																																																																																																																																																																																																																																																																																																																																																																																																																																																																																																																																																																																																																																										CREATES -> service2
																																																																																																																																																																																																																																																																																																																																																																																																																																																																																																																																																																																																																																																																																																																																																																																																																																																																																																																																																																																																											CREATES -> service1
																																																																																																																																																																																																																																																																																																																																																																																																																																																																																																																																																																																																																																																																																																																																																																																																																																																																																																																																																																																																												CREATES -> service2
																																																																																																																																																																																																																																																																																																																																																																																																																																																																																																																																																																																																																																																																																																																																																																																																																																																																																																																																																																																																													CREATES -> service1
																																																																																																																																																																																																																																																																																																																																																																																																																																																																																																																																																																																																																																																																																																																																																																																																																																																																																																																																																																																																														CREATES -> service2
																																																																																																																																																																																																																																																																																																																																																																																																																																																																																																																																																																																																																																																																																																																																																																																																																																																																																																																																																																																																															CREATES -> service1
																																																																																																																																																																																																																																																																																																																																																																																																																																																																																																																																																																																																																																																																																																																																																																																																																																																																																																																																																																																																																CREATES -> service2
																																																																																																																																																																																																																																																																																																																																																																																																																																																																																																																																																																																																																																																																																																																																																																																																																																																																																																																																																																																																																	CREATES -> service1
																																																																																																																																																																																																																																																																																																																																																																																																																																																																																																																																																																																																																																																																																																																																																																																																																																																																																																																																																																																																																		CREATES -> service2
																																																																																																																																																																																																																																																																																																																																																																																																																																																																																																																																																																																																																																																																																																																																																																																																																																																																																																																																																																																																																			CREATES -> service1
																																																																																																																																																																																																																																																																																																																																																																																																																																																																																																																																																																																																																																																																																																																																																																																																																																																																																																																																																																																																																				CREATES -> service2
																																																																																																																																																																																																																																																																																																																																																																																																																																																																																																																																																																																																																																																																																																																																																																																																																																																																																																																																																																																																																					CREATES -> service1
																																																																																																																																																																																																																																																																																																																																																																																																																																																																																																																																																																																																																																																																																																																																																																																																																																																																																																																																																																																																																						CREATES -> service2
																																																																																																																																																																																																																																																																																																																																																																																																																																																																																																																																																																																																																																																																																																																																																																																																																																																																																																																																																																																																																							CREATES -> service1
																																																																																																																																																																																																																																																																																																																																																																																																																																																																																																																																																																																																																																																																																																																																																																																																																																																																																																																																																																																																																								CREATES -> service2
																																																																																																																																																																																																																																																																																																																																																																																																																																																																																																																																																																																																																																																																																																																																																																																																																																																																																																																																																																																																																									CREATES -> service1
																																																																																																																																																																																																																																																																																																																																																																																																																																																																																																																																																																																																																																																																																																																																																																																																																																																																																																																																																																																																																										CREATES -> service2
																																																																																																																																																																																																																																																																																																																																																																																																																																																																																																																																																																																																																																																																																																																																																																																																																																																																																																																																																																																																																											CREATES -> service1
																																																																																																																																																																																																																																																																																																																																																																																																																																																																																																																																																																																																																																																																																																																																																																																																																																																																																																																																																																																																																												CREATES -> service2
																																																																																																																																																																																																																																																																																																																																																																																																																																																																																																																																																																																																																																																																																																																																																																																																																																																																																																																																																																																																																													CREATES -> service1
																																																																																																																																																																																																																																																																																																																																																																																																																																																																																																																																																																																																																																																																																																																																																																																																																																																																																																																																																																																																																														CREATES -> service2
																																																																																																																																																																																																																																																																																																																																																																																																																																																																																																																																																																																																																																																																																																																																																																																																																																																																																																																																																																																																																															CREATES -> service1
																																																																																																																																																																																																																																																																																																																																																																																																																																																																																																																																																																																																																																																																																																																																																																																																																																																																																																																																																																																																																																CREATES -> service2
																																																																																																																																																																																																																																																																																																																																																																																																																																																																																																																																																																																																																																																																																																																																																																																																																																																																																																																																																																																																																																	CREATES -> service1
																																																																																																																																																																																																																																																																																																																																																																																																																																																																																																																																																																																																																																																																																																																																																																																																																																																																																																																																																																																																																																		CREATES -> service2
																																																																																																																																																																																																																																																																																																																																																																																																																																																																																																																																																																																																																																																																																																																																																																																																																																																																																																																																																																																																																																			CREATES -> service1
																																																																																																																																																																																																																																																																																																																																																																																																																																																																																																																																																																																																																																																																																																																																																																																																																																																																																																																																																																																																																																				CREATES -> service2
																																																																																																																																																																																																																																																																																																																																																																																																																																																																																																																																																																																																																																																																																																																																																																																																																																																																																																																																																																																																																																					CREATES -> service1
																																																																																																																																																																																																																																																																																																																																																																																																																																																																																																																																																																																																																																																																																																																																																																																																																																																																																																																																																																																																																																						CREATES -> service2
																																																																																																																																																																																																																																																																																																																																																																																																																																																																																																																																																																																																																																																																																																																																																																																																																																																																																																																																																																																																																																							CREATES -> service1
																																																																																																																																																																																																																																																																																																																																																																																																																																																																																																																																																																																																																																																																																																																																																																																																																																																																																																																																																																																																																																								CREATES -> service2
																																																																																																																																																																																																																																																																																																																																																																																																																																																																																																																																																																																																																																																																																																																																																																																																																																																																																																																																																																																																																																									CREATES -> service1
																																																																																																																																																																																																																																																																																																																																																																																																																																																																																																																																																																																																																																																																																																																																																																																																																																																																																																																																																																																																																																										CREATES -> service2
DONE, took 3.00ms (grand total 3.00ms)

<<< Instantiation Service :: SyncDesc - explode on loop >>>
CALL (accessor) => {  accessor.get(IService2);  }
	CREATES -> service2
		CREATES -> service1
			CREATES -> service2
				CREATES -> service1
					CREATES -> service2
						CREATES -> service1
							CREATES -> service2
								CREATES -> service1
									CREATES -> service2
										CREATES -> service1
											CREATES -> service2
												CREATES -> service1
													CREATES -> service2
														CREATES -> service1
															CREATES -> service2
																CREATES -> service1
																	CREATES -> service2
																		CREATES -> service1
																			CREATES -> service2
																				CREATES -> service1
																					CREATES -> service2
																						CREATES -> service1
																							CREATES -> service2
																								CREATES -> service1
																									CREATES -> service2
																										CREATES -> service1
																											CREATES -> service2
																												CREATES -> service1
																													CREATES -> service2
																														CREATES -> service1
																															CREATES -> service2
																																CREATES -> service1
																																	CREATES -> service2
																																		CREATES -> service1
																																			CREATES -> service2
																																				CREATES -> service1
																																					CREATES -> service2
																																						CREATES -> service1
																																							CREATES -> service2
																																								CREATES -> service1
																																									CREATES -> service2
																																										CREATES -> service1
																																											CREATES -> service2
																																												CREATES -> service1
																																													CREATES -> service2
																																														CREATES -> service1
																																															CREATES -> service2
																																																CREATES -> service1
																																																	CREATES -> service2
																																																		CREATES -> service1
																																																			CREATES -> service2
																																																				CREATES -> service1
																																																					CREATES -> service2
																																																						CREATES -> service1
																																																							CREATES -> service2
																																																								CREATES -> service1
																																																									CREATES -> service2
																																																										CREATES -> service1
																																																											CREATES -> service2
																																																												CREATES -> service1
																																																													CREATES -> service2
																																																														CREATES -> service1
																																																															CREATES -> service2
																																																																CREATES -> service1
																																																																	CREATES -> service2
																																																																		CREATES -> service1
																																																																			CREATES -> service2
																																																																				CREATES -> service1
																																																																					CREATES -> service2
																																																																						CREATES -> service1
																																																																							CREATES -> service2
																																																																								CREATES -> service1
																																																																									CREATES -> service2
																																																																										CREATES -> service1
																																																																											CREATES -> service2
																																																																												CREATES -> service1
																																																																													CREATES -> service2
																																																																														CREATES -> service1
																																																																															CREATES -> service2
																																																																																CREATES -> service1
																																																																																	CREATES -> service2
																																																																																		CREATES -> service1
																																																																																			CREATES -> service2
																																																																																				CREATES -> service1
																																																																																					CREATES -> service2
																																																																																						CREATES -> service1
																																																																																							CREATES -> service2
																																																																																								CREATES -> service1
																																																																																									CREATES -> service2
																																																																																										CREATES -> service1
																																																																																											CREATES -> service2
																																																																																												CREATES -> service1
																																																																																													CREATES -> service2
																																																																																														CREATES -> service1
																																																																																															CREATES -> service2
																																																																																																CREATES -> service1
																																																																																																	CREATES -> service2
																																																																																																		CREATES -> service1
																																																																																																			CREATES -> service2
																																																																																																				CREATES -> service1
																																																																																																					CREATES -> service2
																																																																																																						CREATES -> service1
																																																																																																							CREATES -> service2
																																																																																																								CREATES -> service1
																																																																																																									CREATES -> service2
																																																																																																										CREATES -> service1
																																																																																																											CREATES -> service2
																																																																																																												CREATES -> service1
																																																																																																													CREATES -> service2
																																																																																																														CREATES -> service1
																																																																																																															CREATES -> service2
																																																																																																																CREATES -> service1
																																																																																																																	CREATES -> service2
																																																																																																																		CREATES -> service1
																																																																																																																			CREATES -> service2
																																																																																																																				CREATES -> service1
																																																																																																																					CREATES -> service2
																																																																																																																						CREATES -> service1
																																																																																																																							CREATES -> service2
																																																																																																																								CREATES -> service1
																																																																																																																									CREATES -> service2
																																																																																																																										CREATES -> service1
																																																																																																																											CREATES -> service2
																																																																																																																												CREATES -> service1
																																																																																																																													CREATES -> service2
																																																																																																																														CREATES -> service1
																																																																																																																															CREATES -> service2
																																																																																																																																CREATES -> service1
																																																																																																																																	CREATES -> service2
																																																																																																																																		CREATES -> service1
																																																																																																																																			CREATES -> service2
																																																																																																																																				CREATES -> service1
																																																																																																																																					CREATES -> service2
																																																																																																																																						CREATES -> service1
																																																																																																																																							CREATES -> service2
																																																																																																																																								CREATES -> service1
																																																																																																																																									CREATES -> service2
																																																																																																																																										CREATES -> service1
																																																																																																																																											CREATES -> service2
																																																																																																																																												CREATES -> service1
																																																																																																																																													CREATES -> service2
																																																																																																																																														CREATES -> service1
																																																																																																																																															CREATES -> service2
																																																																																																																																																CREATES -> service1
																																																																																																																																																	CREATES -> service2
																																																																																																																																																		CREATES -> service1
																																																																																																																																																			CREATES -> service2
																																																																																																																																																				CREATES -> service1
																																																																																																																																																					CREATES -> service2
																																																																																																																																																						CREATES -> service1
																																																																																																																																																							CREATES -> service2
																																																																																																																																																								CREATES -> service1
																																																																																																																																																									CREATES -> service2
																																																																																																																																																										CREATES -> service1
																																																																																																																																																											CREATES -> service2
																																																																																																																																																												CREATES -> service1
																																																																																																																																																													CREATES -> service2
																																																																																																																																																														CREATES -> service1
																																																																																																																																																															CREATES -> service2
																																																																																																																																																																CREATES -> service1
																																																																																																																																																																	CREATES -> service2
																																																																																																																																																																		CREATES -> service1
																																																																																																																																																																			CREATES -> service2
																																																																																																																																																																				CREATES -> service1
																																																																																																																																																																					CREATES -> service2
																																																																																																																																																																						CREATES -> service1
																																																																																																																																																																							CREATES -> service2
																																																																																																																																																																								CREATES -> service1
																																																																																																																																																																									CREATES -> service2
																																																																																																																																																																										CREATES -> service1
																																																																																																																																																																											CREATES -> service2
																																																																																																																																																																												CREATES -> service1
																																																																																																																																																																													CREATES -> service2
																																																																																																																																																																														CREATES -> service1
																																																																																																																																																																															CREATES -> service2
																																																																																																																																																																																CREATES -> service1
																																																																																																																																																																																	CREATES -> service2
																																																																																																																																																																																		CREATES -> service1
																																																																																																																																																																																			CREATES -> service2
																																																																																																																																																																																				CREATES -> service1
																																																																																																																																																																																					CREATES -> service2
																																																																																																																																																																																						CREATES -> service1
																																																																																																																																																																																							CREATES -> service2
																																																																																																																																																																																								CREATES -> service1
																																																																																																																																																																																									CREATES -> service2
																																																																																																																																																																																										CREATES -> service1
																																																																																																																																																																																											CREATES -> service2
																																																																																																																																																																																												CREATES -> service1
																																																																																																																																																																																													CREATES -> service2
																																																																																																																																																																																														CREATES -> service1
																																																																																																																																																																																															CREATES -> service2
																																																																																																																																																																																																CREATES -> service1
																																																																																																																																																																																																	CREATES -> service2
																																																																																																																																																																																																		CREATES -> service1
																																																																																																																																																																																																			CREATES -> service2
																																																																																																																																																																																																				CREATES -> service1
																																																																																																																																																																																																					CREATES -> service2
																																																																																																																																																																																																						CREATES -> service1
																																																																																																																																																																																																							CREATES -> service2
																																																																																																																																																																																																								CREATES -> service1
																																																																																																																																																																																																									CREATES -> service2
																																																																																																																																																																																																										CREATES -> service1
																																																																																																																																																																																																											CREATES -> service2
																																																																																																																																																																																																												CREATES -> service1
																																																																																																																																																																																																													CREATES -> service2
																																																																																																																																																																																																														CREATES -> service1
																																																																																																																																																																																																															CREATES -> service2
																																																																																																																																																																																																																CREATES -> service1
																																																																																																																																																																																																																	CREATES -> service2
																																																																																																																																																																																																																		CREATES -> service1
																																																																																																																																																																																																																			CREATES -> service2
																																																																																																																																																																																																																				CREATES -> service1
																																																																																																																																																																																																																					CREATES -> service2
																																																																																																																																																																																																																						CREATES -> service1
																																																																																																																																																																																																																							CREATES -> service2
																																																																																																																																																																																																																								CREATES -> service1
																																																																																																																																																																																																																									CREATES -> service2
																																																																																																																																																																																																																										CREATES -> service1
																																																																																																																																																																																																																											CREATES -> service2
																																																																																																																																																																																																																												CREATES -> service1
																																																																																																																																																																																																																													CREATES -> service2
																																																																																																																																																																																																																														CREATES -> service1
																																																																																																																																																																																																																															CREATES -> service2
																																																																																																																																																																																																																																CREATES -> service1
																																																																																																																																																																																																																																	CREATES -> service2
																																																																																																																																																																																																																																		CREATES -> service1
																																																																																																																																																																																																																																			CREATES -> service2
																																																																																																																																																																																																																																				CREATES -> service1
																																																																																																																																																																																																																																					CREATES -> service2
																																																																																																																																																																																																																																						CREATES -> service1
																																																																																																																																																																																																																																							CREATES -> service2
																																																																																																																																																																																																																																								CREATES -> service1
																																																																																																																																																																																																																																									CREATES -> service2
																																																																																																																																																																																																																																										CREATES -> service1
																																																																																																																																																																																																																																											CREATES -> service2
																																																																																																																																																																																																																																												CREATES -> service1
																																																																																																																																																																																																																																													CREATES -> service2
																																																																																																																																																																																																																																														CREATES -> service1
																																																																																																																																																																																																																																															CREATES -> service2
																																																																																																																																																																																																																																																CREATES -> service1
																																																																																																																																																																																																																																																	CREATES -> service2
																																																																																																																																																																																																																																																		CREATES -> service1
																																																																																																																																																																																																																																																			CREATES -> service2
																																																																																																																																																																																																																																																				CREATES -> service1
																																																																																																																																																																																																																																																					CREATES -> service2
																																																																																																																																																																																																																																																						CREATES -> service1
																																																																																																																																																																																																																																																							CREATES -> service2
																																																																																																																																																																																																																																																								CREATES -> service1
																																																																																																																																																																																																																																																									CREATES -> service2
																																																																																																																																																																																																																																																										CREATES -> service1
																																																																																																																																																																																																																																																											CREATES -> service2
																																																																																																																																																																																																																																																												CREATES -> service1
																																																																																																																																																																																																																																																													CREATES -> service2
																																																																																																																																																																																																																																																														CREATES -> service1
																																																																																																																																																																																																																																																															CREATES -> service2
																																																																																																																																																																																																																																																																CREATES -> service1
																																																																																																																																																																																																																																																																	CREATES -> service2
																																																																																																																																																																																																																																																																		CREATES -> service1
																																																																																																																																																																																																																																																																			CREATES -> service2
																																																																																																																																																																																																																																																																				CREATES -> service1
																																																																																																																																																																																																																																																																					CREATES -> service2
																																																																																																																																																																																																																																																																						CREATES -> service1
																																																																																																																																																																																																																																																																							CREATES -> service2
																																																																																																																																																																																																																																																																								CREATES -> service1
																																																																																																																																																																																																																																																																									CREATES -> service2
																																																																																																																																																																																																																																																																										CREATES -> service1
																																																																																																																																																																																																																																																																											CREATES -> service2
																																																																																																																																																																																																																																																																												CREATES -> service1
																																																																																																																																																																																																																																																																													CREATES -> service2
																																																																																																																																																																																																																																																																														CREATES -> service1
																																																																																																																																																																																																																																																																															CREATES -> service2
																																																																																																																																																																																																																																																																																CREATES -> service1
																																																																																																																																																																																																																																																																																	CREATES -> service2
																																																																																																																																																																																																																																																																																		CREATES -> service1
																																																																																																																																																																																																																																																																																			CREATES -> service2
																																																																																																																																																																																																																																																																																				CREATES -> service1
																																																																																																																																																																																																																																																																																					CREATES -> service2
																																																																																																																																																																																																																																																																																						CREATES -> service1
																																																																																																																																																																																																																																																																																							CREATES -> service2
																																																																																																																																																																																																																																																																																								CREATES -> service1
																																																																																																																																																																																																																																																																																									CREATES -> service2
																																																																																																																																																																																																																																																																																										CREATES -> service1
																																																																																																																																																																																																																																																																																											CREATES -> service2
																																																																																																																																																																																																																																																																																												CREATES -> service1
																																																																																																																																																																																																																																																																																													CREATES -> service2
																																																																																																																																																																																																																																																																																														CREATES -> service1
																																																																																																																																																																																																																																																																																															CREATES -> service2
																																																																																																																																																																																																																																																																																																CREATES -> service1
																																																																																																																																																																																																																																																																																																	CREATES -> service2
																																																																																																																																																																																																																																																																																																		CREATES -> service1
																																																																																																																																																																																																																																																																																																			CREATES -> service2
																																																																																																																																																																																																																																																																																																				CREATES -> service1
																																																																																																																																																																																																																																																																																																					CREATES -> service2
																																																																																																																																																																																																																																																																																																						CREATES -> service1
																																																																																																																																																																																																																																																																																																							CREATES -> service2
																																																																																																																																																																																																																																																																																																								CREATES -> service1
																																																																																																																																																																																																																																																																																																									CREATES -> service2
																																																																																																																																																																																																																																																																																																										CREATES -> service1
																																																																																																																																																																																																																																																																																																											CREATES -> service2
																																																																																																																																																																																																																																																																																																												CREATES -> service1
																																																																																																																																																																																																																																																																																																													CREATES -> service2
																																																																																																																																																																																																																																																																																																														CREATES -> service1
																																																																																																																																																																																																																																																																																																															CREATES -> service2
																																																																																																																																																																																																																																																																																																																CREATES -> service1
																																																																																																																																																																																																																																																																																																																	CREATES -> service2
																																																																																																																																																																																																																																																																																																																		CREATES -> service1
																																																																																																																																																																																																																																																																																																																			CREATES -> service2
																																																																																																																																																																																																																																																																																																																				CREATES -> service1
																																																																																																																																																																																																																																																																																																																					CREATES -> service2
																																																																																																																																																																																																																																																																																																																						CREATES -> service1
																																																																																																																																																																																																																																																																																																																							CREATES -> service2
																																																																																																																																																																																																																																																																																																																								CREATES -> service1
																																																																																																																																																																																																																																																																																																																									CREATES -> service2
																																																																																																																																																																																																																																																																																																																										CREATES -> service1
																																																																																																																																																																																																																																																																																																																											CREATES -> service2
																																																																																																																																																																																																																																																																																																																												CREATES -> service1
																																																																																																																																																																																																																																																																																																																													CREATES -> service2
																																																																																																																																																																																																																																																																																																																														CREATES -> service1
																																																																																																																																																																																																																																																																																																																															CREATES -> service2
																																																																																																																																																																																																																																																																																																																																CREATES -> service1
																																																																																																																																																																																																																																																																																																																																	CREATES -> service2
																																																																																																																																																																																																																																																																																																																																		CREATES -> service1
																																																																																																																																																																																																																																																																																																																																			CREATES -> service2
																																																																																																																																																																																																																																																																																																																																				CREATES -> service1
																																																																																																																																																																																																																																																																																																																																					CREATES -> service2
																																																																																																																																																																																																																																																																																																																																						CREATES -> service1
																																																																																																																																																																																																																																																																																																																																							CREATES -> service2
																																																																																																																																																																																																																																																																																																																																								CREATES -> service1
																																																																																																																																																																																																																																																																																																																																									CREATES -> service2
																																																																																																																																																																																																																																																																																																																																										CREATES -> service1
																																																																																																																																																																																																																																																																																																																																											CREATES -> service2
																																																																																																																																																																																																																																																																																																																																												CREATES -> service1
																																																																																																																																																																																																																																																																																																																																													CREATES -> service2
																																																																																																																																																																																																																																																																																																																																														CREATES -> service1
																																																																																																																																																																																																																																																																																																																																															CREATES -> service2
																																																																																																																																																																																																																																																																																																																																																CREATES -> service1
																																																																																																																																																																																																																																																																																																																																																	CREATES -> service2
																																																																																																																																																																																																																																																																																																																																																		CREATES -> service1
																																																																																																																																																																																																																																																																																																																																																			CREATES -> service2
																																																																																																																																																																																																																																																																																																																																																				CREATES -> service1
																																																																																																																																																																																																																																																																																																																																																					CREATES -> service2
																																																																																																																																																																																																																																																																																																																																																						CREATES -> service1
																																																																																																																																																																																																																																																																																																																																																							CREATES -> service2
																																																																																																																																																																																																																																																																																																																																																								CREATES -> service1
																																																																																																																																																																																																																																																																																																																																																									CREATES -> service2
																																																																																																																																																																																																																																																																																																																																																										CREATES -> service1
																																																																																																																																																																																																																																																																																																																																																											CREATES -> service2
																																																																																																																																																																																																																																																																																																																																																												CREATES -> service1
																																																																																																																																																																																																																																																																																																																																																													CREATES -> service2
																																																																																																																																																																																																																																																																																																																																																														CREATES -> service1
																																																																																																																																																																																																																																																																																																																																																															CREATES -> service2
																																																																																																																																																																																																																																																																																																																																																																CREATES -> service1
																																																																																																																																																																																																																																																																																																																																																																	CREATES -> service2
																																																																																																																																																																																																																																																																																																																																																																		CREATES -> service1
																																																																																																																																																																																																																																																																																																																																																																			CREATES -> service2
																																																																																																																																																																																																																																																																																																																																																																				CREATES -> service1
																																																																																																																																																																																																																																																																																																																																																																					CREATES -> service2
																																																																																																																																																																																																																																																																																																																																																																						CREATES -> service1
																																																																																																																																																																																																																																																																																																																																																																							CREATES -> service2
																																																																																																																																																																																																																																																																																																																																																																								CREATES -> service1
																																																																																																																																																																																																																																																																																																																																																																									CREATES -> service2
																																																																																																																																																																																																																																																																																																																																																																										CREATES -> service1
																																																																																																																																																																																																																																																																																																																																																																											CREATES -> service2
																																																																																																																																																																																																																																																																																																																																																																												CREATES -> service1
																																																																																																																																																																																																																																																																																																																																																																													CREATES -> service2
																																																																																																																																																																																																																																																																																																																																																																														CREATES -> service1
																																																																																																																																																																																																																																																																																																																																																																															CREATES -> service2
																																																																																																																																																																																																																																																																																																																																																																																CREATES -> service1
																																																																																																																																																																																																																																																																																																																																																																																	CREATES -> service2
																																																																																																																																																																																																																																																																																																																																																																																		CREATES -> service1
																																																																																																																																																																																																																																																																																																																																																																																			CREATES -> service2
																																																																																																																																																																																																																																																																																																																																																																																				CREATES -> service1
																																																																																																																																																																																																																																																																																																																																																																																					CREATES -> service2
																																																																																																																																																																																																																																																																																																																																																																																						CREATES -> service1
																																																																																																																																																																																																																																																																																																																																																																																							CREATES -> service2
																																																																																																																																																																																																																																																																																																																																																																																								CREATES -> service1
																																																																																																																																																																																																																																																																																																																																																																																									CREATES -> service2
																																																																																																																																																																																																																																																																																																																																																																																										CREATES -> service1
																																																																																																																																																																																																																																																																																																																																																																																											CREATES -> service2
																																																																																																																																																																																																																																																																																																																																																																																												CREATES -> service1
																																																																																																																																																																																																																																																																																																																																																																																													CREATES -> service2
																																																																																																																																																																																																																																																																																																																																																																																														CREATES -> service1
																																																																																																																																																																																																																																																																																																																																																																																															CREATES -> service2
																																																																																																																																																																																																																																																																																																																																																																																																CREATES -> service1
																																																																																																																																																																																																																																																																																																																																																																																																	CREATES -> service2
																																																																																																																																																																																																																																																																																																																																																																																																		CREATES -> service1
																																																																																																																																																																																																																																																																																																																																																																																																			CREATES -> service2
																																																																																																																																																																																																																																																																																																																																																																																																				CREATES -> service1
																																																																																																																																																																																																																																																																																																																																																																																																					CREATES -> service2
																																																																																																																																																																																																																																																																																																																																																																																																						CREATES -> service1
																																																																																																																																																																																																																																																																																																																																																																																																							CREATES -> service2
																																																																																																																																																																																																																																																																																																																																																																																																								CREATES -> service1
																																																																																																																																																																																																																																																																																																																																																																																																									CREATES -> service2
																																																																																																																																																																																																																																																																																																																																																																																																										CREATES -> service1
																																																																																																																																																																																																																																																																																																																																																																																																											CREATES -> service2
																																																																																																																																																																																																																																																																																																																																																																																																												CREATES -> service1
																																																																																																																																																																																																																																																																																																																																																																																																													CREATES -> service2
																																																																																																																																																																																																																																																																																																																																																																																																														CREATES -> service1
																																																																																																																																																																																																																																																																																																																																																																																																															CREATES -> service2
																																																																																																																																																																																																																																																																																																																																																																																																																CREATES -> service1
																																																																																																																																																																																																																																																																																																																																																																																																																	CREATES -> service2
																																																																																																																																																																																																																																																																																																																																																																																																																		CREATES -> service1
																																																																																																																																																																																																																																																																																																																																																																																																																			CREATES -> service2
																																																																																																																																																																																																																																																																																																																																																																																																																				CREATES -> service1
																																																																																																																																																																																																																																																																																																																																																																																																																					CREATES -> service2
																																																																																																																																																																																																																																																																																																																																																																																																																						CREATES -> service1
																																																																																																																																																																																																																																																																																																																																																																																																																							CREATES -> service2
																																																																																																																																																																																																																																																																																																																																																																																																																								CREATES -> service1
																																																																																																																																																																																																																																																																																																																																																																																																																									CREATES -> service2
																																																																																																																																																																																																																																																																																																																																																																																																																										CREATES -> service1
																																																																																																																																																																																																																																																																																																																																																																																																																											CREATES -> service2
																																																																																																																																																																																																																																																																																																																																																																																																																												CREATES -> service1
																																																																																																																																																																																																																																																																																																																																																																																																																													CREATES -> service2
																																																																																																																																																																																																																																																																																																																																																																																																																														CREATES -> service1
																																																																																																																																																																																																																																																																																																																																																																																																																															CREATES -> service2
																																																																																																																																																																																																																																																																																																																																																																																																																																CREATES -> service1
																																																																																																																																																																																																																																																																																																																																																																																																																																	CREATES -> service2
																																																																																																																																																																																																																																																																																																																																																																																																																																		CREATES -> service1
																																																																																																																																																																																																																																																																																																																																																																																																																																			CREATES -> service2
																																																																																																																																																																																																																																																																																																																																																																																																																																				CREATES -> service1
																																																																																																																																																																																																																																																																																																																																																																																																																																					CREATES -> service2
																																																																																																																																																																																																																																																																																																																																																																																																																																						CREATES -> service1
																																																																																																																																																																																																																																																																																																																																																																																																																																							CREATES -> service2
																																																																																																																																																																																																																																																																																																																																																																																																																																								CREATES -> service1
																																																																																																																																																																																																																																																																																																																																																																																																																																									CREATES -> service2
																																																																																																																																																																																																																																																																																																																																																																																																																																										CREATES -> service1
																																																																																																																																																																																																																																																																																																																																																																																																																																											CREATES -> service2
																																																																																																																																																																																																																																																																																																																																																																																																																																												CREATES -> service1
																																																																																																																																																																																																																																																																																																																																																																																																																																													CREATES -> service2
																																																																																																																																																																																																																																																																																																																																																																																																																																														CREATES -> service1
																																																																																																																																																																																																																																																																																																																																																																																																																																															CREATES -> service2
																																																																																																																																																																																																																																																																																																																																																																																																																																																CREATES -> service1
																																																																																																																																																																																																																																																																																																																																																																																																																																																	CREATES -> service2
																																																																																																																																																																																																																																																																																																																																																																																																																																																		CREATES -> service1
																																																																																																																																																																																																																																																																																																																																																																																																																																																			CREATES -> service2
																																																																																																																																																																																																																																																																																																																																																																																																																																																				CREATES -> service1
																																																																																																																																																																																																																																																																																																																																																																																																																																																					CREATES -> service2
																																																																																																																																																																																																																																																																																																																																																																																																																																																						CREATES -> service1
																																																																																																																																																																																																																																																																																																																																																																																																																																																							CREATES -> service2
																																																																																																																																																																																																																																																																																																																																																																																																																																																								CREATES -> service1
																																																																																																																																																																																																																																																																																																																																																																																																																																																									CREATES -> service2
																																																																																																																																																																																																																																																																																																																																																																																																																																																										CREATES -> service1
																																																																																																																																																																																																																																																																																																																																																																																																																																																											CREATES -> service2
																																																																																																																																																																																																																																																																																																																																																																																																																																																												CREATES -> service1
																																																																																																																																																																																																																																																																																																																																																																																																																																																													CREATES -> service2
																																																																																																																																																																																																																																																																																																																																																																																																																																																														CREATES -> service1
																																																																																																																																																																																																																																																																																																																																																																																																																																																															CREATES -> service2
																																																																																																																																																																																																																																																																																																																																																																																																																																																																CREATES -> service1
																																																																																																																																																																																																																																																																																																																																																																																																																																																																	CREATES -> service2
																																																																																																																																																																																																																																																																																																																																																																																																																																																																		CREATES -> service1
																																																																																																																																																																																																																																																																																																																																																																																																																																																																			CREATES -> service2
																																																																																																																																																																																																																																																																																																																																																																																																																																																																				CREATES -> service1
																																																																																																																																																																																																																																																																																																																																																																																																																																																																					CREATES -> service2
																																																																																																																																																																																																																																																																																																																																																																																																																																																																						CREATES -> service1
																																																																																																																																																																																																																																																																																																																																																																																																																																																																							CREATES -> service2
																																																																																																																																																																																																																																																																																																																																																																																																																																																																								CREATES -> service1
																																																																																																																																																																																																																																																																																																																																																																																																																																																																									CREATES -> service2
																																																																																																																																																																																																																																																																																																																																																																																																																																																																										CREATES -> service1
																																																																																																																																																																																																																																																																																																																																																																																																																																																																											CREATES -> service2
																																																																																																																																																																																																																																																																																																																																																																																																																																																																												CREATES -> service1
																																																																																																																																																																																																																																																																																																																																																																																																																																																																													CREATES -> service2
																																																																																																																																																																																																																																																																																																																																																																																																																																																																														CREATES -> service1
																																																																																																																																																																																																																																																																																																																																																																																																																																																																															CREATES -> service2
																																																																																																																																																																																																																																																																																																																																																																																																																																																																																CREATES -> service1
																																																																																																																																																																																																																																																																																																																																																																																																																																																																																	CREATES -> service2
																																																																																																																																																																																																																																																																																																																																																																																																																																																																																		CREATES -> service1
																																																																																																																																																																																																																																																																																																																																																																																																																																																																																			CREATES -> service2
																																																																																																																																																																																																																																																																																																																																																																																																																																																																																				CREATES -> service1
																																																																																																																																																																																																																																																																																																																																																																																																																																																																																					CREATES -> service2
																																																																																																																																																																																																																																																																																																																																																																																																																																																																																						CREATES -> service1
																																																																																																																																																																																																																																																																																																																																																																																																																																																																																							CREATES -> service2
																																																																																																																																																																																																																																																																																																																																																																																																																																																																																								CREATES -> service1
																																																																																																																																																																																																																																																																																																																																																																																																																																																																																									CREATES -> service2
																																																																																																																																																																																																																																																																																																																																																																																																																																																																																										CREATES -> service1
																																																																																																																																																																																																																																																																																																																																																																																																																																																																																											CREATES -> service2
																																																																																																																																																																																																																																																																																																																																																																																																																																																																																												CREATES -> service1
																																																																																																																																																																																																																																																																																																																																																																																																																																																																																													CREATES -> service2
																																																																																																																																																																																																																																																																																																																																																																																																																																																																																														CREATES -> service1
																																																																																																																																																																																																																																																																																																																																																																																																																																																																																															CREATES -> service2
																																																																																																																																																																																																																																																																																																																																																																																																																																																																																																CREATES -> service1
																																																																																																																																																																																																																																																																																																																																																																																																																																																																																																	CREATES -> service2
																																																																																																																																																																																																																																																																																																																																																																																																																																																																																																		CREATES -> service1
																																																																																																																																																																																																																																																																																																																																																																																																																																																																																																			CREATES -> service2
																																																																																																																																																																																																																																																																																																																																																																																																																																																																																																				CREATES -> service1
																																																																																																																																																																																																																																																																																																																																																																																																																																																																																																					CREATES -> service2
																																																																																																																																																																																																																																																																																																																																																																																																																																																																																																						CREATES -> service1
																																																																																																																																																																																																																																																																																																																																																																																																																																																																																																							CREATES -> service2
																																																																																																																																																																																																																																																																																																																																																																																																																																																																																																								CREATES -> service1
																																																																																																																																																																																																																																																																																																																																																																																																																																																																																																									CREATES -> service2
																																																																																																																																																																																																																																																																																																																																																																																																																																																																																																										CREATES -> service1
																																																																																																																																																																																																																																																																																																																																																																																																																																																																																																											CREATES -> service2
																																																																																																																																																																																																																																																																																																																																																																																																																																																																																																												CREATES -> service1
																																																																																																																																																																																																																																																																																																																																																																																																																																																																																																													CREATES -> service2
																																																																																																																																																																																																																																																																																																																																																																																																																																																																																																														CREATES -> service1
																																																																																																																																																																																																																																																																																																																																																																																																																																																																																																															CREATES -> service2
																																																																																																																																																																																																																																																																																																																																																																																																																																																																																																																CREATES -> service1
																																																																																																																																																																																																																																																																																																																																																																																																																																																																																																																	CREATES -> service2
																																																																																																																																																																																																																																																																																																																																																																																																																																																																																																																		CREATES -> service1
																																																																																																																																																																																																																																																																																																																																																																																																																																																																																																																			CREATES -> service2
																																																																																																																																																																																																																																																																																																																																																																																																																																																																																																																				CREATES -> service1
																																																																																																																																																																																																																																																																																																																																																																																																																																																																																																																					CREATES -> service2
																																																																																																																																																																																																																																																																																																																																																																																																																																																																																																																						CREATES -> service1
																																																																																																																																																																																																																																																																																																																																																																																																																																																																																																																							CREATES -> service2
																																																																																																																																																																																																																																																																																																																																																																																																																																																																																																																								CREATES -> service1
																																																																																																																																																																																																																																																																																																																																																																																																																																																																																																																									CREATES -> service2
																																																																																																																																																																																																																																																																																																																																																																																																																																																																																																																										CREATES -> service1
																																																																																																																																																																																																																																																																																																																																																																																																																																																																																																																											CREATES -> service2
																																																																																																																																																																																																																																																																																																																																																																																																																																																																																																																												CREATES -> service1
																																																																																																																																																																																																																																																																																																																																																																																																																																																																																																																													CREATES -> service2
																																																																																																																																																																																																																																																																																																																																																																																																																																																																																																																														CREATES -> service1
																																																																																																																																																																																																																																																																																																																																																																																																																																																																																																																															CREATES -> service2
																																																																																																																																																																																																																																																																																																																																																																																																																																																																																																																																CREATES -> service1
																																																																																																																																																																																																																																																																																																																																																																																																																																																																																																																																	CREATES -> service2
																																																																																																																																																																																																																																																																																																																																																																																																																																																																																																																																		CREATES -> service1
																																																																																																																																																																																																																																																																																																																																																																																																																																																																																																																																			CREATES -> service2
																																																																																																																																																																																																																																																																																																																																																																																																																																																																																																																																				CREATES -> service1
																																																																																																																																																																																																																																																																																																																																																																																																																																																																																																																																					CREATES -> service2
																																																																																																																																																																																																																																																																																																																																																																																																																																																																																																																																						CREATES -> service1
																																																																																																																																																																																																																																																																																																																																																																																																																																																																																																																																							CREATES -> service2
																																																																																																																																																																																																																																																																																																																																																																																																																																																																																																																																								CREATES -> service1
																																																																																																																																																																																																																																																																																																																																																																																																																																																																																																																																									CREATES -> service2
																																																																																																																																																																																																																																																																																																																																																																																																																																																																																																																																										CREATES -> service1
																																																																																																																																																																																																																																																																																																																																																																																																																																																																																																																																											CREATES -> service2
																																																																																																																																																																																																																																																																																																																																																																																																																																																																																																																																												CREATES -> service1
																																																																																																																																																																																																																																																																																																																																																																																																																																																																																																																																													CREATES -> service2
																																																																																																																																																																																																																																																																																																																																																																																																																																																																																																																																														CREATES -> service1
																																																																																																																																																																																																																																																																																																																																																																																																																																																																																																																																															CREATES -> service2
																																																																																																																																																																																																																																																																																																																																																																																																																																																																																																																																																CREATES -> service1
																																																																																																																																																																																																																																																																																																																																																																																																																																																																																																																																																	CREATES -> service2
																																																																																																																																																																																																																																																																																																																																																																																																																																																																																																																																																		CREATES -> service1
																																																																																																																																																																																																																																																																																																																																																																																																																																																																																																																																																			CREATES -> service2
																																																																																																																																																																																																																																																																																																																																																																																																																																																																																																																																																				CREATES -> service1
																																																																																																																																																																																																																																																																																																																																																																																																																																																																																																																																																					CREATES -> service2
																																																																																																																																																																																																																																																																																																																																																																																																																																																																																																																																																						CREATES -> service1
																																																																																																																																																																																																																																																																																																																																																																																																																																																																																																																																																							CREATES -> service2
																																																																																																																																																																																																																																																																																																																																																																																																																																																																																																																																																								CREATES -> service1
																																																																																																																																																																																																																																																																																																																																																																																																																																																																																																																																																									CREATES -> service2
																																																																																																																																																																																																																																																																																																																																																																																																																																																																																																																																																										CREATES -> service1
																																																																																																																																																																																																																																																																																																																																																																																																																																																																																																																																																											CREATES -> service2
																																																																																																																																																																																																																																																																																																																																																																																																																																																																																																																																																												CREATES -> service1
																																																																																																																																																																																																																																																																																																																																																																																																																																																																																																																																																													CREATES -> service2
																																																																																																																																																																																																																																																																																																																																																																																																																																																																																																																																																														CREATES -> service1
																																																																																																																																																																																																																																																																																																																																																																																																																																																																																																																																																															CREATES -> service2
																																																																																																																																																																																																																																																																																																																																																																																																																																																																																																																																																																CREATES -> service1
																																																																																																																																																																																																																																																																																																																																																																																																																																																																																																																																																																	CREATES -> service2
																																																																																																																																																																																																																																																																																																																																																																																																																																																																																																																																																																		CREATES -> service1
																																																																																																																																																																																																																																																																																																																																																																																																																																																																																																																																																																			CREATES -> service2
																																																																																																																																																																																																																																																																																																																																																																																																																																																																																																																																																																				CREATES -> service1
																																																																																																																																																																																																																																																																																																																																																																																																																																																																																																																																																																					CREATES -> service2
																																																																																																																																																																																																																																																																																																																																																																																																																																																																																																																																																																						CREATES -> service1
																																																																																																																																																																																																																																																																																																																																																																																																																																																																																																																																																																							CREATES -> service2
																																																																																																																																																																																																																																																																																																																																																																																																																																																																																																																																																																								CREATES -> service1
																																																																																																																																																																																																																																																																																																																																																																																																																																																																																																																																																																									CREATES -> service2
																																																																																																																																																																																																																																																																																																																																																																																																																																																																																																																																																																										CREATES -> service1
																																																																																																																																																																																																																																																																																																																																																																																																																																																																																																																																																																											CREATES -> service2
																																																																																																																																																																																																																																																																																																																																																																																																																																																																																																																																																																												CREATES -> service1
																																																																																																																																																																																																																																																																																																																																																																																																																																																																																																																																																																													CREATES -> service2
																																																																																																																																																																																																																																																																																																																																																																																																																																																																																																																																																																														CREATES -> service1
																																																																																																																																																																																																																																																																																																																																																																																																																																																																																																																																																																															CREATES -> service2
																																																																																																																																																																																																																																																																																																																																																																																																																																																																																																																																																																																CREATES -> service1
																																																																																																																																																																																																																																																																																																																																																																																																																																																																																																																																																																																	CREATES -> service2
																																																																																																																																																																																																																																																																																																																																																																																																																																																																																																																																																																																		CREATES -> service1
																																																																																																																																																																																																																																																																																																																																																																																																																																																																																																																																																																																			CREATES -> service2
																																																																																																																																																																																																																																																																																																																																																																																																																																																																																																																																																																																				CREATES -> service1
																																																																																																																																																																																																																																																																																																																																																																																																																																																																																																																																																																																					CREATES -> service2
																																																																																																																																																																																																																																																																																																																																																																																																																																																																																																																																																																																						CREATES -> service1
																																																																																																																																																																																																																																																																																																																																																																																																																																																																																																																																																																																							CREATES -> service2
																																																																																																																																																																																																																																																																																																																																																																																																																																																																																																																																																																																								CREATES -> service1
																																																																																																																																																																																																																																																																																																																																																																																																																																																																																																																																																																																									CREATES -> service2
																																																																																																																																																																																																																																																																																																																																																																																																																																																																																																																																																																																										CREATES -> service1
																																																																																																																																																																																																																																																																																																																																																																																																																																																																																																																																																																																											CREATES -> service2
																																																																																																																																																																																																																																																																																																																																																																																																																																																																																																																																																																																												CREATES -> service1
																																																																																																																																																																																																																																																																																																																																																																																																																																																																																																																																																																																													CREATES -> service2
																																																																																																																																																																																																																																																																																																																																																																																																																																																																																																																																																																																														CREATES -> service1
																																																																																																																																																																																																																																																																																																																																																																																																																																																																																																																																																																																															CREATES -> service2
																																																																																																																																																																																																																																																																																																																																																																																																																																																																																																																																																																																																CREATES -> service1
																																																																																																																																																																																																																																																																																																																																																																																																																																																																																																																																																																																																	CREATES -> service2
																																																																																																																																																																																																																																																																																																																																																																																																																																																																																																																																																																																																		CREATES -> service1
																																																																																																																																																																																																																																																																																																																																																																																																																																																																																																																																																																																																			CREATES -> service2
																																																																																																																																																																																																																																																																																																																																																																																																																																																																																																																																																																																																				CREATES -> service1
																																																																																																																																																																																																																																																																																																																																																																																																																																																																																																																																																																																																					CREATES -> service2
																																																																																																																																																																																																																																																																																																																																																																																																																																																																																																																																																																																																						CREATES -> service1
																																																																																																																																																																																																																																																																																																																																																																																																																																																																																																																																																																																																							CREATES -> service2
																																																																																																																																																																																																																																																																																																																																																																																																																																																																																																																																																																																																								CREATES -> service1
																																																																																																																																																																																																																																																																																																																																																																																																																																																																																																																																																																																																									CREATES -> service2
																																																																																																																																																																																																																																																																																																																																																																																																																																																																																																																																																																																																										CREATES -> service1
																																																																																																																																																																																																																																																																																																																																																																																																																																																																																																																																																																																																											CREATES -> service2
																																																																																																																																																																																																																																																																																																																																																																																																																																																																																																																																																																																																												CREATES -> service1
																																																																																																																																																																																																																																																																																																																																																																																																																																																																																																																																																																																																													CREATES -> service2
																																																																																																																																																																																																																																																																																																																																																																																																																																																																																																																																																																																																														CREATES -> service1
																																																																																																																																																																																																																																																																																																																																																																																																																																																																																																																																																																																																															CREATES -> service2
																																																																																																																																																																																																																																																																																																																																																																																																																																																																																																																																																																																																																CREATES -> service1
																																																																																																																																																																																																																																																																																																																																																																																																																																																																																																																																																																																																																	CREATES -> service2
																																																																																																																																																																																																																																																																																																																																																																																																																																																																																																																																																																																																																		CREATES -> service1
																																																																																																																																																																																																																																																																																																																																																																																																																																																																																																																																																																																																																			CREATES -> service2
																																																																																																																																																																																																																																																																																																																																																																																																																																																																																																																																																																																																																				CREATES -> service1
																																																																																																																																																																																																																																																																																																																																																																																																																																																																																																																																																																																																																					CREATES -> service2
																																																																																																																																																																																																																																																																																																																																																																																																																																																																																																																																																																																																																						CREATES -> service1
																																																																																																																																																																																																																																																																																																																																																																																																																																																																																																																																																																																																																							CREATES -> service2
																																																																																																																																																																																																																																																																																																																																																																																																																																																																																																																																																																																																																								CREATES -> service1
																																																																																																																																																																																																																																																																																																																																																																																																																																																																																																																																																																																																																									CREATES -> service2
																																																																																																																																																																																																																																																																																																																																																																																																																																																																																																																																																																																																																										CREATES -> service1
																																																																																																																																																																																																																																																																																																																																																																																																																																																																																																																																																																																																																											CREATES -> service2
																																																																																																																																																																																																																																																																																																																																																																																																																																																																																																																																																																																																																												CREATES -> service1
																																																																																																																																																																																																																																																																																																																																																																																																																																																																																																																																																																																																																													CREATES -> service2
																																																																																																																																																																																																																																																																																																																																																																																																																																																																																																																																																																																																																														CREATES -> service1
																																																																																																																																																																																																																																																																																																																																																																																																																																																																																																																																																																																																																															CREATES -> service2
																																																																																																																																																																																																																																																																																																																																																																																																																																																																																																																																																																																																																																CREATES -> service1
																																																																																																																																																																																																																																																																																																																																																																																																																																																																																																																																																																																																																																	CREATES -> service2
																																																																																																																																																																																																																																																																																																																																																																																																																																																																																																																																																																																																																																		CREATES -> service1
																																																																																																																																																																																																																																																																																																																																																																																																																																																																																																																																																																																																																																			CREATES -> service2
																																																																																																																																																																																																																																																																																																																																																																																																																																																																																																																																																																																																																																				CREATES -> service1
																																																																																																																																																																																																																																																																																																																																																																																																																																																																																																																																																																																																																																					CREATES -> service2
																																																																																																																																																																																																																																																																																																																																																																																																																																																																																																																																																																																																																																						CREATES -> service1
																																																																																																																																																																																																																																																																																																																																																																																																																																																																																																																																																																																																																																							CREATES -> service2
																																																																																																																																																																																																																																																																																																																																																																																																																																																																																																																																																																																																																																								CREATES -> service1
																																																																																																																																																																																																																																																																																																																																																																																																																																																																																																																																																																																																																																									CREATES -> service2
																																																																																																																																																																																																																																																																																																																																																																																																																																																																																																																																																																																																																																										CREATES -> service1
																																																																																																																																																																																																																																																																																																																																																																																																																																																																																																																																																																																																																																											CREATES -> service2
																																																																																																																																																																																																																																																																																																																																																																																																																																																																																																																																																																																																																																												CREATES -> service1
																																																																																																																																																																																																																																																																																																																																																																																																																																																																																																																																																																																																																																													CREATES -> service2
																																																																																																																																																																																																																																																																																																																																																																																																																																																																																																																																																																																																																																														CREATES -> service1
																																																																																																																																																																																																																																																																																																																																																																																																																																																																																																																																																																																																																																															CREATES -> service2
																																																																																																																																																																																																																																																																																																																																																																																																																																																																																																																																																																																																																																																CREATES -> service1
																																																																																																																																																																																																																																																																																																																																																																																																																																																																																																																																																																																																																																																	CREATES -> service2
																																																																																																																																																																																																																																																																																																																																																																																																																																																																																																																																																																																																																																																		CREATES -> service1
																																																																																																																																																																																																																																																																																																																																																																																																																																																																																																																																																																																																																																																			CREATES -> service2
																																																																																																																																																																																																																																																																																																																																																																																																																																																																																																																																																																																																																																																				CREATES -> service1
																																																																																																																																																																																																																																																																																																																																																																																																																																																																																																																																																																																																																																																					CREATES -> service2
																																																																																																																																																																																																																																																																																																																																																																																																																																																																																																																																																																																																																																																						CREATES -> service1
																																																																																																																																																																																																																																																																																																																																																																																																																																																																																																																																																																																																																																																							CREATES -> service2
																																																																																																																																																																																																																																																																																																																																																																																																																																																																																																																																																																																																																																																								CREATES -> service1
																																																																																																																																																																																																																																																																																																																																																																																																																																																																																																																																																																																																																																																									CREATES -> service2
																																																																																																																																																																																																																																																																																																																																																																																																																																																																																																																																																																																																																																																										CREATES -> service1
																																																																																																																																																																																																																																																																																																																																																																																																																																																																																																																																																																																																																																																											CREATES -> service2
																																																																																																																																																																																																																																																																																																																																																																																																																																																																																																																																																																																																																																																												CREATES -> service1
																																																																																																																																																																																																																																																																																																																																																																																																																																																																																																																																																																																																																																																													CREATES -> service2
																																																																																																																																																																																																																																																																																																																																																																																																																																																																																																																																																																																																																																																														CREATES -> service1
																																																																																																																																																																																																																																																																																																																																																																																																																																																																																																																																																																																																																																																															CREATES -> service2
																																																																																																																																																																																																																																																																																																																																																																																																																																																																																																																																																																																																																																																																CREATES -> service1
																																																																																																																																																																																																																																																																																																																																																																																																																																																																																																																																																																																																																																																																	CREATES -> service2
																																																																																																																																																																																																																																																																																																																																																																																																																																																																																																																																																																																																																																																																		CREATES -> service1
																																																																																																																																																																																																																																																																																																																																																																																																																																																																																																																																																																																																																																																																			CREATES -> service2
																																																																																																																																																																																																																																																																																																																																																																																																																																																																																																																																																																																																																																																																				CREATES -> service1
																																																																																																																																																																																																																																																																																																																																																																																																																																																																																																																																																																																																																																																																					CREATES -> service2
																																																																																																																																																																																																																																																																																																																																																																																																																																																																																																																																																																																																																																																																						CREATES -> service1
																																																																																																																																																																																																																																																																																																																																																																																																																																																																																																																																																																																																																																																																							CREATES -> service2
																																																																																																																																																																																																																																																																																																																																																																																																																																																																																																																																																																																																																																																																								CREATES -> service1
																																																																																																																																																																																																																																																																																																																																																																																																																																																																																																																																																																																																																																																																									CREATES -> service2
																																																																																																																																																																																																																																																																																																																																																																																																																																																																																																																																																																																																																																																																										CREATES -> service1
																																																																																																																																																																																																																																																																																																																																																																																																																																																																																																																																																																																																																																																																											CREATES -> service2
																																																																																																																																																																																																																																																																																																																																																																																																																																																																																																																																																																																																																																																																												CREATES -> service1
																																																																																																																																																																																																																																																																																																																																																																																																																																																																																																																																																																																																																																																																													CREATES -> service2
																																																																																																																																																																																																																																																																																																																																																																																																																																																																																																																																																																																																																																																																														CREATES -> service1
																																																																																																																																																																																																																																																																																																																																																																																																																																																																																																																																																																																																																																																																															CREATES -> service2
																																																																																																																																																																																																																																																																																																																																																																																																																																																																																																																																																																																																																																																																																CREATES -> service1
																																																																																																																																																																																																																																																																																																																																																																																																																																																																																																																																																																																																																																																																																	CREATES -> service2
																																																																																																																																																																																																																																																																																																																																																																																																																																																																																																																																																																																																																																																																																		CREATES -> service1
																																																																																																																																																																																																																																																																																																																																																																																																																																																																																																																																																																																																																																																																																			CREATES -> service2
																																																																																																																																																																																																																																																																																																																																																																																																																																																																																																																																																																																																																																																																																				CREATES -> service1
																																																																																																																																																																																																																																																																																																																																																																																																																																																																																																																																																																																																																																																																																					CREATES -> service2
																																																																																																																																																																																																																																																																																																																																																																																																																																																																																																																																																																																																																																																																																						CREATES -> service1
																																																																																																																																																																																																																																																																																																																																																																																																																																																																																																																																																																																																																																																																																							CREATES -> service2
																																																																																																																																																																																																																																																																																																																																																																																																																																																																																																																																																																																																																																																																																								CREATES -> service1
																																																																																																																																																																																																																																																																																																																																																																																																																																																																																																																																																																																																																																																																																									CREATES -> service2
																																																																																																																																																																																																																																																																																																																																																																																																																																																																																																																																																																																																																																																																																										CREATES -> service1
																																																																																																																																																																																																																																																																																																																																																																																																																																																																																																																																																																																																																																																																																											CREATES -> service2
																																																																																																																																																																																																																																																																																																																																																																																																																																																																																																																																																																																																																																																																																												CREATES -> service1
																																																																																																																																																																																																																																																																																																																																																																																																																																																																																																																																																																																																																																																																																													CREATES -> service2
																																																																																																																																																																																																																																																																																																																																																																																																																																																																																																																																																																																																																																																																																														CREATES -> service1
																																																																																																																																																																																																																																																																																																																																																																																																																																																																																																																																																																																																																																																																																															CREATES -> service2
																																																																																																																																																																																																																																																																																																																																																																																																																																																																																																																																																																																																																																																																																																CREATES -> service1
																																																																																																																																																																																																																																																																																																																																																																																																																																																																																																																																																																																																																																																																																																	CREATES -> service2
																																																																																																																																																																																																																																																																																																																																																																																																																																																																																																																																																																																																																																																																																																		CREATES -> service1
																																																																																																																																																																																																																																																																																																																																																																																																																																																																																																																																																																																																																																																																																																			CREATES -> service2
																																																																																																																																																																																																																																																																																																																																																																																																																																																																																																																																																																																																																																																																																																				CREATES -> service1
																																																																																																																																																																																																																																																																																																																																																																																																																																																																																																																																																																																																																																																																																																					CREATES -> service2
																																																																																																																																																																																																																																																																																																																																																																																																																																																																																																																																																																																																																																																																																																						CREATES -> service1
																																																																																																																																																																																																																																																																																																																																																																																																																																																																																																																																																																																																																																																																																																							CREATES -> service2
																																																																																																																																																																																																																																																																																																																																																																																																																																																																																																																																																																																																																																																																																																								CREATES -> service1
																																																																																																																																																																																																																																																																																																																																																																																																																																																																																																																																																																																																																																																																																																									CREATES -> service2
																																																																																																																																																																																																																																																																																																																																																																																																																																																																																																																																																																																																																																																																																																										CREATES -> service1
																																																																																																																																																																																																																																																																																																																																																																																																																																																																																																																																																																																																																																																																																																											CREATES -> service2
																																																																																																																																																																																																																																																																																																																																																																																																																																																																																																																																																																																																																																																																																																												CREATES -> service1
																																																																																																																																																																																																																																																																																																																																																																																																																																																																																																																																																																																																																																																																																																													CREATES -> service2
																																																																																																																																																																																																																																																																																																																																																																																																																																																																																																																																																																																																																																																																																																														CREATES -> service1
																																																																																																																																																																																																																																																																																																																																																																																																																																																																																																																																																																																																																																																																																																															CREATES -> service2
																																																																																																																																																																																																																																																																																																																																																																																																																																																																																																																																																																																																																																																																																																																CREATES -> service1
																																																																																																																																																																																																																																																																																																																																																																																																																																																																																																																																																																																																																																																																																																																	CREATES -> service2
																																																																																																																																																																																																																																																																																																																																																																																																																																																																																																																																																																																																																																																																																																																		CREATES -> service1
																																																																																																																																																																																																																																																																																																																																																																																																																																																																																																																																																																																																																																																																																																																			CREATES -> service2
																																																																																																																																																																																																																																																																																																																																																																																																																																																																																																																																																																																																																																																																																																																				CREATES -> service1
																																																																																																																																																																																																																																																																																																																																																																																																																																																																																																																																																																																																																																																																																																																					CREATES -> service2
																																																																																																																																																																																																																																																																																																																																																																																																																																																																																																																																																																																																																																																																																																																						CREATES -> service1
																																																																																																																																																																																																																																																																																																																																																																																																																																																																																																																																																																																																																																																																																																																							CREATES -> service2
																																																																																																																																																																																																																																																																																																																																																																																																																																																																																																																																																																																																																																																																																																																								CREATES -> service1
																																																																																																																																																																																																																																																																																																																																																																																																																																																																																																																																																																																																																																																																																																																									CREATES -> service2
																																																																																																																																																																																																																																																																																																																																																																																																																																																																																																																																																																																																																																																																																																																										CREATES -> service1
																																																																																																																																																																																																																																																																																																																																																																																																																																																																																																																																																																																																																																																																																																																											CREATES -> service2
																																																																																																																																																																																																																																																																																																																																																																																																																																																																																																																																																																																																																																																																																																																												CREATES -> service1
																																																																																																																																																																																																																																																																																																																																																																																																																																																																																																																																																																																																																																																																																																																													CREATES -> service2
																																																																																																																																																																																																																																																																																																																																																																																																																																																																																																																																																																																																																																																																																																																														CREATES -> service1
																																																																																																																																																																																																																																																																																																																																																																																																																																																																																																																																																																																																																																																																																																																															CREATES -> service2
																																																																																																																																																																																																																																																																																																																																																																																																																																																																																																																																																																																																																																																																																																																																CREATES -> service1
																																																																																																																																																																																																																																																																																																																																																																																																																																																																																																																																																																																																																																																																																																																																	CREATES -> service2
																																																																																																																																																																																																																																																																																																																																																																																																																																																																																																																																																																																																																																																																																																																																		CREATES -> service1
																																																																																																																																																																																																																																																																																																																																																																																																																																																																																																																																																																																																																																																																																																																																			CREATES -> service2
																																																																																																																																																																																																																																																																																																																																																																																																																																																																																																																																																																																																																																																																																																																																				CREATES -> service1
																																																																																																																																																																																																																																																																																																																																																																																																																																																																																																																																																																																																																																																																																																																																					CREATES -> service2
																																																																																																																																																																																																																																																																																																																																																																																																																																																																																																																																																																																																																																																																																																																																						CREATES -> service1
																																																																																																																																																																																																																																																																																																																																																																																																																																																																																																																																																																																																																																																																																																																																							CREATES -> service2
																																																																																																																																																																																																																																																																																																																																																																																																																																																																																																																																																																																																																																																																																																																																								CREATES -> service1
																																																																																																																																																																																																																																																																																																																																																																																																																																																																																																																																																																																																																																																																																																																																									CREATES -> service2
																																																																																																																																																																																																																																																																																																																																																																																																																																																																																																																																																																																																																																																																																																																																										CREATES -> service1
																																																																																																																																																																																																																																																																																																																																																																																																																																																																																																																																																																																																																																																																																																																																											CREATES -> service2
																																																																																																																																																																																																																																																																																																																																																																																																																																																																																																																																																																																																																																																																																																																																												CREATES -> service1
																																																																																																																																																																																																																																																																																																																																																																																																																																																																																																																																																																																																																																																																																																																																													CREATES -> service2
																																																																																																																																																																																																																																																																																																																																																																																																																																																																																																																																																																																																																																																																																																																																														CREATES -> service1
																																																																																																																																																																																																																																																																																																																																																																																																																																																																																																																																																																																																																																																																																																																																															CREATES -> service2
																																																																																																																																																																																																																																																																																																																																																																																																																																																																																																																																																																																																																																																																																																																																																CREATES -> service1
																																																																																																																																																																																																																																																																																																																																																																																																																																																																																																																																																																																																																																																																																																																																																	CREATES -> service2
																																																																																																																																																																																																																																																																																																																																																																																																																																																																																																																																																																																																																																																																																																																																																		CREATES -> service1
																																																																																																																																																																																																																																																																																																																																																																																																																																																																																																																																																																																																																																																																																																																																																			CREATES -> service2
																																																																																																																																																																																																																																																																																																																																																																																																																																																																																																																																																																																																																																																																																																																																																				CREATES -> service1
																																																																																																																																																																																																																																																																																																																																																																																																																																																																																																																																																																																																																																																																																																																																																					CREATES -> service2
																																																																																																																																																																																																																																																																																																																																																																																																																																																																																																																																																																																																																																																																																																																																																						CREATES -> service1
																																																																																																																																																																																																																																																																																																																																																																																																																																																																																																																																																																																																																																																																																																																																																							CREATES -> service2
																																																																																																																																																																																																																																																																																																																																																																																																																																																																																																																																																																																																																																																																																																																																																								CREATES -> service1
																																																																																																																																																																																																																																																																																																																																																																																																																																																																																																																																																																																																																																																																																																																																																									CREATES -> service2
																																																																																																																																																																																																																																																																																																																																																																																																																																																																																																																																																																																																																																																																																																																																																										CREATES -> service1
																																																																																																																																																																																																																																																																																																																																																																																																																																																																																																																																																																																																																																																																																																																																																											CREATES -> service2
																																																																																																																																																																																																																																																																																																																																																																																																																																																																																																																																																																																																																																																																																																																																																												CREATES -> service1
																																																																																																																																																																																																																																																																																																																																																																																																																																																																																																																																																																																																																																																																																																																																																													CREATES -> service2
																																																																																																																																																																																																																																																																																																																																																																																																																																																																																																																																																																																																																																																																																																																																																														CREATES -> service1
																																																																																																																																																																																																																																																																																																																																																																																																																																																																																																																																																																																																																																																																																																																																																															CREATES -> service2
																																																																																																																																																																																																																																																																																																																																																																																																																																																																																																																																																																																																																																																																																																																																																																CREATES -> service1
																																																																																																																																																																																																																																																																																																																																																																																																																																																																																																																																																																																																																																																																																																																																																																	CREATES -> service2
																																																																																																																																																																																																																																																																																																																																																																																																																																																																																																																																																																																																																																																																																																																																																																		CREATES -> service1
																																																																																																																																																																																																																																																																																																																																																																																																																																																																																																																																																																																																																																																																																																																																																																			CREATES -> service2
																																																																																																																																																																																																																																																																																																																																																																																																																																																																																																																																																																																																																																																																																																																																																																				CREATES -> service1
																																																																																																																																																																																																																																																																																																																																																																																																																																																																																																																																																																																																																																																																																																																																																																					CREATES -> service2
																																																																																																																																																																																																																																																																																																																																																																																																																																																																																																																																																																																																																																																																																																																																																																						CREATES -> service1
																																																																																																																																																																																																																																																																																																																																																																																																																																																																																																																																																																																																																																																																																																																																																																							CREATES -> service2
																																																																																																																																																																																																																																																																																																																																																																																																																																																																																																																																																																																																																																																																																																																																																																								CREATES -> service1
																																																																																																																																																																																																																																																																																																																																																																																																																																																																																																																																																																																																																																																																																																																																																																									CREATES -> service2
																																																																																																																																																																																																																																																																																																																																																																																																																																																																																																																																																																																																																																																																																																																																																																										CREATES -> service1
																																																																																																																																																																																																																																																																																																																																																																																																																																																																																																																																																																																																																																																																																																																																																																											CREATES -> service2
																																																																																																																																																																																																																																																																																																																																																																																																																																																																																																																																																																																																																																																																																																																																																																												CREATES -> service1
																																																																																																																																																																																																																																																																																																																																																																																																																																																																																																																																																																																																																																																																																																																																																																													CREATES -> service2
																																																																																																																																																																																																																																																																																																																																																																																																																																																																																																																																																																																																																																																																																																																																																																														CREATES -> service1
																																																																																																																																																																																																																																																																																																																																																																																																																																																																																																																																																																																																																																																																																																																																																																															CREATES -> service2
																																																																																																																																																																																																																																																																																																																																																																																																																																																																																																																																																																																																																																																																																																																																																																																CREATES -> service1
																																																																																																																																																																																																																																																																																																																																																																																																																																																																																																																																																																																																																																																																																																																																																																																	CREATES -> service2
																																																																																																																																																																																																																																																																																																																																																																																																																																																																																																																																																																																																																																																																																																																																																																																		CREATES -> service1
																																																																																																																																																																																																																																																																																																																																																																																																																																																																																																																																																																																																																																																																																																																																																																																			CREATES -> service2
																																																																																																																																																																																																																																																																																																																																																																																																																																																																																																																																																																																																																																																																																																																																																																																				CREATES -> service1
																																																																																																																																																																																																																																																																																																																																																																																																																																																																																																																																																																																																																																																																																																																																																																																					CREATES -> service2
																																																																																																																																																																																																																																																																																																																																																																																																																																																																																																																																																																																																																																																																																																																																																																																						CREATES -> service1
																																																																																																																																																																																																																																																																																																																																																																																																																																																																																																																																																																																																																																																																																																																																																																																							CREATES -> service2
																																																																																																																																																																																																																																																																																																																																																																																																																																																																																																																																																																																																																																																																																																																																																																																								CREATES -> service1
																																																																																																																																																																																																																																																																																																																																																																																																																																																																																																																																																																																																																																																																																																																																																																																									CREATES -> service2
																																																																																																																																																																																																																																																																																																																																																																																																																																																																																																																																																																																																																																																																																																																																																																																										CREATES -> service1
																																																																																																																																																																																																																																																																																																																																																																																																																																																																																																																																																																																																																																																																																																																																																																																											CREATES -> service2
																																																																																																																																																																																																																																																																																																																																																																																																																																																																																																																																																																																																																																																																																																																																																																																												CREATES -> service1
																																																																																																																																																																																																																																																																																																																																																																																																																																																																																																																																																																																																																																																																																																																																																																																													CREATES -> service2
																																																																																																																																																																																																																																																																																																																																																																																																																																																																																																																																																																																																																																																																																																																																																																																														CREATES -> service1
																																																																																																																																																																																																																																																																																																																																																																																																																																																																																																																																																																																																																																																																																																																																																																																															CREATES -> service2
																																																																																																																																																																																																																																																																																																																																																																																																																																																																																																																																																																																																																																																																																																																																																																																																CREATES -> service1
																																																																																																																																																																																																																																																																																																																																																																																																																																																																																																																																																																																																																																																																																																																																																																																																	CREATES -> service2
																																																																																																																																																																																																																																																																																																																																																																																																																																																																																																																																																																																																																																																																																																																																																																																																		CREATES -> service1
																																																																																																																																																																																																																																																																																																																																																																																																																																																																																																																																																																																																																																																																																																																																																																																																			CREATES -> service2
																																																																																																																																																																																																																																																																																																																																																																																																																																																																																																																																																																																																																																																																																																																																																																																																				CREATES -> service1
																																																																																																																																																																																																																																																																																																																																																																																																																																																																																																																																																																																																																																																																																																																																																																																																					CREATES -> service2
																																																																																																																																																																																																																																																																																																																																																																																																																																																																																																																																																																																																																																																																																																																																																																																																						CREATES -> service1
																																																																																																																																																																																																																																																																																																																																																																																																																																																																																																																																																																																																																																																																																																																																																																																																							CREATES -> service2
																																																																																																																																																																																																																																																																																																																																																																																																																																																																																																																																																																																																																																																																																																																																																																																																								CREATES -> service1
																																																																																																																																																																																																																																																																																																																																																																																																																																																																																																																																																																																																																																																																																																																																																																																																									CREATES -> service2
																																																																																																																																																																																																																																																																																																																																																																																																																																																																																																																																																																																																																																																																																																																																																																																																										CREATES -> service1
																																																																																																																																																																																																																																																																																																																																																																																																																																																																																																																																																																																																																																																																																																																																																																																																											CREATES -> service2
																																																																																																																																																																																																																																																																																																																																																																																																																																																																																																																																																																																																																																																																																																																																																																																																												CREATES -> service1
																																																																																																																																																																																																																																																																																																																																																																																																																																																																																																																																																																																																																																																																																																																																																																																																													CREATES -> service2
																																																																																																																																																																																																																																																																																																																																																																																																																																																																																																																																																																																																																																																																																																																																																																																																														CREATES -> service1
																																																																																																																																																																																																																																																																																																																																																																																																																																																																																																																																																																																																																																																																																																																																																																																																															CREATES -> service2
																																																																																																																																																																																																																																																																																																																																																																																																																																																																																																																																																																																																																																																																																																																																																																																																																CREATES -> service1
																																																																																																																																																																																																																																																																																																																																																																																																																																																																																																																																																																																																																																																																																																																																																																																																																	CREATES -> service2
																																																																																																																																																																																																																																																																																																																																																																																																																																																																																																																																																																																																																																																																																																																																																																																																																		CREATES -> service1
																																																																																																																																																																																																																																																																																																																																																																																																																																																																																																																																																																																																																																																																																																																																																																																																																			CREATES -> service2
																																																																																																																																																																																																																																																																																																																																																																																																																																																																																																																																																																																																																																																																																																																																																																																																																				CREATES -> service1
																																																																																																																																																																																																																																																																																																																																																																																																																																																																																																																																																																																																																																																																																																																																																																																																																					CREATES -> service2
																																																																																																																																																																																																																																																																																																																																																																																																																																																																																																																																																																																																																																																																																																																																																																																																																						CREATES -> service1
																																																																																																																																																																																																																																																																																																																																																																																																																																																																																																																																																																																																																																																																																																																																																																																																																							CREATES -> service2
																																																																																																																																																																																																																																																																																																																																																																																																																																																																																																																																																																																																																																																																																																																																																																																																																								CREATES -> service1
																																																																																																																																																																																																																																																																																																																																																																																																																																																																																																																																																																																																																																																																																																																																																																																																																									CREATES -> service2
																																																																																																																																																																																																																																																																																																																																																																																																																																																																																																																																																																																																																																																																																																																																																																																																																										CREATES -> service1
																																																																																																																																																																																																																																																																																																																																																																																																																																																																																																																																																																																																																																																																																																																																																																																																																											CREATES -> service2
																																																																																																																																																																																																																																																																																																																																																																																																																																																																																																																																																																																																																																																																																																																																																																																																																												CREATES -> service1
																																																																																																																																																																																																																																																																																																																																																																																																																																																																																																																																																																																																																																																																																																																																																																																																																													CREATES -> service2
																																																																																																																																																																																																																																																																																																																																																																																																																																																																																																																																																																																																																																																																																																																																																																																																																														CREATES -> service1
																																																																																																																																																																																																																																																																																																																																																																																																																																																																																																																																																																																																																																																																																																																																																																																																																															CREATES -> service2
																																																																																																																																																																																																																																																																																																																																																																																																																																																																																																																																																																																																																																																																																																																																																																																																																																CREATES -> service1
																																																																																																																																																																																																																																																																																																																																																																																																																																																																																																																																																																																																																																																																																																																																																																																																																																	CREATES -> service2
																																																																																																																																																																																																																																																																																																																																																																																																																																																																																																																																																																																																																																																																																																																																																																																																																																		CREATES -> service1
																																																																																																																																																																																																																																																																																																																																																																																																																																																																																																																																																																																																																																																																																																																																																																																																																																			CREATES -> service2
																																																																																																																																																																																																																																																																																																																																																																																																																																																																																																																																																																																																																																																																																																																																																																																																																																				CREATES -> service1
																																																																																																																																																																																																																																																																																																																																																																																																																																																																																																																																																																																																																																																																																																																																																																																																																																					CREATES -> service2
																																																																																																																																																																																																																																																																																																																																																																																																																																																																																																																																																																																																																																																																																																																																																																																																																																						CREATES -> service1
																																																																																																																																																																																																																																																																																																																																																																																																																																																																																																																																																																																																																																																																																																																																																																																																																																							CREATES -> service2
																																																																																																																																																																																																																																																																																																																																																																																																																																																																																																																																																																																																																																																																																																																																																																																																																																								CREATES -> service1
																																																																																																																																																																																																																																																																																																																																																																																																																																																																																																																																																																																																																																																																																																																																																																																																																																									CREATES -> service2
																																																																																																																																																																																																																																																																																																																																																																																																																																																																																																																																																																																																																																																																																																																																																																																																																																										CREATES -> service1
																																																																																																																																																																																																																																																																																																																																																																																																																																																																																																																																																																																																																																																																																																																																																																																																																																											CREATES -> service2
																																																																																																																																																																																																																																																																																																																																																																																																																																																																																																																																																																																																																																																																																																																																																																																																																																												CREATES -> service1
																																																																																																																																																																																																																																																																																																																																																																																																																																																																																																																																																																																																																																																																																																																																																																																																																																													CREATES -> service2
																																																																																																																																																																																																																																																																																																																																																																																																																																																																																																																																																																																																																																																																																																																																																																																																																																														CREATES -> service1
																																																																																																																																																																																																																																																																																																																																																																																																																																																																																																																																																																																																																																																																																																																																																																																																																																															CREATES -> service2
																																																																																																																																																																																																																																																																																																																																																																																																																																																																																																																																																																																																																																																																																																																																																																																																																																																CREATES -> service1
																																																																																																																																																																																																																																																																																																																																																																																																																																																																																																																																																																																																																																																																																																																																																																																																																																																	CREATES -> service2
																																																																																																																																																																																																																																																																																																																																																																																																																																																																																																																																																																																																																																																																																																																																																																																																																																																		CREATES -> service1
																																																																																																																																																																																																																																																																																																																																																																																																																																																																																																																																																																																																																																																																																																																																																																																																																																																			CREATES -> service2
																																																																																																																																																																																																																																																																																																																																																																																																																																																																																																																																																																																																																																																																																																																																																																																																																																																				CREATES -> service1
																																																																																																																																																																																																																																																																																																																																																																																																																																																																																																																																																																																																																																																																																																																																																																																																																																																					CREATES -> service2
																																																																																																																																																																																																																																																																																																																																																																																																																																																																																																																																																																																																																																																																																																																																																																																																																																																						CREATES -> service1
																																																																																																																																																																																																																																																																																																																																																																																																																																																																																																																																																																																																																																																																																																																																																																																																																																																							CREATES -> service2
																																																																																																																																																																																																																																																																																																																																																																																																																																																																																																																																																																																																																																																																																																																																																																																																																																																								CREATES -> service1
																																																																																																																																																																																																																																																																																																																																																																																																																																																																																																																																																																																																																																																																																																																																																																																																																																																									CREATES -> service2
																																																																																																																																																																																																																																																																																																																																																																																																																																																																																																																																																																																																																																																																																																																																																																																																																																																										CREATES -> service1
																																																																																																																																																																																																																																																																																																																																																																																																																																																																																																																																																																																																																																																																																																																																																																																																																																																											CREATES -> service2
																																																																																																																																																																																																																																																																																																																																																																																																																																																																																																																																																																																																																																																																																																																																																																																																																																																												CREATES -> service1
																																																																																																																																																																																																																																																																																																																																																																																																																																																																																																																																																																																																																																																																																																																																																																																																																																																													CREATES -> service2
																																																																																																																																																																																																																																																																																																																																																																																																																																																																																																																																																																																																																																																																																																																																																																																																																																																														CREATES -> service1
																																																																																																																																																																																																																																																																																																																																																																																																																																																																																																																																																																																																																																																																																																																																																																																																																																																															CREATES -> service2
																																																																																																																																																																																																																																																																																																																																																																																																																																																																																																																																																																																																																																																																																																																																																																																																																																																																CREATES -> service1
																																																																																																																																																																																																																																																																																																																																																																																																																																																																																																																																																																																																																																																																																																																																																																																																																																																																	CREATES -> service2
																																																																																																																																																																																																																																																																																																																																																																																																																																																																																																																																																																																																																																																																																																																																																																																																																																																																		CREATES -> service1
																																																																																																																																																																																																																																																																																																																																																																																																																																																																																																																																																																																																																																																																																																																																																																																																																																																																			CREATES -> service2
																																																																																																																																																																																																																																																																																																																																																																																																																																																																																																																																																																																																																																																																																																																																																																																																																																																																				CREATES -> service1
																																																																																																																																																																																																																																																																																																																																																																																																																																																																																																																																																																																																																																																																																																																																																																																																																																																																					CREATES -> service2
																																																																																																																																																																																																																																																																																																																																																																																																																																																																																																																																																																																																																																																																																																																																																																																																																																																																						CREATES -> service1
																																																																																																																																																																																																																																																																																																																																																																																																																																																																																																																																																																																																																																																																																																																																																																																																																																																																							CREATES -> service2
																																																																																																																																																																																																																																																																																																																																																																																																																																																																																																																																																																																																																																																																																																																																																																																																																																																																								CREATES -> service1
																																																																																																																																																																																																																																																																																																																																																																																																																																																																																																																																																																																																																																																																																																																																																																																																																																																																									CREATES -> service2
																																																																																																																																																																																																																																																																																																																																																																																																																																																																																																																																																																																																																																																																																																																																																																																																																																																																										CREATES -> service1
																																																																																																																																																																																																																																																																																																																																																																																																																																																																																																																																																																																																																																																																																																																																																																																																																																																																											CREATES -> service2
																																																																																																																																																																																																																																																																																																																																																																																																																																																																																																																																																																																																																																																																																																																																																																																																																																																																												CREATES -> service1
																																																																																																																																																																																																																																																																																																																																																																																																																																																																																																																																																																																																																																																																																																																																																																																																																																																																													CREATES -> service2
																																																																																																																																																																																																																																																																																																																																																																																																																																																																																																																																																																																																																																																																																																																																																																																																																																																																														CREATES -> service1
																																																																																																																																																																																																																																																																																																																																																																																																																																																																																																																																																																																																																																																																																																																																																																																																																																																																															CREATES -> service2
																																																																																																																																																																																																																																																																																																																																																																																																																																																																																																																																																																																																																																																																																																																																																																																																																																																																																CREATES -> service1
																																																																																																																																																																																																																																																																																																																																																																																																																																																																																																																																																																																																																																																																																																																																																																																																																																																																																	CREATES -> service2
																																																																																																																																																																																																																																																																																																																																																																																																																																																																																																																																																																																																																																																																																																																																																																																																																																																																																		CREATES -> service1
																																																																																																																																																																																																																																																																																																																																																																																																																																																																																																																																																																																																																																																																																																																																																																																																																																																																																			CREATES -> service2
																																																																																																																																																																																																																																																																																																																																																																																																																																																																																																																																																																																																																																																																																																																																																																																																																																																																																				CREATES -> service1
																																																																																																																																																																																																																																																																																																																																																																																																																																																																																																																																																																																																																																																																																																																																																																																																																																																																																					CREATES -> service2
																																																																																																																																																																																																																																																																																																																																																																																																																																																																																																																																																																																																																																																																																																																																																																																																																																																																																						CREATES -> service1
																																																																																																																																																																																																																																																																																																																																																																																																																																																																																																																																																																																																																																																																																																																																																																																																																																																																																							CREATES -> service2
																																																																																																																																																																																																																																																																																																																																																																																																																																																																																																																																																																																																																																																																																																																																																																																																																																																																																								CREATES -> service1
																																																																																																																																																																																																																																																																																																																																																																																																																																																																																																																																																																																																																																																																																																																																																																																																																																																																																									CREATES -> service2
																																																																																																																																																																																																																																																																																																																																																																																																																																																																																																																																																																																																																																																																																																																																																																																																																																																																																										CREATES -> service1
																																																																																																																																																																																																																																																																																																																																																																																																																																																																																																																																																																																																																																																																																																																																																																																																																																																																																											CREATES -> service2
																																																																																																																																																																																																																																																																																																																																																																																																																																																																																																																																																																																																																																																																																																																																																																																																																																																																																												CREATES -> service1
																																																																																																																																																																																																																																																																																																																																																																																																																																																																																																																																																																																																																																																																																																																																																																																																																																																																																													CREATES -> service2
																																																																																																																																																																																																																																																																																																																																																																																																																																																																																																																																																																																																																																																																																																																																																																																																																																																																																														CREATES -> service1
																																																																																																																																																																																																																																																																																																																																																																																																																																																																																																																																																																																																																																																																																																																																																																																																																																																																																															CREATES -> service2
																																																																																																																																																																																																																																																																																																																																																																																																																																																																																																																																																																																																																																																																																																																																																																																																																																																																																																CREATES -> service1
																																																																																																																																																																																																																																																																																																																																																																																																																																																																																																																																																																																																																																																																																																																																																																																																																																																																																																	CREATES -> service2
																																																																																																																																																																																																																																																																																																																																																																																																																																																																																																																																																																																																																																																																																																																																																																																																																																																																																																		CREATES -> service1
																																																																																																																																																																																																																																																																																																																																																																																																																																																																																																																																																																																																																																																																																																																																																																																																																																																																																																			CREATES -> service2
																																																																																																																																																																																																																																																																																																																																																																																																																																																																																																																																																																																																																																																																																																																																																																																																																																																																																																				CREATES -> service1
																																																																																																																																																																																																																																																																																																																																																																																																																																																																																																																																																																																																																																																																																																																																																																																																																																																																																																					CREATES -> service2
																																																																																																																																																																																																																																																																																																																																																																																																																																																																																																																																																																																																																																																																																																																																																																																																																																																																																																						CREATES -> service1
																																																																																																																																																																																																																																																																																																																																																																																																																																																																																																																																																																																																																																																																																																																																																																																																																																																																																																							CREATES -> service2
																																																																																																																																																																																																																																																																																																																																																																																																																																																																																																																																																																																																																																																																																																																																																																																																																																																																																																								CREATES -> service1
																																																																																																																																																																																																																																																																																																																																																																																																																																																																																																																																																																																																																																																																																																																																																																																																																																																																																																									CREATES -> service2
																																																																																																																																																																																																																																																																																																																																																																																																																																																																																																																																																																																																																																																																																																																																																																																																																																																																																																										CREATES -> service1
																																																																																																																																																																																																																																																																																																																																																																																																																																																																																																																																																																																																																																																																																																																																																																																																																																																																																																											CREATES -> service2
																																																																																																																																																																																																																																																																																																																																																																																																																																																																																																																																																																																																																																																																																																																																																																																																																																																																																																												CREATES -> service1
																																																																																																																																																																																																																																																																																																																																																																																																																																																																																																																																																																																																																																																																																																																																																																																																																																																																																																													CREATES -> service2
																																																																																																																																																																																																																																																																																																																																																																																																																																																																																																																																																																																																																																																																																																																																																																																																																																																																																																														CREATES -> service1
																																																																																																																																																																																																																																																																																																																																																																																																																																																																																																																																																																																																																																																																																																																																																																																																																																																																																																															CREATES -> service2
																																																																																																																																																																																																																																																																																																																																																																																																																																																																																																																																																																																																																																																																																																																																																																																																																																																																																																																CREATES -> service1
																																																																																																																																																																																																																																																																																																																																																																																																																																																																																																																																																																																																																																																																																																																																																																																																																																																																																																																	CREATES -> service2
																																																																																																																																																																																																																																																																																																																																																																																																																																																																																																																																																																																																																																																																																																																																																																																																																																																																																																																		CREATES -> service1
																																																																																																																																																																																																																																																																																																																																																																																																																																																																																																																																																																																																																																																																																																																																																																																																																																																																																																																			CREATES -> service2
																																																																																																																																																																																																																																																																																																																																																																																																																																																																																																																																																																																																																																																																																																																																																																																																																																																																																																																				CREATES -> service1
																																																																																																																																																																																																																																																																																																																																																																																																																																																																																																																																																																																																																																																																																																																																																																																																																																																																																																																					CREATES -> service2
																																																																																																																																																																																																																																																																																																																																																																																																																																																																																																																																																																																																																																																																																																																																																																																																																																																																																																																						CREATES -> service1
																																																																																																																																																																																																																																																																																																																																																																																																																																																																																																																																																																																																																																																																																																																																																																																																																																																																																																																							CREATES -> service2
																																																																																																																																																																																																																																																																																																																																																																																																																																																																																																																																																																																																																																																																																																																																																																																																																																																																																																																								CREATES -> service1
																																																																																																																																																																																																																																																																																																																																																																																																																																																																																																																																																																																																																																																																																																																																																																																																																																																																																																																									CREATES -> service2
																																																																																																																																																																																																																																																																																																																																																																																																																																																																																																																																																																																																																																																																																																																																																																																																																																																																																																																										CREATES -> service1
																																																																																																																																																																																																																																																																																																																																																																																																																																																																																																																																																																																																																																																																																																																																																																																																																																																																																																																											CREATES -> service2
																																																																																																																																																																																																																																																																																																																																																																																																																																																																																																																																																																																																																																																																																																																																																																																																																																																																																																																												CREATES -> service1
																																																																																																																																																																																																																																																																																																																																																																																																																																																																																																																																																																																																																																																																																																																																																																																																																																																																																																																													CREATES -> service2
																																																																																																																																																																																																																																																																																																																																																																																																																																																																																																																																																																																																																																																																																																																																																																																																																																																																																																																														CREATES -> service1
																																																																																																																																																																																																																																																																																																																																																																																																																																																																																																																																																																																																																																																																																																																																																																																																																																																																																																																															CREATES -> service2
																																																																																																																																																																																																																																																																																																																																																																																																																																																																																																																																																																																																																																																																																																																																																																																																																																																																																																																																CREATES -> service1
																																																																																																																																																																																																																																																																																																																																																																																																																																																																																																																																																																																																																																																																																																																																																																																																																																																																																																																																	CREATES -> service2
																																																																																																																																																																																																																																																																																																																																																																																																																																																																																																																																																																																																																																																																																																																																																																																																																																																																																																																																		CREATES -> service1
																																																																																																																																																																																																																																																																																																																																																																																																																																																																																																																																																																																																																																																																																																																																																																																																																																																																																																																																			CREATES -> service2
																																																																																																																																																																																																																																																																																																																																																																																																																																																																																																																																																																																																																																																																																																																																																																																																																																																																																																																																				CREATES -> service1
																																																																																																																																																																																																																																																																																																																																																																																																																																																																																																																																																																																																																																																																																																																																																																																																																																																																																																																																					CREATES -> service2
																																																																																																																																																																																																																																																																																																																																																																																																																																																																																																																																																																																																																																																																																																																																																																																																																																																																																																																																						CREATES -> service1
																																																																																																																																																																																																																																																																																																																																																																																																																																																																																																																																																																																																																																																																																																																																																																																																																																																																																																																																							CREATES -> service2
																																																																																																																																																																																																																																																																																																																																																																																																																																																																																																																																																																																																																																																																																																																																																																																																																																																																																																																																								CREATES -> service1
																																																																																																																																																																																																																																																																																																																																																																																																																																																																																																																																																																																																																																																																																																																																																																																																																																																																																																																																									CREATES -> service2
																																																																																																																																																																																																																																																																																																																																																																																																																																																																																																																																																																																																																																																																																																																																																																																																																																																																																																																																										CREATES -> service1
																																																																																																																																																																																																																																																																																																																																																																																																																																																																																																																																																																																																																																																																																																																																																																																																																																																																																																																																											CREATES -> service2
																																																																																																																																																																																																																																																																																																																																																																																																																																																																																																																																																																																																																																																																																																																																																																																																																																																																																																																																												CREATES -> service1
																																																																																																																																																																																																																																																																																																																																																																																																																																																																																																																																																																																																																																																																																																																																																																																																																																																																																																																																													CREATES -> service2
																																																																																																																																																																																																																																																																																																																																																																																																																																																																																																																																																																																																																																																																																																																																																																																																																																																																																																																																														CREATES -> service1
																																																																																																																																																																																																																																																																																																																																																																																																																																																																																																																																																																																																																																																																																																																																																																																																																																																																																																																																															CREATES -> service2
																																																																																																																																																																																																																																																																																																																																																																																																																																																																																																																																																																																																																																																																																																																																																																																																																																																																																																																																																CREATES -> service1
																																																																																																																																																																																																																																																																																																																																																																																																																																																																																																																																																																																																																																																																																																																																																																																																																																																																																																																																																	CREATES -> service2
																																																																																																																																																																																																																																																																																																																																																																																																																																																																																																																																																																																																																																																																																																																																																																																																																																																																																																																																																		CREATES -> service1
																																																																																																																																																																																																																																																																																																																																																																																																																																																																																																																																																																																																																																																																																																																																																																																																																																																																																																																																																			CREATES -> service2
																																																																																																																																																																																																																																																																																																																																																																																																																																																																																																																																																																																																																																																																																																																																																																																																																																																																																																																																																				CREATES -> service1
																																																																																																																																																																																																																																																																																																																																																																																																																																																																																																																																																																																																																																																																																																																																																																																																																																																																																																																																																					CREATES -> service2
																																																																																																																																																																																																																																																																																																																																																																																																																																																																																																																																																																																																																																																																																																																																																																																																																																																																																																																																																						CREATES -> service1
																																																																																																																																																																																																																																																																																																																																																																																																																																																																																																																																																																																																																																																																																																																																																																																																																																																																																																																																																							CREATES -> service2
																																																																																																																																																																																																																																																																																																																																																																																																																																																																																																																																																																																																																																																																																																																																																																																																																																																																																																																																																								CREATES -> service1
																																																																																																																																																																																																																																																																																																																																																																																																																																																																																																																																																																																																																																																																																																																																																																																																																																																																																																																																																									CREATES -> service2
																																																																																																																																																																																																																																																																																																																																																																																																																																																																																																																																																																																																																																																																																																																																																																																																																																																																																																																																																										CREATES -> service1
																																																																																																																																																																																																																																																																																																																																																																																																																																																																																																																																																																																																																																																																																																																																																																																																																																																																																																																																																											CREATES -> service2
																																																																																																																																																																																																																																																																																																																																																																																																																																																																																																																																																																																																																																																																																																																																																																																																																																																																																																																																																												CREATES -> service1
																																																																																																																																																																																																																																																																																																																																																																																																																																																																																																																																																																																																																																																																																																																																																																																																																																																																																																																																																													CREATES -> service2
																																																																																																																																																																																																																																																																																																																																																																																																																																																																																																																																																																																																																																																																																																																																																																																																																																																																																																																																																														CREATES -> service1
																																																																																																																																																																																																																																																																																																																																																																																																																																																																																																																																																																																																																																																																																																																																																																																																																																																																																																																																																															CREATES -> service2
																																																																																																																																																																																																																																																																																																																																																																																																																																																																																																																																																																																																																																																																																																																																																																																																																																																																																																																																																																CREATES -> service1
																																																																																																																																																																																																																																																																																																																																																																																																																																																																																																																																																																																																																																																																																																																																																																																																																																																																																																																																																																	CREATES -> service2
																																																																																																																																																																																																																																																																																																																																																																																																																																																																																																																																																																																																																																																																																																																																																																																																																																																																																																																																																																		CREATES -> service1
																																																																																																																																																																																																																																																																																																																																																																																																																																																																																																																																																																																																																																																																																																																																																																																																																																																																																																																																																																			CREATES -> service2
																																																																																																																																																																																																																																																																																																																																																																																																																																																																																																																																																																																																																																																																																																																																																																																																																																																																																																																																																																				CREATES -> service1
																																																																																																																																																																																																																																																																																																																																																																																																																																																																																																																																																																																																																																																																																																																																																																																																																																																																																																																																																																					CREATES -> service2
																																																																																																																																																																																																																																																																																																																																																																																																																																																																																																																																																																																																																																																																																																																																																																																																																																																																																																																																																																						CREATES -> service1
																																																																																																																																																																																																																																																																																																																																																																																																																																																																																																																																																																																																																																																																																																																																																																																																																																																																																																																																																																							CREATES -> service2
																																																																																																																																																																																																																																																																																																																																																																																																																																																																																																																																																																																																																																																																																																																																																																																																																																																																																																																																																																								CREATES -> service1
																																																																																																																																																																																																																																																																																																																																																																																																																																																																																																																																																																																																																																																																																																																																																																																																																																																																																																																																																																									CREATES -> service2
																																																																																																																																																																																																																																																																																																																																																																																																																																																																																																																																																																																																																																																																																																																																																																																																																																																																																																																																																																										CREATES -> service1
																																																																																																																																																																																																																																																																																																																																																																																																																																																																																																																																																																																																																																																																																																																																																																																																																																																																																																																																																																											CREATES -> service2
																																																																																																																																																																																																																																																																																																																																																																																																																																																																																																																																																																																																																																																																																																																																																																																																																																																																																																																																																																												CREATES -> service1
																																																																																																																																																																																																																																																																																																																																																																																																																																																																																																																																																																																																																																																																																																																																																																																																																																																																																																																																																																													CREATES -> service2
																																																																																																																																																																																																																																																																																																																																																																																																																																																																																																																																																																																																																																																																																																																																																																																																																																																																																																																																																																														CREATES -> service1
																																																																																																																																																																																																																																																																																																																																																																																																																																																																																																																																																																																																																																																																																																																																																																																																																																																																																																																																																																															CREATES -> service2
																																																																																																																																																																																																																																																																																																																																																																																																																																																																																																																																																																																																																																																																																																																																																																																																																																																																																																																																																																																CREATES -> service1
																																																																																																																																																																																																																																																																																																																																																																																																																																																																																																																																																																																																																																																																																																																																																																																																																																																																																																																																																																																	CREATES -> service2
																																																																																																																																																																																																																																																																																																																																																																																																																																																																																																																																																																																																																																																																																																																																																																																																																																																																																																																																																																																		CREATES -> service1
																																																																																																																																																																																																																																																																																																																																																																																																																																																																																																																																																																																																																																																																																																																																																																																																																																																																																																																																																																																			CREATES -> service2
																																																																																																																																																																																																																																																																																																																																																																																																																																																																																																																																																																																																																																																																																																																																																																																																																																																																																																																																																																																				CREATES -> service1
																																																																																																																																																																																																																																																																																																																																																																																																																																																																																																																																																																																																																																																																																																																																																																																																																																																																																																																																																																																					CREATES -> service2
																																																																																																																																																																																																																																																																																																																																																																																																																																																																																																																																																																																																																																																																																																																																																																																																																																																																																																																																																																																						CREATES -> service1
																																																																																																																																																																																																																																																																																																																																																																																																																																																																																																																																																																																																																																																																																																																																																																																																																																																																																																																																																																																							CREATES -> service2
																																																																																																																																																																																																																																																																																																																																																																																																																																																																																																																																																																																																																																																																																																																																																																																																																																																																																																																																																																																								CREATES -> service1
																																																																																																																																																																																																																																																																																																																																																																																																																																																																																																																																																																																																																																																																																																																																																																																																																																																																																																																																																																																									CREATES -> service2
																																																																																																																																																																																																																																																																																																																																																																																																																																																																																																																																																																																																																																																																																																																																																																																																																																																																																																																																																																																										CREATES -> service1
																																																																																																																																																																																																																																																																																																																																																																																																																																																																																																																																																																																																																																																																																																																																																																																																																																																																																																																																																																																											CREATES -> service2
																																																																																																																																																																																																																																																																																																																																																																																																																																																																																																																																																																																																																																																																																																																																																																																																																																																																																																																																																																																												CREATES -> service1
																																																																																																																																																																																																																																																																																																																																																																																																																																																																																																																																																																																																																																																																																																																																																																																																																																																																																																																																																																																													CREATES -> service2
																																																																																																																																																																																																																																																																																																																																																																																																																																																																																																																																																																																																																																																																																																																																																																																																																																																																																																																																																																																														CREATES -> service1
																																																																																																																																																																																																																																																																																																																																																																																																																																																																																																																																																																																																																																																																																																																																																																																																																																																																																																																																																																																															CREATES -> service2
																																																																																																																																																																																																																																																																																																																																																																																																																																																																																																																																																																																																																																																																																																																																																																																																																																																																																																																																																																																																CREATES -> service1
																																																																																																																																																																																																																																																																																																																																																																																																																																																																																																																																																																																																																																																																																																																																																																																																																																																																																																																																																																																																	CREATES -> service2
																																																																																																																																																																																																																																																																																																																																																																																																																																																																																																																																																																																																																																																																																																																																																																																																																																																																																																																																																																																																		CREATES -> service1
																																																																																																																																																																																																																																																																																																																																																																																																																																																																																																																																																																																																																																																																																																																																																																																																																																																																																																																																																																																																			CREATES -> service2
																																																																																																																																																																																																																																																																																																																																																																																																																																																																																																																																																																																																																																																																																																																																																																																																																																																																																																																																																																																																				CREATES -> service1
																																																																																																																																																																																																																																																																																																																																																																																																																																																																																																																																																																																																																																																																																																																																																																																																																																																																																																																																																																																																					CREATES -> service2
																																																																																																																																																																																																																																																																																																																																																																																																																																																																																																																																																																																																																																																																																																																																																																																																																																																																																																																																																																																																						CREATES -> service1
																																																																																																																																																																																																																																																																																																																																																																																																																																																																																																																																																																																																																																																																																																																																																																																																																																																																																																																																																																																																							CREATES -> service2
																																																																																																																																																																																																																																																																																																																																																																																																																																																																																																																																																																																																																																																																																																																																																																																																																																																																																																																																																																																																								CREATES -> service1
																																																																																																																																																																																																																																																																																																																																																																																																																																																																																																																																																																																																																																																																																																																																																																																																																																																																																																																																																																																																									CREATES -> service2
																																																																																																																																																																																																																																																																																																																																																																																																																																																																																																																																																																																																																																																																																																																																																																																																																																																																																																																																																																																																										CREATES -> service1
																																																																																																																																																																																																																																																																																																																																																																																																																																																																																																																																																																																																																																																																																																																																																																																																																																																																																																																																																																																																											CREATES -> service2
																																																																																																																																																																																																																																																																																																																																																																																																																																																																																																																																																																																																																																																																																																																																																																																																																																																																																																																																																																																																												CREATES -> service1
																																																																																																																																																																																																																																																																																																																																																																																																																																																																																																																																																																																																																																																																																																																																																																																																																																																																																																																																																																																																													CREATES -> service2
																																																																																																																																																																																																																																																																																																																																																																																																																																																																																																																																																																																																																																																																																																																																																																																																																																																																																																																																																																																																														CREATES -> service1
																																																																																																																																																																																																																																																																																																																																																																																																																																																																																																																																																																																																																																																																																																																																																																																																																																																																																																																																																																																																															CREATES -> service2
																																																																																																																																																																																																																																																																																																																																																																																																																																																																																																																																																																																																																																																																																																																																																																																																																																																																																																																																																																																																																CREATES -> service1
																																																																																																																																																																																																																																																																																																																																																																																																																																																																																																																																																																																																																																																																																																																																																																																																																																																																																																																																																																																																																	CREATES -> service2
																																																																																																																																																																																																																																																																																																																																																																																																																																																																																																																																																																																																																																																																																																																																																																																																																																																																																																																																																																																																																		CREATES -> service1
																																																																																																																																																																																																																																																																																																																																																																																																																																																																																																																																																																																																																																																																																																																																																																																																																																																																																																																																																																																																																			CREATES -> service2
																																																																																																																																																																																																																																																																																																																																																																																																																																																																																																																																																																																																																																																																																																																																																																																																																																																																																																																																																																																																																				CREATES -> service1
																																																																																																																																																																																																																																																																																																																																																																																																																																																																																																																																																																																																																																																																																																																																																																																																																																																																																																																																																																																																																					CREATES -> service2
																																																																																																																																																																																																																																																																																																																																																																																																																																																																																																																																																																																																																																																																																																																																																																																																																																																																																																																																																																																																																						CREATES -> service1
																																																																																																																																																																																																																																																																																																																																																																																																																																																																																																																																																																																																																																																																																																																																																																																																																																																																																																																																																																																																																							CREATES -> service2
																																																																																																																																																																																																																																																																																																																																																																																																																																																																																																																																																																																																																																																																																																																																																																																																																																																																																																																																																																																																																								CREATES -> service1
																																																																																																																																																																																																																																																																																																																																																																																																																																																																																																																																																																																																																																																																																																																																																																																																																																																																																																																																																																																																																									CREATES -> service2
																																																																																																																																																																																																																																																																																																																																																																																																																																																																																																																																																																																																																																																																																																																																																																																																																																																																																																																																																																																																																										CREATES -> service1
																																																																																																																																																																																																																																																																																																																																																																																																																																																																																																																																																																																																																																																																																																																																																																																																																																																																																																																																																																																																																											CREATES -> service2
																																																																																																																																																																																																																																																																																																																																																																																																																																																																																																																																																																																																																																																																																																																																																																																																																																																																																																																																																																																																																												CREATES -> service1
																																																																																																																																																																																																																																																																																																																																																																																																																																																																																																																																																																																																																																																																																																																																																																																																																																																																																																																																																																																																																													CREATES -> service2
																																																																																																																																																																																																																																																																																																																																																																																																																																																																																																																																																																																																																																																																																																																																																																																																																																																																																																																																																																																																																														CREATES -> service1
																																																																																																																																																																																																																																																																																																																																																																																																																																																																																																																																																																																																																																																																																																																																																																																																																																																																																																																																																																																																																															CREATES -> service2
																																																																																																																																																																																																																																																																																																																																																																																																																																																																																																																																																																																																																																																																																																																																																																																																																																																																																																																																																																																																																																CREATES -> service1
																																																																																																																																																																																																																																																																																																																																																																																																																																																																																																																																																																																																																																																																																																																																																																																																																																																																																																																																																																																																																																	CREATES -> service2
																																																																																																																																																																																																																																																																																																																																																																																																																																																																																																																																																																																																																																																																																																																																																																																																																																																																																																																																																																																																																																		CREATES -> service1
																																																																																																																																																																																																																																																																																																																																																																																																																																																																																																																																																																																																																																																																																																																																																																																																																																																																																																																																																																																																																																			CREATES -> service2
																																																																																																																																																																																																																																																																																																																																																																																																																																																																																																																																																																																																																																																																																																																																																																																																																																																																																																																																																																																																																																				CREATES -> service1
																																																																																																																																																																																																																																																																																																																																																																																																																																																																																																																																																																																																																																																																																																																																																																																																																																																																																																																																																																																																																																					CREATES -> service2
																																																																																																																																																																																																																																																																																																																																																																																																																																																																																																																																																																																																																																																																																																																																																																																																																																																																																																																																																																																																																																						CREATES -> service1
																																																																																																																																																																																																																																																																																																																																																																																																																																																																																																																																																																																																																																																																																																																																																																																																																																																																																																																																																																																																																																							CREATES -> service2
																																																																																																																																																																																																																																																																																																																																																																																																																																																																																																																																																																																																																																																																																																																																																																																																																																																																																																																																																																																																																																								CREATES -> service1
																																																																																																																																																																																																																																																																																																																																																																																																																																																																																																																																																																																																																																																																																																																																																																																																																																																																																																																																																																																																																																									CREATES -> service2
																																																																																																																																																																																																																																																																																																																																																																																																																																																																																																																																																																																																																																																																																																																																																																																																																																																																																																																																																																																																																																										CREATES -> service1
DONE, took 8.00ms (grand total 8.00ms)

<<< Instantiation Service :: SyncDesc - explode on loop >>>
CALL (accessor) => {  accessor.get(IService1);  }
	CREATES -> service1
		CREATES -> service2
			CREATES -> service1
				CREATES -> service2
					CREATES -> service1
						CREATES -> service2
							CREATES -> service1
								CREATES -> service2
									CREATES -> service1
										CREATES -> service2
											CREATES -> service1
												CREATES -> service2
													CREATES -> service1
														CREATES -> service2
															CREATES -> service1
																CREATES -> service2
																	CREATES -> service1
																		CREATES -> service2
																			CREATES -> service1
																				CREATES -> service2
																					CREATES -> service1
																						CREATES -> service2
																							CREATES -> service1
																								CREATES -> service2
																									CREATES -> service1
																										CREATES -> service2
																											CREATES -> service1
																												CREATES -> service2
																													CREATES -> service1
																														CREATES -> service2
																															CREATES -> service1
																																CREATES -> service2
																																	CREATES -> service1
																																		CREATES -> service2
																																			CREATES -> service1
																																				CREATES -> service2
																																					CREATES -> service1
																																						CREATES -> service2
																																							CREATES -> service1
																																								CREATES -> service2
																																									CREATES -> service1
																																										CREATES -> service2
																																											CREATES -> service1
																																												CREATES -> service2
																																													CREATES -> service1
																																														CREATES -> service2
																																															CREATES -> service1
																																																CREATES -> service2
																																																	CREATES -> service1
																																																		CREATES -> service2
																																																			CREATES -> service1
																																																				CREATES -> service2
																																																					CREATES -> service1
																																																						CREATES -> service2
																																																							CREATES -> service1
																																																								CREATES -> service2
																																																									CREATES -> service1
																																																										CREATES -> service2
																																																											CREATES -> service1
																																																												CREATES -> service2
																																																													CREATES -> service1
																																																														CREATES -> service2
																																																															CREATES -> service1
																																																																CREATES -> service2
																																																																	CREATES -> service1
																																																																		CREATES -> service2
																																																																			CREATES -> service1
																																																																				CREATES -> service2
																																																																					CREATES -> service1
																																																																						CREATES -> service2
																																																																							CREATES -> service1
																																																																								CREATES -> service2
																																																																									CREATES -> service1
																																																																										CREATES -> service2
																																																																											CREATES -> service1
																																																																												CREATES -> service2
																																																																													CREATES -> service1
																																																																														CREATES -> service2
																																																																															CREATES -> service1
																																																																																CREATES -> service2
																																																																																	CREATES -> service1
																																																																																		CREATES -> service2
																																																																																			CREATES -> service1
																																																																																				CREATES -> service2
																																																																																					CREATES -> service1
																																																																																						CREATES -> service2
																																																																																							CREATES -> service1
																																																																																								CREATES -> service2
																																																																																									CREATES -> service1
																																																																																										CREATES -> service2
																																																																																											CREATES -> service1
																																																																																												CREATES -> service2
																																																																																													CREATES -> service1
																																																																																														CREATES -> service2
																																																																																															CREATES -> service1
																																																																																																CREATES -> service2
																																																																																																	CREATES -> service1
																																																																																																		CREATES -> service2
																																																																																																			CREATES -> service1
																																																																																																				CREATES -> service2
																																																																																																					CREATES -> service1
																																																																																																						CREATES -> service2
																																																																																																							CREATES -> service1
																																																																																																								CREATES -> service2
																																																																																																									CREATES -> service1
																																																																																																										CREATES -> service2
																																																																																																											CREATES -> service1
																																																																																																												CREATES -> service2
																																																																																																													CREATES -> service1
																																																																																																														CREATES -> service2
																																																																																																															CREATES -> service1
																																																																																																																CREATES -> service2
																																																																																																																	CREATES -> service1
																																																																																																																		CREATES -> service2
																																																																																																																			CREATES -> service1
																																																																																																																				CREATES -> service2
																																																																																																																					CREATES -> service1
																																																																																																																						CREATES -> service2
																																																																																																																							CREATES -> service1
																																																																																																																								CREATES -> service2
																																																																																																																									CREATES -> service1
																																																																																																																										CREATES -> service2
																																																																																																																											CREATES -> service1
																																																																																																																												CREATES -> service2
																																																																																																																													CREATES -> service1
																																																																																																																														CREATES -> service2
																																																																																																																															CREATES -> service1
																																																																																																																																CREATES -> service2
																																																																																																																																	CREATES -> service1
																																																																																																																																		CREATES -> service2
																																																																																																																																			CREATES -> service1
																																																																																																																																				CREATES -> service2
																																																																																																																																					CREATES -> service1
																																																																																																																																						CREATES -> service2
																																																																																																																																							CREATES -> service1
																																																																																																																																								CREATES -> service2
																																																																																																																																									CREATES -> service1
																																																																																																																																										CREATES -> service2
																																																																																																																																											CREATES -> service1
																																																																																																																																												CREATES -> service2
																																																																																																																																													CREATES -> service1
																																																																																																																																														CREATES -> service2
																																																																																																																																															CREATES -> service1
																																																																																																																																																CREATES -> service2
																																																																																																																																																	CREATES -> service1
																																																																																																																																																		CREATES -> service2
																																																																																																																																																			CREATES -> service1
																																																																																																																																																				CREATES -> service2
																																																																																																																																																					CREATES -> service1
																																																																																																																																																						CREATES -> service2
																																																																																																																																																							CREATES -> service1
																																																																																																																																																								CREATES -> service2
																																																																																																																																																									CREATES -> service1
																																																																																																																																																										CREATES -> service2
																																																																																																																																																											CREATES -> service1
																																																																																																																																																												CREATES -> service2
																																																																																																																																																													CREATES -> service1
																																																																																																																																																														CREATES -> service2
																																																																																																																																																															CREATES -> service1
																																																																																																																																																																CREATES -> service2
																																																																																																																																																																	CREATES -> service1
																																																																																																																																																																		CREATES -> service2
																																																																																																																																																																			CREATES -> service1
																																																																																																																																																																				CREATES -> service2
																																																																																																																																																																					CREATES -> service1
																																																																																																																																																																						CREATES -> service2
																																																																																																																																																																							CREATES -> service1
																																																																																																																																																																								CREATES -> service2
																																																																																																																																																																									CREATES -> service1
																																																																																																																																																																										CREATES -> service2
																																																																																																																																																																											CREATES -> service1
																																																																																																																																																																												CREATES -> service2
																																																																																																																																																																													CREATES -> service1
																																																																																																																																																																														CREATES -> service2
																																																																																																																																																																															CREATES -> service1
																																																																																																																																																																																CREATES -> service2
																																																																																																																																																																																	CREATES -> service1
																																																																																																																																																																																		CREATES -> service2
																																																																																																																																																																																			CREATES -> service1
																																																																																																																																																																																				CREATES -> service2
																																																																																																																																																																																					CREATES -> service1
																																																																																																																																																																																						CREATES -> service2
																																																																																																																																																																																							CREATES -> service1
																																																																																																																																																																																								CREATES -> service2
																																																																																																																																																																																									CREATES -> service1
																																																																																																																																																																																										CREATES -> service2
																																																																																																																																																																																											CREATES -> service1
																																																																																																																																																																																												CREATES -> service2
																																																																																																																																																																																													CREATES -> service1
																																																																																																																																																																																														CREATES -> service2
																																																																																																																																																																																															CREATES -> service1
																																																																																																																																																																																																CREATES -> service2
																																																																																																																																																																																																	CREATES -> service1
																																																																																																																																																																																																		CREATES -> service2
																																																																																																																																																																																																			CREATES -> service1
																																																																																																																																																																																																				CREATES -> service2
																																																																																																																																																																																																					CREATES -> service1
																																																																																																																																																																																																						CREATES -> service2
																																																																																																																																																																																																							CREATES -> service1
																																																																																																																																																																																																								CREATES -> service2
																																																																																																																																																																																																									CREATES -> service1
																																																																																																																																																																																																										CREATES -> service2
																																																																																																																																																																																																											CREATES -> service1
																																																																																																																																																																																																												CREATES -> service2
																																																																																																																																																																																																													CREATES -> service1
																																																																																																																																																																																																														CREATES -> service2
																																																																																																																																																																																																															CREATES -> service1
																																																																																																																																																																																																																CREATES -> service2
																																																																																																																																																																																																																	CREATES -> service1
																																																																																																																																																																																																																		CREATES -> service2
																																																																																																																																																																																																																			CREATES -> service1
																																																																																																																																																																																																																				CREATES -> service2
																																																																																																																																																																																																																					CREATES -> service1
																																																																																																																																																																																																																						CREATES -> service2
																																																																																																																																																																																																																							CREATES -> service1
																																																																																																																																																																																																																								CREATES -> service2
																																																																																																																																																																																																																									CREATES -> service1
																																																																																																																																																																																																																										CREATES -> service2
																																																																																																																																																																																																																											CREATES -> service1
																																																																																																																																																																																																																												CREATES -> service2
																																																																																																																																																																																																																													CREATES -> service1
																																																																																																																																																																																																																														CREATES -> service2
																																																																																																																																																																																																																															CREATES -> service1
																																																																																																																																																																																																																																CREATES -> service2
																																																																																																																																																																																																																																	CREATES -> service1
																																																																																																																																																																																																																																		CREATES -> service2
																																																																																																																																																																																																																																			CREATES -> service1
																																																																																																																																																																																																																																				CREATES -> service2
																																																																																																																																																																																																																																					CREATES -> service1
																																																																																																																																																																																																																																						CREATES -> service2
																																																																																																																																																																																																																																							CREATES -> service1
																																																																																																																																																																																																																																								CREATES -> service2
																																																																																																																																																																																																																																									CREATES -> service1
																																																																																																																																																																																																																																										CREATES -> service2
																																																																																																																																																																																																																																											CREATES -> service1
																																																																																																																																																																																																																																												CREATES -> service2
																																																																																																																																																																																																																																													CREATES -> service1
																																																																																																																																																																																																																																														CREATES -> service2
																																																																																																																																																																																																																																															CREATES -> service1
																																																																																																																																																																																																																																																CREATES -> service2
																																																																																																																																																																																																																																																	CREATES -> service1
																																																																																																																																																																																																																																																		CREATES -> service2
																																																																																																																																																																																																																																																			CREATES -> service1
																																																																																																																																																																																																																																																				CREATES -> service2
																																																																																																																																																																																																																																																					CREATES -> service1
																																																																																																																																																																																																																																																						CREATES -> service2
																																																																																																																																																																																																																																																							CREATES -> service1
																																																																																																																																																																																																																																																								CREATES -> service2
																																																																																																																																																																																																																																																									CREATES -> service1
																																																																																																																																																																																																																																																										CREATES -> service2
																																																																																																																																																																																																																																																											CREATES -> service1
																																																																																																																																																																																																																																																												CREATES -> service2
																																																																																																																																																																																																																																																													CREATES -> service1
																																																																																																																																																																																																																																																														CREATES -> service2
																																																																																																																																																																																																																																																															CREATES -> service1
																																																																																																																																																																																																																																																																CREATES -> service2
																																																																																																																																																																																																																																																																	CREATES -> service1
																																																																																																																																																																																																																																																																		CREATES -> service2
																																																																																																																																																																																																																																																																			CREATES -> service1
																																																																																																																																																																																																																																																																				CREATES -> service2
																																																																																																																																																																																																																																																																					CREATES -> service1
																																																																																																																																																																																																																																																																						CREATES -> service2
																																																																																																																																																																																																																																																																							CREATES -> service1
																																																																																																																																																																																																																																																																								CREATES -> service2
																																																																																																																																																																																																																																																																									CREATES -> service1
																																																																																																																																																																																																																																																																										CREATES -> service2
																																																																																																																																																																																																																																																																											CREATES -> service1
																																																																																																																																																																																																																																																																												CREATES -> service2
																																																																																																																																																																																																																																																																													CREATES -> service1
																																																																																																																																																																																																																																																																														CREATES -> service2
																																																																																																																																																																																																																																																																															CREATES -> service1
																																																																																																																																																																																																																																																																																CREATES -> service2
																																																																																																																																																																																																																																																																																	CREATES -> service1
																																																																																																																																																																																																																																																																																		CREATES -> service2
																																																																																																																																																																																																																																																																																			CREATES -> service1
																																																																																																																																																																																																																																																																																				CREATES -> service2
																																																																																																																																																																																																																																																																																					CREATES -> service1
																																																																																																																																																																																																																																																																																						CREATES -> service2
																																																																																																																																																																																																																																																																																							CREATES -> service1
																																																																																																																																																																																																																																																																																								CREATES -> service2
																																																																																																																																																																																																																																																																																									CREATES -> service1
																																																																																																																																																																																																																																																																																										CREATES -> service2
																																																																																																																																																																																																																																																																																											CREATES -> service1
																																																																																																																																																																																																																																																																																												CREATES -> service2
																																																																																																																																																																																																																																																																																													CREATES -> service1
																																																																																																																																																																																																																																																																																														CREATES -> service2
																																																																																																																																																																																																																																																																																															CREATES -> service1
																																																																																																																																																																																																																																																																																																CREATES -> service2
																																																																																																																																																																																																																																																																																																	CREATES -> service1
																																																																																																																																																																																																																																																																																																		CREATES -> service2
																																																																																																																																																																																																																																																																																																			CREATES -> service1
																																																																																																																																																																																																																																																																																																				CREATES -> service2
																																																																																																																																																																																																																																																																																																					CREATES -> service1
																																																																																																																																																																																																																																																																																																						CREATES -> service2
																																																																																																																																																																																																																																																																																																							CREATES -> service1
																																																																																																																																																																																																																																																																																																								CREATES -> service2
																																																																																																																																																																																																																																																																																																									CREATES -> service1
																																																																																																																																																																																																																																																																																																										CREATES -> service2
																																																																																																																																																																																																																																																																																																											CREATES -> service1
																																																																																																																																																																																																																																																																																																												CREATES -> service2
																																																																																																																																																																																																																																																																																																													CREATES -> service1
																																																																																																																																																																																																																																																																																																														CREATES -> service2
																																																																																																																																																																																																																																																																																																															CREATES -> service1
																																																																																																																																																																																																																																																																																																																CREATES -> service2
																																																																																																																																																																																																																																																																																																																	CREATES -> service1
																																																																																																																																																																																																																																																																																																																		CREATES -> service2
																																																																																																																																																																																																																																																																																																																			CREATES -> service1
																																																																																																																																																																																																																																																																																																																				CREATES -> service2
																																																																																																																																																																																																																																																																																																																					CREATES -> service1
																																																																																																																																																																																																																																																																																																																						CREATES -> service2
																																																																																																																																																																																																																																																																																																																							CREATES -> service1
																																																																																																																																																																																																																																																																																																																								CREATES -> service2
																																																																																																																																																																																																																																																																																																																									CREATES -> service1
																																																																																																																																																																																																																																																																																																																										CREATES -> service2
																																																																																																																																																																																																																																																																																																																											CREATES -> service1
																																																																																																																																																																																																																																																																																																																												CREATES -> service2
																																																																																																																																																																																																																																																																																																																													CREATES -> service1
																																																																																																																																																																																																																																																																																																																														CREATES -> service2
																																																																																																																																																																																																																																																																																																																															CREATES -> service1
																																																																																																																																																																																																																																																																																																																																CREATES -> service2
																																																																																																																																																																																																																																																																																																																																	CREATES -> service1
																																																																																																																																																																																																																																																																																																																																		CREATES -> service2
																																																																																																																																																																																																																																																																																																																																			CREATES -> service1
																																																																																																																																																																																																																																																																																																																																				CREATES -> service2
																																																																																																																																																																																																																																																																																																																																					CREATES -> service1
																																																																																																																																																																																																																																																																																																																																						CREATES -> service2
																																																																																																																																																																																																																																																																																																																																							CREATES -> service1
																																																																																																																																																																																																																																																																																																																																								CREATES -> service2
																																																																																																																																																																																																																																																																																																																																									CREATES -> service1
																																																																																																																																																																																																																																																																																																																																										CREATES -> service2
																																																																																																																																																																																																																																																																																																																																											CREATES -> service1
																																																																																																																																																																																																																																																																																																																																												CREATES -> service2
																																																																																																																																																																																																																																																																																																																																													CREATES -> service1
																																																																																																																																																																																																																																																																																																																																														CREATES -> service2
																																																																																																																																																																																																																																																																																																																																															CREATES -> service1
																																																																																																																																																																																																																																																																																																																																																CREATES -> service2
																																																																																																																																																																																																																																																																																																																																																	CREATES -> service1
																																																																																																																																																																																																																																																																																																																																																		CREATES -> service2
																																																																																																																																																																																																																																																																																																																																																			CREATES -> service1
																																																																																																																																																																																																																																																																																																																																																				CREATES -> service2
																																																																																																																																																																																																																																																																																																																																																					CREATES -> service1
																																																																																																																																																																																																																																																																																																																																																						CREATES -> service2
																																																																																																																																																																																																																																																																																																																																																							CREATES -> service1
																																																																																																																																																																																																																																																																																																																																																								CREATES -> service2
																																																																																																																																																																																																																																																																																																																																																									CREATES -> service1
																																																																																																																																																																																																																																																																																																																																																										CREATES -> service2
																																																																																																																																																																																																																																																																																																																																																											CREATES -> service1
																																																																																																																																																																																																																																																																																																																																																												CREATES -> service2
																																																																																																																																																																																																																																																																																																																																																													CREATES -> service1
																																																																																																																																																																																																																																																																																																																																																														CREATES -> service2
																																																																																																																																																																																																																																																																																																																																																															CREATES -> service1
																																																																																																																																																																																																																																																																																																																																																																CREATES -> service2
																																																																																																																																																																																																																																																																																																																																																																	CREATES -> service1
																																																																																																																																																																																																																																																																																																																																																																		CREATES -> service2
																																																																																																																																																																																																																																																																																																																																																																			CREATES -> service1
																																																																																																																																																																																																																																																																																																																																																																				CREATES -> service2
																																																																																																																																																																																																																																																																																																																																																																					CREATES -> service1
																																																																																																																																																																																																																																																																																																																																																																						CREATES -> service2
																																																																																																																																																																																																																																																																																																																																																																							CREATES -> service1
																																																																																																																																																																																																																																																																																																																																																																								CREATES -> service2
																																																																																																																																																																																																																																																																																																																																																																									CREATES -> service1
																																																																																																																																																																																																																																																																																																																																																																										CREATES -> service2
																																																																																																																																																																																																																																																																																																																																																																											CREATES -> service1
																																																																																																																																																																																																																																																																																																																																																																												CREATES -> service2
																																																																																																																																																																																																																																																																																																																																																																													CREATES -> service1
																																																																																																																																																																																																																																																																																																																																																																														CREATES -> service2
																																																																																																																																																																																																																																																																																																																																																																															CREATES -> service1
																																																																																																																																																																																																																																																																																																																																																																																CREATES -> service2
																																																																																																																																																																																																																																																																																																																																																																																	CREATES -> service1
																																																																																																																																																																																																																																																																																																																																																																																		CREATES -> service2
																																																																																																																																																																																																																																																																																																																																																																																			CREATES -> service1
																																																																																																																																																																																																																																																																																																																																																																																				CREATES -> service2
																																																																																																																																																																																																																																																																																																																																																																																					CREATES -> service1
																																																																																																																																																																																																																																																																																																																																																																																						CREATES -> service2
																																																																																																																																																																																																																																																																																																																																																																																							CREATES -> service1
																																																																																																																																																																																																																																																																																																																																																																																								CREATES -> service2
																																																																																																																																																																																																																																																																																																																																																																																									CREATES -> service1
																																																																																																																																																																																																																																																																																																																																																																																										CREATES -> service2
																																																																																																																																																																																																																																																																																																																																																																																											CREATES -> service1
																																																																																																																																																																																																																																																																																																																																																																																												CREATES -> service2
																																																																																																																																																																																																																																																																																																																																																																																													CREATES -> service1
																																																																																																																																																																																																																																																																																																																																																																																														CREATES -> service2
																																																																																																																																																																																																																																																																																																																																																																																															CREATES -> service1
																																																																																																																																																																																																																																																																																																																																																																																																CREATES -> service2
																																																																																																																																																																																																																																																																																																																																																																																																	CREATES -> service1
																																																																																																																																																																																																																																																																																																																																																																																																		CREATES -> service2
																																																																																																																																																																																																																																																																																																																																																																																																			CREATES -> service1
																																																																																																																																																																																																																																																																																																																																																																																																				CREATES -> service2
																																																																																																																																																																																																																																																																																																																																																																																																					CREATES -> service1
																																																																																																																																																																																																																																																																																																																																																																																																						CREATES -> service2
																																																																																																																																																																																																																																																																																																																																																																																																							CREATES -> service1
																																																																																																																																																																																																																																																																																																																																																																																																								CREATES -> service2
																																																																																																																																																																																																																																																																																																																																																																																																									CREATES -> service1
																																																																																																																																																																																																																																																																																																																																																																																																										CREATES -> service2
																																																																																																																																																																																																																																																																																																																																																																																																											CREATES -> service1
																																																																																																																																																																																																																																																																																																																																																																																																												CREATES -> service2
																																																																																																																																																																																																																																																																																																																																																																																																													CREATES -> service1
																																																																																																																																																																																																																																																																																																																																																																																																														CREATES -> service2
																																																																																																																																																																																																																																																																																																																																																																																																															CREATES -> service1
																																																																																																																																																																																																																																																																																																																																																																																																																CREATES -> service2
																																																																																																																																																																																																																																																																																																																																																																																																																	CREATES -> service1
																																																																																																																																																																																																																																																																																																																																																																																																																		CREATES -> service2
																																																																																																																																																																																																																																																																																																																																																																																																																			CREATES -> service1
																																																																																																																																																																																																																																																																																																																																																																																																																				CREATES -> service2
																																																																																																																																																																																																																																																																																																																																																																																																																					CREATES -> service1
																																																																																																																																																																																																																																																																																																																																																																																																																						CREATES -> service2
																																																																																																																																																																																																																																																																																																																																																																																																																							CREATES -> service1
																																																																																																																																																																																																																																																																																																																																																																																																																								CREATES -> service2
																																																																																																																																																																																																																																																																																																																																																																																																																									CREATES -> service1
																																																																																																																																																																																																																																																																																																																																																																																																																										CREATES -> service2
																																																																																																																																																																																																																																																																																																																																																																																																																											CREATES -> service1
																																																																																																																																																																																																																																																																																																																																																																																																																												CREATES -> service2
																																																																																																																																																																																																																																																																																																																																																																																																																													CREATES -> service1
																																																																																																																																																																																																																																																																																																																																																																																																																														CREATES -> service2
																																																																																																																																																																																																																																																																																																																																																																																																																															CREATES -> service1
																																																																																																																																																																																																																																																																																																																																																																																																																																CREATES -> service2
																																																																																																																																																																																																																																																																																																																																																																																																																																	CREATES -> service1
																																																																																																																																																																																																																																																																																																																																																																																																																																		CREATES -> service2
																																																																																																																																																																																																																																																																																																																																																																																																																																			CREATES -> service1
																																																																																																																																																																																																																																																																																																																																																																																																																																				CREATES -> service2
																																																																																																																																																																																																																																																																																																																																																																																																																																					CREATES -> service1
																																																																																																																																																																																																																																																																																																																																																																																																																																						CREATES -> service2
																																																																																																																																																																																																																																																																																																																																																																																																																																							CREATES -> service1
																																																																																																																																																																																																																																																																																																																																																																																																																																								CREATES -> service2
																																																																																																																																																																																																																																																																																																																																																																																																																																									CREATES -> service1
																																																																																																																																																																																																																																																																																																																																																																																																																																										CREATES -> service2
																																																																																																																																																																																																																																																																																																																																																																																																																																											CREATES -> service1
																																																																																																																																																																																																																																																																																																																																																																																																																																												CREATES -> service2
																																																																																																																																																																																																																																																																																																																																																																																																																																													CREATES -> service1
																																																																																																																																																																																																																																																																																																																																																																																																																																														CREATES -> service2
																																																																																																																																																																																																																																																																																																																																																																																																																																															CREATES -> service1
																																																																																																																																																																																																																																																																																																																																																																																																																																																CREATES -> service2
																																																																																																																																																																																																																																																																																																																																																																																																																																																	CREATES -> service1
																																																																																																																																																																																																																																																																																																																																																																																																																																																		CREATES -> service2
																																																																																																																																																																																																																																																																																																																																																																																																																																																			CREATES -> service1
																																																																																																																																																																																																																																																																																																																																																																																																																																																				CREATES -> service2
																																																																																																																																																																																																																																																																																																																																																																																																																																																					CREATES -> service1
																																																																																																																																																																																																																																																																																																																																																																																																																																																						CREATES -> service2
																																																																																																																																																																																																																																																																																																																																																																																																																																																							CREATES -> service1
																																																																																																																																																																																																																																																																																																																																																																																																																																																								CREATES -> service2
																																																																																																																																																																																																																																																																																																																																																																																																																																																									CREATES -> service1
																																																																																																																																																																																																																																																																																																																																																																																																																																																										CREATES -> service2
																																																																																																																																																																																																																																																																																																																																																																																																																																																											CREATES -> service1
																																																																																																																																																																																																																																																																																																																																																																																																																																																												CREATES -> service2
																																																																																																																																																																																																																																																																																																																																																																																																																																																													CREATES -> service1
																																																																																																																																																																																																																																																																																																																																																																																																																																																														CREATES -> service2
																																																																																																																																																																																																																																																																																																																																																																																																																																																															CREATES -> service1
																																																																																																																																																																																																																																																																																																																																																																																																																																																																CREATES -> service2
																																																																																																																																																																																																																																																																																																																																																																																																																																																																	CREATES -> service1
																																																																																																																																																																																																																																																																																																																																																																																																																																																																		CREATES -> service2
																																																																																																																																																																																																																																																																																																																																																																																																																																																																			CREATES -> service1
																																																																																																																																																																																																																																																																																																																																																																																																																																																																				CREATES -> service2
																																																																																																																																																																																																																																																																																																																																																																																																																																																																					CREATES -> service1
																																																																																																																																																																																																																																																																																																																																																																																																																																																																						CREATES -> service2
																																																																																																																																																																																																																																																																																																																																																																																																																																																																							CREATES -> service1
																																																																																																																																																																																																																																																																																																																																																																																																																																																																								CREATES -> service2
																																																																																																																																																																																																																																																																																																																																																																																																																																																																									CREATES -> service1
																																																																																																																																																																																																																																																																																																																																																																																																																																																																										CREATES -> service2
																																																																																																																																																																																																																																																																																																																																																																																																																																																																											CREATES -> service1
																																																																																																																																																																																																																																																																																																																																																																																																																																																																												CREATES -> service2
																																																																																																																																																																																																																																																																																																																																																																																																																																																																													CREATES -> service1
																																																																																																																																																																																																																																																																																																																																																																																																																																																																														CREATES -> service2
																																																																																																																																																																																																																																																																																																																																																																																																																																																																															CREATES -> service1
																																																																																																																																																																																																																																																																																																																																																																																																																																																																																CREATES -> service2
																																																																																																																																																																																																																																																																																																																																																																																																																																																																																	CREATES -> service1
																																																																																																																																																																																																																																																																																																																																																																																																																																																																																		CREATES -> service2
																																																																																																																																																																																																																																																																																																																																																																																																																																																																																			CREATES -> service1
																																																																																																																																																																																																																																																																																																																																																																																																																																																																																				CREATES -> service2
																																																																																																																																																																																																																																																																																																																																																																																																																																																																																					CREATES -> service1
																																																																																																																																																																																																																																																																																																																																																																																																																																																																																						CREATES -> service2
																																																																																																																																																																																																																																																																																																																																																																																																																																																																																							CREATES -> service1
																																																																																																																																																																																																																																																																																																																																																																																																																																																																																								CREATES -> service2
																																																																																																																																																																																																																																																																																																																																																																																																																																																																																									CREATES -> service1
																																																																																																																																																																																																																																																																																																																																																																																																																																																																																										CREATES -> service2
																																																																																																																																																																																																																																																																																																																																																																																																																																																																																											CREATES -> service1
																																																																																																																																																																																																																																																																																																																																																																																																																																																																																												CREATES -> service2
																																																																																																																																																																																																																																																																																																																																																																																																																																																																																													CREATES -> service1
																																																																																																																																																																																																																																																																																																																																																																																																																																																																																														CREATES -> service2
																																																																																																																																																																																																																																																																																																																																																																																																																																																																																															CREATES -> service1
																																																																																																																																																																																																																																																																																																																																																																																																																																																																																																CREATES -> service2
																																																																																																																																																																																																																																																																																																																																																																																																																																																																																																	CREATES -> service1
																																																																																																																																																																																																																																																																																																																																																																																																																																																																																																		CREATES -> service2
																																																																																																																																																																																																																																																																																																																																																																																																																																																																																																			CREATES -> service1
																																																																																																																																																																																																																																																																																																																																																																																																																																																																																																				CREATES -> service2
																																																																																																																																																																																																																																																																																																																																																																																																																																																																																																					CREATES -> service1
																																																																																																																																																																																																																																																																																																																																																																																																																																																																																																						CREATES -> service2
																																																																																																																																																																																																																																																																																																																																																																																																																																																																																																							CREATES -> service1
																																																																																																																																																																																																																																																																																																																																																																																																																																																																																																								CREATES -> service2
																																																																																																																																																																																																																																																																																																																																																																																																																																																																																																									CREATES -> service1
																																																																																																																																																																																																																																																																																																																																																																																																																																																																																																										CREATES -> service2
																																																																																																																																																																																																																																																																																																																																																																																																																																																																																																											CREATES -> service1
																																																																																																																																																																																																																																																																																																																																																																																																																																																																																																												CREATES -> service2
																																																																																																																																																																																																																																																																																																																																																																																																																																																																																																													CREATES -> service1
																																																																																																																																																																																																																																																																																																																																																																																																																																																																																																														CREATES -> service2
																																																																																																																																																																																																																																																																																																																																																																																																																																																																																																															CREATES -> service1
																																																																																																																																																																																																																																																																																																																																																																																																																																																																																																																CREATES -> service2
																																																																																																																																																																																																																																																																																																																																																																																																																																																																																																																	CREATES -> service1
																																																																																																																																																																																																																																																																																																																																																																																																																																																																																																																		CREATES -> service2
																																																																																																																																																																																																																																																																																																																																																																																																																																																																																																																			CREATES -> service1
																																																																																																																																																																																																																																																																																																																																																																																																																																																																																																																				CREATES -> service2
																																																																																																																																																																																																																																																																																																																																																																																																																																																																																																																					CREATES -> service1
																																																																																																																																																																																																																																																																																																																																																																																																																																																																																																																						CREATES -> service2
																																																																																																																																																																																																																																																																																																																																																																																																																																																																																																																							CREATES -> service1
																																																																																																																																																																																																																																																																																																																																																																																																																																																																																																																								CREATES -> service2
																																																																																																																																																																																																																																																																																																																																																																																																																																																																																																																									CREATES -> service1
																																																																																																																																																																																																																																																																																																																																																																																																																																																																																																																										CREATES -> service2
																																																																																																																																																																																																																																																																																																																																																																																																																																																																																																																											CREATES -> service1
																																																																																																																																																																																																																																																																																																																																																																																																																																																																																																																												CREATES -> service2
																																																																																																																																																																																																																																																																																																																																																																																																																																																																																																																													CREATES -> service1
																																																																																																																																																																																																																																																																																																																																																																																																																																																																																																																														CREATES -> service2
																																																																																																																																																																																																																																																																																																																																																																																																																																																																																																																															CREATES -> service1
																																																																																																																																																																																																																																																																																																																																																																																																																																																																																																																																CREATES -> service2
																																																																																																																																																																																																																																																																																																																																																																																																																																																																																																																																	CREATES -> service1
																																																																																																																																																																																																																																																																																																																																																																																																																																																																																																																																		CREATES -> service2
																																																																																																																																																																																																																																																																																																																																																																																																																																																																																																																																			CREATES -> service1
																																																																																																																																																																																																																																																																																																																																																																																																																																																																																																																																				CREATES -> service2
																																																																																																																																																																																																																																																																																																																																																																																																																																																																																																																																					CREATES -> service1
																																																																																																																																																																																																																																																																																																																																																																																																																																																																																																																																						CREATES -> service2
																																																																																																																																																																																																																																																																																																																																																																																																																																																																																																																																							CREATES -> service1
																																																																																																																																																																																																																																																																																																																																																																																																																																																																																																																																								CREATES -> service2
																																																																																																																																																																																																																																																																																																																																																																																																																																																																																																																																									CREATES -> service1
																																																																																																																																																																																																																																																																																																																																																																																																																																																																																																																																										CREATES -> service2
																																																																																																																																																																																																																																																																																																																																																																																																																																																																																																																																											CREATES -> service1
																																																																																																																																																																																																																																																																																																																																																																																																																																																																																																																																												CREATES -> service2
																																																																																																																																																																																																																																																																																																																																																																																																																																																																																																																																													CREATES -> service1
																																																																																																																																																																																																																																																																																																																																																																																																																																																																																																																																														CREATES -> service2
																																																																																																																																																																																																																																																																																																																																																																																																																																																																																																																																															CREATES -> service1
																																																																																																																																																																																																																																																																																																																																																																																																																																																																																																																																																CREATES -> service2
																																																																																																																																																																																																																																																																																																																																																																																																																																																																																																																																																	CREATES -> service1
																																																																																																																																																																																																																																																																																																																																																																																																																																																																																																																																																		CREATES -> service2
																																																																																																																																																																																																																																																																																																																																																																																																																																																																																																																																																			CREATES -> service1
																																																																																																																																																																																																																																																																																																																																																																																																																																																																																																																																																				CREATES -> service2
																																																																																																																																																																																																																																																																																																																																																																																																																																																																																																																																																					CREATES -> service1
																																																																																																																																																																																																																																																																																																																																																																																																																																																																																																																																																						CREATES -> service2
																																																																																																																																																																																																																																																																																																																																																																																																																																																																																																																																																							CREATES -> service1
																																																																																																																																																																																																																																																																																																																																																																																																																																																																																																																																																								CREATES -> service2
																																																																																																																																																																																																																																																																																																																																																																																																																																																																																																																																																									CREATES -> service1
																																																																																																																																																																																																																																																																																																																																																																																																																																																																																																																																																										CREATES -> service2
																																																																																																																																																																																																																																																																																																																																																																																																																																																																																																																																																											CREATES -> service1
																																																																																																																																																																																																																																																																																																																																																																																																																																																																																																																																																												CREATES -> service2
																																																																																																																																																																																																																																																																																																																																																																																																																																																																																																																																																													CREATES -> service1
																																																																																																																																																																																																																																																																																																																																																																																																																																																																																																																																																														CREATES -> service2
																																																																																																																																																																																																																																																																																																																																																																																																																																																																																																																																																															CREATES -> service1
																																																																																																																																																																																																																																																																																																																																																																																																																																																																																																																																																																CREATES -> service2
																																																																																																																																																																																																																																																																																																																																																																																																																																																																																																																																																																	CREATES -> service1
																																																																																																																																																																																																																																																																																																																																																																																																																																																																																																																																																																		CREATES -> service2
																																																																																																																																																																																																																																																																																																																																																																																																																																																																																																																																																																			CREATES -> service1
																																																																																																																																																																																																																																																																																																																																																																																																																																																																																																																																																																				CREATES -> service2
																																																																																																																																																																																																																																																																																																																																																																																																																																																																																																																																																																					CREATES -> service1
																																																																																																																																																																																																																																																																																																																																																																																																																																																																																																																																																																						CREATES -> service2
																																																																																																																																																																																																																																																																																																																																																																																																																																																																																																																																																																							CREATES -> service1
																																																																																																																																																																																																																																																																																																																																																																																																																																																																																																																																																																								CREATES -> service2
																																																																																																																																																																																																																																																																																																																																																																																																																																																																																																																																																																									CREATES -> service1
																																																																																																																																																																																																																																																																																																																																																																																																																																																																																																																																																																										CREATES -> service2
																																																																																																																																																																																																																																																																																																																																																																																																																																																																																																																																																																											CREATES -> service1
																																																																																																																																																																																																																																																																																																																																																																																																																																																																																																																																																																												CREATES -> service2
																																																																																																																																																																																																																																																																																																																																																																																																																																																																																																																																																																													CREATES -> service1
																																																																																																																																																																																																																																																																																																																																																																																																																																																																																																																																																																														CREATES -> service2
																																																																																																																																																																																																																																																																																																																																																																																																																																																																																																																																																																															CREATES -> service1
																																																																																																																																																																																																																																																																																																																																																																																																																																																																																																																																																																																CREATES -> service2
																																																																																																																																																																																																																																																																																																																																																																																																																																																																																																																																																																																	CREATES -> service1
																																																																																																																																																																																																																																																																																																																																																																																																																																																																																																																																																																																		CREATES -> service2
																																																																																																																																																																																																																																																																																																																																																																																																																																																																																																																																																																																			CREATES -> service1
																																																																																																																																																																																																																																																																																																																																																																																																																																																																																																																																																																																				CREATES -> service2
																																																																																																																																																																																																																																																																																																																																																																																																																																																																																																																																																																																					CREATES -> service1
																																																																																																																																																																																																																																																																																																																																																																																																																																																																																																																																																																																						CREATES -> service2
																																																																																																																																																																																																																																																																																																																																																																																																																																																																																																																																																																																							CREATES -> service1
																																																																																																																																																																																																																																																																																																																																																																																																																																																																																																																																																																																								CREATES -> service2
																																																																																																																																																																																																																																																																																																																																																																																																																																																																																																																																																																																									CREATES -> service1
																																																																																																																																																																																																																																																																																																																																																																																																																																																																																																																																																																																										CREATES -> service2
																																																																																																																																																																																																																																																																																																																																																																																																																																																																																																																																																																																											CREATES -> service1
																																																																																																																																																																																																																																																																																																																																																																																																																																																																																																																																																																																												CREATES -> service2
																																																																																																																																																																																																																																																																																																																																																																																																																																																																																																																																																																																													CREATES -> service1
																																																																																																																																																																																																																																																																																																																																																																																																																																																																																																																																																																																														CREATES -> service2
																																																																																																																																																																																																																																																																																																																																																																																																																																																																																																																																																																																															CREATES -> service1
																																																																																																																																																																																																																																																																																																																																																																																																																																																																																																																																																																																																CREATES -> service2
																																																																																																																																																																																																																																																																																																																																																																																																																																																																																																																																																																																																	CREATES -> service1
																																																																																																																																																																																																																																																																																																																																																																																																																																																																																																																																																																																																		CREATES -> service2
																																																																																																																																																																																																																																																																																																																																																																																																																																																																																																																																																																																																			CREATES -> service1
																																																																																																																																																																																																																																																																																																																																																																																																																																																																																																																																																																																																				CREATES -> service2
																																																																																																																																																																																																																																																																																																																																																																																																																																																																																																																																																																																																					CREATES -> service1
																																																																																																																																																																																																																																																																																																																																																																																																																																																																																																																																																																																																						CREATES -> service2
																																																																																																																																																																																																																																																																																																																																																																																																																																																																																																																																																																																																							CREATES -> service1
																																																																																																																																																																																																																																																																																																																																																																																																																																																																																																																																																																																																								CREATES -> service2
																																																																																																																																																																																																																																																																																																																																																																																																																																																																																																																																																																																																									CREATES -> service1
																																																																																																																																																																																																																																																																																																																																																																																																																																																																																																																																																																																																										CREATES -> service2
																																																																																																																																																																																																																																																																																																																																																																																																																																																																																																																																																																																																											CREATES -> service1
																																																																																																																																																																																																																																																																																																																																																																																																																																																																																																																																																																																																												CREATES -> service2
																																																																																																																																																																																																																																																																																																																																																																																																																																																																																																																																																																																																													CREATES -> service1
																																																																																																																																																																																																																																																																																																																																																																																																																																																																																																																																																																																																														CREATES -> service2
																																																																																																																																																																																																																																																																																																																																																																																																																																																																																																																																																																																																															CREATES -> service1
																																																																																																																																																																																																																																																																																																																																																																																																																																																																																																																																																																																																																CREATES -> service2
																																																																																																																																																																																																																																																																																																																																																																																																																																																																																																																																																																																																																	CREATES -> service1
																																																																																																																																																																																																																																																																																																																																																																																																																																																																																																																																																																																																																		CREATES -> service2
																																																																																																																																																																																																																																																																																																																																																																																																																																																																																																																																																																																																																			CREATES -> service1
																																																																																																																																																																																																																																																																																																																																																																																																																																																																																																																																																																																																																				CREATES -> service2
																																																																																																																																																																																																																																																																																																																																																																																																																																																																																																																																																																																																																					CREATES -> service1
																																																																																																																																																																																																																																																																																																																																																																																																																																																																																																																																																																																																																						CREATES -> service2
																																																																																																																																																																																																																																																																																																																																																																																																																																																																																																																																																																																																																							CREATES -> service1
																																																																																																																																																																																																																																																																																																																																																																																																																																																																																																																																																																																																																								CREATES -> service2
																																																																																																																																																																																																																																																																																																																																																																																																																																																																																																																																																																																																																									CREATES -> service1
																																																																																																																																																																																																																																																																																																																																																																																																																																																																																																																																																																																																																										CREATES -> service2
																																																																																																																																																																																																																																																																																																																																																																																																																																																																																																																																																																																																																											CREATES -> service1
																																																																																																																																																																																																																																																																																																																																																																																																																																																																																																																																																																																																																												CREATES -> service2
																																																																																																																																																																																																																																																																																																																																																																																																																																																																																																																																																																																																																													CREATES -> service1
																																																																																																																																																																																																																																																																																																																																																																																																																																																																																																																																																																																																																														CREATES -> service2
																																																																																																																																																																																																																																																																																																																																																																																																																																																																																																																																																																																																																															CREATES -> service1
																																																																																																																																																																																																																																																																																																																																																																																																																																																																																																																																																																																																																																CREATES -> service2
																																																																																																																																																																																																																																																																																																																																																																																																																																																																																																																																																																																																																																	CREATES -> service1
																																																																																																																																																																																																																																																																																																																																																																																																																																																																																																																																																																																																																																		CREATES -> service2
																																																																																																																																																																																																																																																																																																																																																																																																																																																																																																																																																																																																																																			CREATES -> service1
																																																																																																																																																																																																																																																																																																																																																																																																																																																																																																																																																																																																																																				CREATES -> service2
																																																																																																																																																																																																																																																																																																																																																																																																																																																																																																																																																																																																																																					CREATES -> service1
																																																																																																																																																																																																																																																																																																																																																																																																																																																																																																																																																																																																																																						CREATES -> service2
																																																																																																																																																																																																																																																																																																																																																																																																																																																																																																																																																																																																																																							CREATES -> service1
																																																																																																																																																																																																																																																																																																																																																																																																																																																																																																																																																																																																																																								CREATES -> service2
																																																																																																																																																																																																																																																																																																																																																																																																																																																																																																																																																																																																																																									CREATES -> service1
																																																																																																																																																																																																																																																																																																																																																																																																																																																																																																																																																																																																																																										CREATES -> service2
																																																																																																																																																																																																																																																																																																																																																																																																																																																																																																																																																																																																																																											CREATES -> service1
																																																																																																																																																																																																																																																																																																																																																																																																																																																																																																																																																																																																																																												CREATES -> service2
																																																																																																																																																																																																																																																																																																																																																																																																																																																																																																																																																																																																																																													CREATES -> service1
																																																																																																																																																																																																																																																																																																																																																																																																																																																																																																																																																																																																																																														CREATES -> service2
																																																																																																																																																																																																																																																																																																																																																																																																																																																																																																																																																																																																																																															CREATES -> service1
																																																																																																																																																																																																																																																																																																																																																																																																																																																																																																																																																																																																																																																CREATES -> service2
																																																																																																																																																																																																																																																																																																																																																																																																																																																																																																																																																																																																																																																	CREATES -> service1
																																																																																																																																																																																																																																																																																																																																																																																																																																																																																																																																																																																																																																																		CREATES -> service2
																																																																																																																																																																																																																																																																																																																																																																																																																																																																																																																																																																																																																																																			CREATES -> service1
																																																																																																																																																																																																																																																																																																																																																																																																																																																																																																																																																																																																																																																				CREATES -> service2
																																																																																																																																																																																																																																																																																																																																																																																																																																																																																																																																																																																																																																																					CREATES -> service1
																																																																																																																																																																																																																																																																																																																																																																																																																																																																																																																																																																																																																																																						CREATES -> service2
																																																																																																																																																																																																																																																																																																																																																																																																																																																																																																																																																																																																																																																							CREATES -> service1
																																																																																																																																																																																																																																																																																																																																																																																																																																																																																																																																																																																																																																																								CREATES -> service2
																																																																																																																																																																																																																																																																																																																																																																																																																																																																																																																																																																																																																																																									CREATES -> service1
																																																																																																																																																																																																																																																																																																																																																																																																																																																																																																																																																																																																																																																										CREATES -> service2
																																																																																																																																																																																																																																																																																																																																																																																																																																																																																																																																																																																																																																																											CREATES -> service1
																																																																																																																																																																																																																																																																																																																																																																																																																																																																																																																																																																																																																																																												CREATES -> service2
																																																																																																																																																																																																																																																																																																																																																																																																																																																																																																																																																																																																																																																													CREATES -> service1
																																																																																																																																																																																																																																																																																																																																																																																																																																																																																																																																																																																																																																																														CREATES -> service2
																																																																																																																																																																																																																																																																																																																																																																																																																																																																																																																																																																																																																																																															CREATES -> service1
																																																																																																																																																																																																																																																																																																																																																																																																																																																																																																																																																																																																																																																																CREATES -> service2
																																																																																																																																																																																																																																																																																																																																																																																																																																																																																																																																																																																																																																																																	CREATES -> service1
																																																																																																																																																																																																																																																																																																																																																																																																																																																																																																																																																																																																																																																																		CREATES -> service2
																																																																																																																																																																																																																																																																																																																																																																																																																																																																																																																																																																																																																																																																			CREATES -> service1
																																																																																																																																																																																																																																																																																																																																																																																																																																																																																																																																																																																																																																																																				CREATES -> service2
																																																																																																																																																																																																																																																																																																																																																																																																																																																																																																																																																																																																																																																																					CREATES -> service1
																																																																																																																																																																																																																																																																																																																																																																																																																																																																																																																																																																																																																																																																						CREATES -> service2
																																																																																																																																																																																																																																																																																																																																																																																																																																																																																																																																																																																																																																																																							CREATES -> service1
																																																																																																																																																																																																																																																																																																																																																																																																																																																																																																																																																																																																																																																																								CREATES -> service2
																																																																																																																																																																																																																																																																																																																																																																																																																																																																																																																																																																																																																																																																									CREATES -> service1
																																																																																																																																																																																																																																																																																																																																																																																																																																																																																																																																																																																																																																																																										CREATES -> service2
																																																																																																																																																																																																																																																																																																																																																																																																																																																																																																																																																																																																																																																																											CREATES -> service1
																																																																																																																																																																																																																																																																																																																																																																																																																																																																																																																																																																																																																																																																												CREATES -> service2
																																																																																																																																																																																																																																																																																																																																																																																																																																																																																																																																																																																																																																																																													CREATES -> service1
																																																																																																																																																																																																																																																																																																																																																																																																																																																																																																																																																																																																																																																																														CREATES -> service2
																																																																																																																																																																																																																																																																																																																																																																																																																																																																																																																																																																																																																																																																															CREATES -> service1
																																																																																																																																																																																																																																																																																																																																																																																																																																																																																																																																																																																																																																																																																CREATES -> service2
																																																																																																																																																																																																																																																																																																																																																																																																																																																																																																																																																																																																																																																																																	CREATES -> service1
																																																																																																																																																																																																																																																																																																																																																																																																																																																																																																																																																																																																																																																																																		CREATES -> service2
																																																																																																																																																																																																																																																																																																																																																																																																																																																																																																																																																																																																																																																																																			CREATES -> service1
																																																																																																																																																																																																																																																																																																																																																																																																																																																																																																																																																																																																																																																																																				CREATES -> service2
																																																																																																																																																																																																																																																																																																																																																																																																																																																																																																																																																																																																																																																																																					CREATES -> service1
																																																																																																																																																																																																																																																																																																																																																																																																																																																																																																																																																																																																																																																																																						CREATES -> service2
																																																																																																																																																																																																																																																																																																																																																																																																																																																																																																																																																																																																																																																																																							CREATES -> service1
																																																																																																																																																																																																																																																																																																																																																																																																																																																																																																																																																																																																																																																																																								CREATES -> service2
																																																																																																																																																																																																																																																																																																																																																																																																																																																																																																																																																																																																																																																																																									CREATES -> service1
																																																																																																																																																																																																																																																																																																																																																																																																																																																																																																																																																																																																																																																																																										CREATES -> service2
																																																																																																																																																																																																																																																																																																																																																																																																																																																																																																																																																																																																																																																																																											CREATES -> service1
																																																																																																																																																																																																																																																																																																																																																																																																																																																																																																																																																																																																																																																																																												CREATES -> service2
																																																																																																																																																																																																																																																																																																																																																																																																																																																																																																																																																																																																																																																																																													CREATES -> service1
																																																																																																																																																																																																																																																																																																																																																																																																																																																																																																																																																																																																																																																																																														CREATES -> service2
																																																																																																																																																																																																																																																																																																																																																																																																																																																																																																																																																																																																																																																																																															CREATES -> service1
																																																																																																																																																																																																																																																																																																																																																																																																																																																																																																																																																																																																																																																																																																CREATES -> service2
																																																																																																																																																																																																																																																																																																																																																																																																																																																																																																																																																																																																																																																																																																	CREATES -> service1
																																																																																																																																																																																																																																																																																																																																																																																																																																																																																																																																																																																																																																																																																																		CREATES -> service2
																																																																																																																																																																																																																																																																																																																																																																																																																																																																																																																																																																																																																																																																																																			CREATES -> service1
																																																																																																																																																																																																																																																																																																																																																																																																																																																																																																																																																																																																																																																																																																				CREATES -> service2
																																																																																																																																																																																																																																																																																																																																																																																																																																																																																																																																																																																																																																																																																																					CREATES -> service1
																																																																																																																																																																																																																																																																																																																																																																																																																																																																																																																																																																																																																																																																																																						CREATES -> service2
																																																																																																																																																																																																																																																																																																																																																																																																																																																																																																																																																																																																																																																																																																							CREATES -> service1
																																																																																																																																																																																																																																																																																																																																																																																																																																																																																																																																																																																																																																																																																																								CREATES -> service2
																																																																																																																																																																																																																																																																																																																																																																																																																																																																																																																																																																																																																																																																																																									CREATES -> service1
																																																																																																																																																																																																																																																																																																																																																																																																																																																																																																																																																																																																																																																																																																										CREATES -> service2
																																																																																																																																																																																																																																																																																																																																																																																																																																																																																																																																																																																																																																																																																																											CREATES -> service1
																																																																																																																																																																																																																																																																																																																																																																																																																																																																																																																																																																																																																																																																																																												CREATES -> service2
																																																																																																																																																																																																																																																																																																																																																																																																																																																																																																																																																																																																																																																																																																													CREATES -> service1
																																																																																																																																																																																																																																																																																																																																																																																																																																																																																																																																																																																																																																																																																																														CREATES -> service2
																																																																																																																																																																																																																																																																																																																																																																																																																																																																																																																																																																																																																																																																																																															CREATES -> service1
																																																																																																																																																																																																																																																																																																																																																																																																																																																																																																																																																																																																																																																																																																																CREATES -> service2
																																																																																																																																																																																																																																																																																																																																																																																																																																																																																																																																																																																																																																																																																																																	CREATES -> service1
																																																																																																																																																																																																																																																																																																																																																																																																																																																																																																																																																																																																																																																																																																																		CREATES -> service2
																																																																																																																																																																																																																																																																																																																																																																																																																																																																																																																																																																																																																																																																																																																			CREATES -> service1
																																																																																																																																																																																																																																																																																																																																																																																																																																																																																																																																																																																																																																																																																																																				CREATES -> service2
																																																																																																																																																																																																																																																																																																																																																																																																																																																																																																																																																																																																																																																																																																																					CREATES -> service1
																																																																																																																																																																																																																																																																																																																																																																																																																																																																																																																																																																																																																																																																																																																						CREATES -> service2
																																																																																																																																																																																																																																																																																																																																																																																																																																																																																																																																																																																																																																																																																																																							CREATES -> service1
																																																																																																																																																																																																																																																																																																																																																																																																																																																																																																																																																																																																																																																																																																																								CREATES -> service2
																																																																																																																																																																																																																																																																																																																																																																																																																																																																																																																																																																																																																																																																																																																									CREATES -> service1
																																																																																																																																																																																																																																																																																																																																																																																																																																																																																																																																																																																																																																																																																																																										CREATES -> service2
																																																																																																																																																																																																																																																																																																																																																																																																																																																																																																																																																																																																																																																																																																																											CREATES -> service1
																																																																																																																																																																																																																																																																																																																																																																																																																																																																																																																																																																																																																																																																																																																												CREATES -> service2
																																																																																																																																																																																																																																																																																																																																																																																																																																																																																																																																																																																																																																																																																																																													CREATES -> service1
																																																																																																																																																																																																																																																																																																																																																																																																																																																																																																																																																																																																																																																																																																																														CREATES -> service2
																																																																																																																																																																																																																																																																																																																																																																																																																																																																																																																																																																																																																																																																																																																															CREATES -> service1
																																																																																																																																																																																																																																																																																																																																																																																																																																																																																																																																																																																																																																																																																																																																CREATES -> service2
																																																																																																																																																																																																																																																																																																																																																																																																																																																																																																																																																																																																																																																																																																																																	CREATES -> service1
																																																																																																																																																																																																																																																																																																																																																																																																																																																																																																																																																																																																																																																																																																																																		CREATES -> service2
																																																																																																																																																																																																																																																																																																																																																																																																																																																																																																																																																																																																																																																																																																																																			CREATES -> service1
																																																																																																																																																																																																																																																																																																																																																																																																																																																																																																																																																																																																																																																																																																																																				CREATES -> service2
																																																																																																																																																																																																																																																																																																																																																																																																																																																																																																																																																																																																																																																																																																																																					CREATES -> service1
																																																																																																																																																																																																																																																																																																																																																																																																																																																																																																																																																																																																																																																																																																																																						CREATES -> service2
																																																																																																																																																																																																																																																																																																																																																																																																																																																																																																																																																																																																																																																																																																																																							CREATES -> service1
																																																																																																																																																																																																																																																																																																																																																																																																																																																																																																																																																																																																																																																																																																																																								CREATES -> service2
																																																																																																																																																																																																																																																																																																																																																																																																																																																																																																																																																																																																																																																																																																																																									CREATES -> service1
																																																																																																																																																																																																																																																																																																																																																																																																																																																																																																																																																																																																																																																																																																																																										CREATES -> service2
																																																																																																																																																																																																																																																																																																																																																																																																																																																																																																																																																																																																																																																																																																																																											CREATES -> service1
																																																																																																																																																																																																																																																																																																																																																																																																																																																																																																																																																																																																																																																																																																																																												CREATES -> service2
																																																																																																																																																																																																																																																																																																																																																																																																																																																																																																																																																																																																																																																																																																																																													CREATES -> service1
																																																																																																																																																																																																																																																																																																																																																																																																																																																																																																																																																																																																																																																																																																																																														CREATES -> service2
																																																																																																																																																																																																																																																																																																																																																																																																																																																																																																																																																																																																																																																																																																																																															CREATES -> service1
																																																																																																																																																																																																																																																																																																																																																																																																																																																																																																																																																																																																																																																																																																																																																CREATES -> service2
																																																																																																																																																																																																																																																																																																																																																																																																																																																																																																																																																																																																																																																																																																																																																	CREATES -> service1
																																																																																																																																																																																																																																																																																																																																																																																																																																																																																																																																																																																																																																																																																																																																																		CREATES -> service2
																																																																																																																																																																																																																																																																																																																																																																																																																																																																																																																																																																																																																																																																																																																																																			CREATES -> service1
																																																																																																																																																																																																																																																																																																																																																																																																																																																																																																																																																																																																																																																																																																																																																				CREATES -> service2
																																																																																																																																																																																																																																																																																																																																																																																																																																																																																																																																																																																																																																																																																																																																																					CREATES -> service1
																																																																																																																																																																																																																																																																																																																																																																																																																																																																																																																																																																																																																																																																																																																																																						CREATES -> service2
																																																																																																																																																																																																																																																																																																																																																																																																																																																																																																																																																																																																																																																																																																																																																							CREATES -> service1
																																																																																																																																																																																																																																																																																																																																																																																																																																																																																																																																																																																																																																																																																																																																																								CREATES -> service2
																																																																																																																																																																																																																																																																																																																																																																																																																																																																																																																																																																																																																																																																																																																																																									CREATES -> service1
																																																																																																																																																																																																																																																																																																																																																																																																																																																																																																																																																																																																																																																																																																																																																										CREATES -> service2
																																																																																																																																																																																																																																																																																																																																																																																																																																																																																																																																																																																																																																																																																																																																																											CREATES -> service1
																																																																																																																																																																																																																																																																																																																																																																																																																																																																																																																																																																																																																																																																																																																																																												CREATES -> service2
																																																																																																																																																																																																																																																																																																																																																																																																																																																																																																																																																																																																																																																																																																																																																													CREATES -> service1
																																																																																																																																																																																																																																																																																																																																																																																																																																																																																																																																																																																																																																																																																																																																																														CREATES -> service2
																																																																																																																																																																																																																																																																																																																																																																																																																																																																																																																																																																																																																																																																																																																																																															CREATES -> service1
																																																																																																																																																																																																																																																																																																																																																																																																																																																																																																																																																																																																																																																																																																																																																																CREATES -> service2
																																																																																																																																																																																																																																																																																																																																																																																																																																																																																																																																																																																																																																																																																																																																																																	CREATES -> service1
																																																																																																																																																																																																																																																																																																																																																																																																																																																																																																																																																																																																																																																																																																																																																																		CREATES -> service2
																																																																																																																																																																																																																																																																																																																																																																																																																																																																																																																																																																																																																																																																																																																																																																			CREATES -> service1
																																																																																																																																																																																																																																																																																																																																																																																																																																																																																																																																																																																																																																																																																																																																																																				CREATES -> service2
																																																																																																																																																																																																																																																																																																																																																																																																																																																																																																																																																																																																																																																																																																																																																																					CREATES -> service1
																																																																																																																																																																																																																																																																																																																																																																																																																																																																																																																																																																																																																																																																																																																																																																						CREATES -> service2
																																																																																																																																																																																																																																																																																																																																																																																																																																																																																																																																																																																																																																																																																																																																																																							CREATES -> service1
																																																																																																																																																																																																																																																																																																																																																																																																																																																																																																																																																																																																																																																																																																																																																																								CREATES -> service2
																																																																																																																																																																																																																																																																																																																																																																																																																																																																																																																																																																																																																																																																																																																																																																									CREATES -> service1
																																																																																																																																																																																																																																																																																																																																																																																																																																																																																																																																																																																																																																																																																																																																																																										CREATES -> service2
																																																																																																																																																																																																																																																																																																																																																																																																																																																																																																																																																																																																																																																																																																																																																																											CREATES -> service1
																																																																																																																																																																																																																																																																																																																																																																																																																																																																																																																																																																																																																																																																																																																																																																												CREATES -> service2
																																																																																																																																																																																																																																																																																																																																																																																																																																																																																																																																																																																																																																																																																																																																																																													CREATES -> service1
																																																																																																																																																																																																																																																																																																																																																																																																																																																																																																																																																																																																																																																																																																																																																																														CREATES -> service2
																																																																																																																																																																																																																																																																																																																																																																																																																																																																																																																																																																																																																																																																																																																																																																															CREATES -> service1
																																																																																																																																																																																																																																																																																																																																																																																																																																																																																																																																																																																																																																																																																																																																																																																CREATES -> service2
																																																																																																																																																																																																																																																																																																																																																																																																																																																																																																																																																																																																																																																																																																																																																																																	CREATES -> service1
																																																																																																																																																																																																																																																																																																																																																																																																																																																																																																																																																																																																																																																																																																																																																																																		CREATES -> service2
																																																																																																																																																																																																																																																																																																																																																																																																																																																																																																																																																																																																																																																																																																																																																																																			CREATES -> service1
																																																																																																																																																																																																																																																																																																																																																																																																																																																																																																																																																																																																																																																																																																																																																																																				CREATES -> service2
																																																																																																																																																																																																																																																																																																																																																																																																																																																																																																																																																																																																																																																																																																																																																																																					CREATES -> service1
																																																																																																																																																																																																																																																																																																																																																																																																																																																																																																																																																																																																																																																																																																																																																																																						CREATES -> service2
																																																																																																																																																																																																																																																																																																																																																																																																																																																																																																																																																																																																																																																																																																																																																																																							CREATES -> service1
																																																																																																																																																																																																																																																																																																																																																																																																																																																																																																																																																																																																																																																																																																																																																																																								CREATES -> service2
																																																																																																																																																																																																																																																																																																																																																																																																																																																																																																																																																																																																																																																																																																																																																																																									CREATES -> service1
																																																																																																																																																																																																																																																																																																																																																																																																																																																																																																																																																																																																																																																																																																																																																																																										CREATES -> service2
																																																																																																																																																																																																																																																																																																																																																																																																																																																																																																																																																																																																																																																																																																																																																																																											CREATES -> service1
																																																																																																																																																																																																																																																																																																																																																																																																																																																																																																																																																																																																																																																																																																																																																																																												CREATES -> service2
																																																																																																																																																																																																																																																																																																																																																																																																																																																																																																																																																																																																																																																																																																																																																																																													CREATES -> service1
																																																																																																																																																																																																																																																																																																																																																																																																																																																																																																																																																																																																																																																																																																																																																																																														CREATES -> service2
																																																																																																																																																																																																																																																																																																																																																																																																																																																																																																																																																																																																																																																																																																																																																																																															CREATES -> service1
																																																																																																																																																																																																																																																																																																																																																																																																																																																																																																																																																																																																																																																																																																																																																																																																CREATES -> service2
																																																																																																																																																																																																																																																																																																																																																																																																																																																																																																																																																																																																																																																																																																																																																																																																	CREATES -> service1
																																																																																																																																																																																																																																																																																																																																																																																																																																																																																																																																																																																																																																																																																																																																																																																																		CREATES -> service2
																																																																																																																																																																																																																																																																																																																																																																																																																																																																																																																																																																																																																																																																																																																																																																																																			CREATES -> service1
																																																																																																																																																																																																																																																																																																																																																																																																																																																																																																																																																																																																																																																																																																																																																																																																				CREATES -> service2
																																																																																																																																																																																																																																																																																																																																																																																																																																																																																																																																																																																																																																																																																																																																																																																																					CREATES -> service1
																																																																																																																																																																																																																																																																																																																																																																																																																																																																																																																																																																																																																																																																																																																																																																																																						CREATES -> service2
																																																																																																																																																																																																																																																																																																																																																																																																																																																																																																																																																																																																																																																																																																																																																																																																							CREATES -> service1
																																																																																																																																																																																																																																																																																																																																																																																																																																																																																																																																																																																																																																																																																																																																																																																																								CREATES -> service2
																																																																																																																																																																																																																																																																																																																																																																																																																																																																																																																																																																																																																																																																																																																																																																																																									CREATES -> service1
																																																																																																																																																																																																																																																																																																																																																																																																																																																																																																																																																																																																																																																																																																																																																																																																										CREATES -> service2
																																																																																																																																																																																																																																																																																																																																																																																																																																																																																																																																																																																																																																																																																																																																																																																																											CREATES -> service1
																																																																																																																																																																																																																																																																																																																																																																																																																																																																																																																																																																																																																																																																																																																																																																																																												CREATES -> service2
																																																																																																																																																																																																																																																																																																																																																																																																																																																																																																																																																																																																																																																																																																																																																																																																													CREATES -> service1
																																																																																																																																																																																																																																																																																																																																																																																																																																																																																																																																																																																																																																																																																																																																																																																																														CREATES -> service2
																																																																																																																																																																																																																																																																																																																																																																																																																																																																																																																																																																																																																																																																																																																																																																																																															CREATES -> service1
																																																																																																																																																																																																																																																																																																																																																																																																																																																																																																																																																																																																																																																																																																																																																																																																																CREATES -> service2
																																																																																																																																																																																																																																																																																																																																																																																																																																																																																																																																																																																																																																																																																																																																																																																																																	CREATES -> service1
																																																																																																																																																																																																																																																																																																																																																																																																																																																																																																																																																																																																																																																																																																																																																																																																																		CREATES -> service2
																																																																																																																																																																																																																																																																																																																																																																																																																																																																																																																																																																																																																																																																																																																																																																																																																			CREATES -> service1
																																																																																																																																																																																																																																																																																																																																																																																																																																																																																																																																																																																																																																																																																																																																																																																																																				CREATES -> service2
																																																																																																																																																																																																																																																																																																																																																																																																																																																																																																																																																																																																																																																																																																																																																																																																																					CREATES -> service1
																																																																																																																																																																																																																																																																																																																																																																																																																																																																																																																																																																																																																																																																																																																																																																																																																						CREATES -> service2
																																																																																																																																																																																																																																																																																																																																																																																																																																																																																																																																																																																																																																																																																																																																																																																																																							CREATES -> service1
																																																																																																																																																																																																																																																																																																																																																																																																																																																																																																																																																																																																																																																																																																																																																																																																																								CREATES -> service2
																																																																																																																																																																																																																																																																																																																																																																																																																																																																																																																																																																																																																																																																																																																																																																																																																									CREATES -> service1
																																																																																																																																																																																																																																																																																																																																																																																																																																																																																																																																																																																																																																																																																																																																																																																																																										CREATES -> service2
																																																																																																																																																																																																																																																																																																																																																																																																																																																																																																																																																																																																																																																																																																																																																																																																																											CREATES -> service1
																																																																																																																																																																																																																																																																																																																																																																																																																																																																																																																																																																																																																																																																																																																																																																																																																												CREATES -> service2
																																																																																																																																																																																																																																																																																																																																																																																																																																																																																																																																																																																																																																																																																																																																																																																																																													CREATES -> service1
																																																																																																																																																																																																																																																																																																																																																																																																																																																																																																																																																																																																																																																																																																																																																																																																																														CREATES -> service2
																																																																																																																																																																																																																																																																																																																																																																																																																																																																																																																																																																																																																																																																																																																																																																																																																															CREATES -> service1
																																																																																																																																																																																																																																																																																																																																																																																																																																																																																																																																																																																																																																																																																																																																																																																																																																CREATES -> service2
																																																																																																																																																																																																																																																																																																																																																																																																																																																																																																																																																																																																																																																																																																																																																																																																																																	CREATES -> service1
																																																																																																																																																																																																																																																																																																																																																																																																																																																																																																																																																																																																																																																																																																																																																																																																																																		CREATES -> service2
																																																																																																																																																																																																																																																																																																																																																																																																																																																																																																																																																																																																																																																																																																																																																																																																																																			CREATES -> service1
																																																																																																																																																																																																																																																																																																																																																																																																																																																																																																																																																																																																																																																																																																																																																																																																																																				CREATES -> service2
																																																																																																																																																																																																																																																																																																																																																																																																																																																																																																																																																																																																																																																																																																																																																																																																																																					CREATES -> service1
																																																																																																																																																																																																																																																																																																																																																																																																																																																																																																																																																																																																																																																																																																																																																																																																																																						CREATES -> service2
																																																																																																																																																																																																																																																																																																																																																																																																																																																																																																																																																																																																																																																																																																																																																																																																																																							CREATES -> service1
																																																																																																																																																																																																																																																																																																																																																																																																																																																																																																																																																																																																																																																																																																																																																																																																																																								CREATES -> service2
																																																																																																																																																																																																																																																																																																																																																																																																																																																																																																																																																																																																																																																																																																																																																																																																																																									CREATES -> service1
																																																																																																																																																																																																																																																																																																																																																																																																																																																																																																																																																																																																																																																																																																																																																																																																																																										CREATES -> service2
																																																																																																																																																																																																																																																																																																																																																																																																																																																																																																																																																																																																																																																																																																																																																																																																																																											CREATES -> service1
																																																																																																																																																																																																																																																																																																																																																																																																																																																																																																																																																																																																																																																																																																																																																																																																																																												CREATES -> service2
																																																																																																																																																																																																																																																																																																																																																																																																																																																																																																																																																																																																																																																																																																																																																																																																																																													CREATES -> service1
																																																																																																																																																																																																																																																																																																																																																																																																																																																																																																																																																																																																																																																																																																																																																																																																																																														CREATES -> service2
																																																																																																																																																																																																																																																																																																																																																																																																																																																																																																																																																																																																																																																																																																																																																																																																																																															CREATES -> service1
																																																																																																																																																																																																																																																																																																																																																																																																																																																																																																																																																																																																																																																																																																																																																																																																																																																CREATES -> service2
																																																																																																																																																																																																																																																																																																																																																																																																																																																																																																																																																																																																																																																																																																																																																																																																																																																	CREATES -> service1
																																																																																																																																																																																																																																																																																																																																																																																																																																																																																																																																																																																																																																																																																																																																																																																																																																																		CREATES -> service2
																																																																																																																																																																																																																																																																																																																																																																																																																																																																																																																																																																																																																																																																																																																																																																																																																																																			CREATES -> service1
																																																																																																																																																																																																																																																																																																																																																																																																																																																																																																																																																																																																																																																																																																																																																																																																																																																				CREATES -> service2
																																																																																																																																																																																																																																																																																																																																																																																																																																																																																																																																																																																																																																																																																																																																																																																																																																																					CREATES -> service1
																																																																																																																																																																																																																																																																																																																																																																																																																																																																																																																																																																																																																																																																																																																																																																																																																																																						CREATES -> service2
																																																																																																																																																																																																																																																																																																																																																																																																																																																																																																																																																																																																																																																																																																																																																																																																																																																							CREATES -> service1
																																																																																																																																																																																																																																																																																																																																																																																																																																																																																																																																																																																																																																																																																																																																																																																																																																																								CREATES -> service2
																																																																																																																																																																																																																																																																																																																																																																																																																																																																																																																																																																																																																																																																																																																																																																																																																																																									CREATES -> service1
																																																																																																																																																																																																																																																																																																																																																																																																																																																																																																																																																																																																																																																																																																																																																																																																																																																										CREATES -> service2
																																																																																																																																																																																																																																																																																																																																																																																																																																																																																																																																																																																																																																																																																																																																																																																																																																																											CREATES -> service1
																																																																																																																																																																																																																																																																																																																																																																																																																																																																																																																																																																																																																																																																																																																																																																																																																																																												CREATES -> service2
																																																																																																																																																																																																																																																																																																																																																																																																																																																																																																																																																																																																																																																																																																																																																																																																																																																													CREATES -> service1
																																																																																																																																																																																																																																																																																																																																																																																																																																																																																																																																																																																																																																																																																																																																																																																																																																																														CREATES -> service2
																																																																																																																																																																																																																																																																																																																																																																																																																																																																																																																																																																																																																																																																																																																																																																																																																																																															CREATES -> service1
																																																																																																																																																																																																																																																																																																																																																																																																																																																																																																																																																																																																																																																																																																																																																																																																																																																																CREATES -> service2
																																																																																																																																																																																																																																																																																																																																																																																																																																																																																																																																																																																																																																																																																																																																																																																																																																																																	CREATES -> service1
																																																																																																																																																																																																																																																																																																																																																																																																																																																																																																																																																																																																																																																																																																																																																																																																																																																																		CREATES -> service2
																																																																																																																																																																																																																																																																																																																																																																																																																																																																																																																																																																																																																																																																																																																																																																																																																																																																			CREATES -> service1
																																																																																																																																																																																																																																																																																																																																																																																																																																																																																																																																																																																																																																																																																																																																																																																																																																																																				CREATES -> service2
																																																																																																																																																																																																																																																																																																																																																																																																																																																																																																																																																																																																																																																																																																																																																																																																																																																																					CREATES -> service1
																																																																																																																																																																																																																																																																																																																																																																																																																																																																																																																																																																																																																																																																																																																																																																																																																																																																						CREATES -> service2
																																																																																																																																																																																																																																																																																																																																																																																																																																																																																																																																																																																																																																																																																																																																																																																																																																																																							CREATES -> service1
																																																																																																																																																																																																																																																																																																																																																																																																																																																																																																																																																																																																																																																																																																																																																																																																																																																																								CREATES -> service2
																																																																																																																																																																																																																																																																																																																																																																																																																																																																																																																																																																																																																																																																																																																																																																																																																																																																									CREATES -> service1
																																																																																																																																																																																																																																																																																																																																																																																																																																																																																																																																																																																																																																																																																																																																																																																																																																																																										CREATES -> service2
																																																																																																																																																																																																																																																																																																																																																																																																																																																																																																																																																																																																																																																																																																																																																																																																																																																																											CREATES -> service1
																																																																																																																																																																																																																																																																																																																																																																																																																																																																																																																																																																																																																																																																																																																																																																																																																																																																												CREATES -> service2
																																																																																																																																																																																																																																																																																																																																																																																																																																																																																																																																																																																																																																																																																																																																																																																																																																																																													CREATES -> service1
																																																																																																																																																																																																																																																																																																																																																																																																																																																																																																																																																																																																																																																																																																																																																																																																																																																																														CREATES -> service2
																																																																																																																																																																																																																																																																																																																																																																																																																																																																																																																																																																																																																																																																																																																																																																																																																																																																															CREATES -> service1
																																																																																																																																																																																																																																																																																																																																																																																																																																																																																																																																																																																																																																																																																																																																																																																																																																																																																CREATES -> service2
																																																																																																																																																																																																																																																																																																																																																																																																																																																																																																																																																																																																																																																																																																																																																																																																																																																																																	CREATES -> service1
																																																																																																																																																																																																																																																																																																																																																																																																																																																																																																																																																																																																																																																																																																																																																																																																																																																																																		CREATES -> service2
																																																																																																																																																																																																																																																																																																																																																																																																																																																																																																																																																																																																																																																																																																																																																																																																																																																																																			CREATES -> service1
																																																																																																																																																																																																																																																																																																																																																																																																																																																																																																																																																																																																																																																																																																																																																																																																																																																																																				CREATES -> service2
																																																																																																																																																																																																																																																																																																																																																																																																																																																																																																																																																																																																																																																																																																																																																																																																																																																																																					CREATES -> service1
																																																																																																																																																																																																																																																																																																																																																																																																																																																																																																																																																																																																																																																																																																																																																																																																																																																																																						CREATES -> service2
																																																																																																																																																																																																																																																																																																																																																																																																																																																																																																																																																																																																																																																																																																																																																																																																																																																																																							CREATES -> service1
																																																																																																																																																																																																																																																																																																																																																																																																																																																																																																																																																																																																																																																																																																																																																																																																																																																																																								CREATES -> service2
																																																																																																																																																																																																																																																																																																																																																																																																																																																																																																																																																																																																																																																																																																																																																																																																																																																																																									CREATES -> service1
																																																																																																																																																																																																																																																																																																																																																																																																																																																																																																																																																																																																																																																																																																																																																																																																																																																																																										CREATES -> service2
																																																																																																																																																																																																																																																																																																																																																																																																																																																																																																																																																																																																																																																																																																																																																																																																																																																																																											CREATES -> service1
																																																																																																																																																																																																																																																																																																																																																																																																																																																																																																																																																																																																																																																																																																																																																																																																																																																																																												CREATES -> service2
																																																																																																																																																																																																																																																																																																																																																																																																																																																																																																																																																																																																																																																																																																																																																																																																																																																																																													CREATES -> service1
																																																																																																																																																																																																																																																																																																																																																																																																																																																																																																																																																																																																																																																																																																																																																																																																																																																																																														CREATES -> service2
																																																																																																																																																																																																																																																																																																																																																																																																																																																																																																																																																																																																																																																																																																																																																																																																																																																																																															CREATES -> service1
																																																																																																																																																																																																																																																																																																																																																																																																																																																																																																																																																																																																																																																																																																																																																																																																																																																																																																CREATES -> service2
																																																																																																																																																																																																																																																																																																																																																																																																																																																																																																																																																																																																																																																																																																																																																																																																																																																																																																	CREATES -> service1
																																																																																																																																																																																																																																																																																																																																																																																																																																																																																																																																																																																																																																																																																																																																																																																																																																																																																																		CREATES -> service2
																																																																																																																																																																																																																																																																																																																																																																																																																																																																																																																																																																																																																																																																																																																																																																																																																																																																																																			CREATES -> service1
																																																																																																																																																																																																																																																																																																																																																																																																																																																																																																																																																																																																																																																																																																																																																																																																																																																																																																				CREATES -> service2
																																																																																																																																																																																																																																																																																																																																																																																																																																																																																																																																																																																																																																																																																																																																																																																																																																																																																																					CREATES -> service1
																																																																																																																																																																																																																																																																																																																																																																																																																																																																																																																																																																																																																																																																																																																																																																																																																																																																																																						CREATES -> service2
																																																																																																																																																																																																																																																																																																																																																																																																																																																																																																																																																																																																																																																																																																																																																																																																																																																																																																							CREATES -> service1
																																																																																																																																																																																																																																																																																																																																																																																																																																																																																																																																																																																																																																																																																																																																																																																																																																																																																																								CREATES -> service2
																																																																																																																																																																																																																																																																																																																																																																																																																																																																																																																																																																																																																																																																																																																																																																																																																																																																																																									CREATES -> service1
																																																																																																																																																																																																																																																																																																																																																																																																																																																																																																																																																																																																																																																																																																																																																																																																																																																																																																										CREATES -> service2
																																																																																																																																																																																																																																																																																																																																																																																																																																																																																																																																																																																																																																																																																																																																																																																																																																																																																																											CREATES -> service1
																																																																																																																																																																																																																																																																																																																																																																																																																																																																																																																																																																																																																																																																																																																																																																																																																																																																																																												CREATES -> service2
																																																																																																																																																																																																																																																																																																																																																																																																																																																																																																																																																																																																																																																																																																																																																																																																																																																																																																													CREATES -> service1
																																																																																																																																																																																																																																																																																																																																																																																																																																																																																																																																																																																																																																																																																																																																																																																																																																																																																																														CREATES -> service2
																																																																																																																																																																																																																																																																																																																																																																																																																																																																																																																																																																																																																																																																																																																																																																																																																																																																																																															CREATES -> service1
																																																																																																																																																																																																																																																																																																																																																																																																																																																																																																																																																																																																																																																																																																																																																																																																																																																																																																																CREATES -> service2
																																																																																																																																																																																																																																																																																																																																																																																																																																																																																																																																																																																																																																																																																																																																																																																																																																																																																																																	CREATES -> service1
																																																																																																																																																																																																																																																																																																																																																																																																																																																																																																																																																																																																																																																																																																																																																																																																																																																																																																																		CREATES -> service2
																																																																																																																																																																																																																																																																																																																																																																																																																																																																																																																																																																																																																																																																																																																																																																																																																																																																																																																			CREATES -> service1
																																																																																																																																																																																																																																																																																																																																																																																																																																																																																																																																																																																																																																																																																																																																																																																																																																																																																																																				CREATES -> service2
																																																																																																																																																																																																																																																																																																																																																																																																																																																																																																																																																																																																																																																																																																																																																																																																																																																																																																																					CREATES -> service1
																																																																																																																																																																																																																																																																																																																																																																																																																																																																																																																																																																																																																																																																																																																																																																																																																																																																																																																						CREATES -> service2
																																																																																																																																																																																																																																																																																																																																																																																																																																																																																																																																																																																																																																																																																																																																																																																																																																																																																																																							CREATES -> service1
																																																																																																																																																																																																																																																																																																																																																																																																																																																																																																																																																																																																																																																																																																																																																																																																																																																																																																																								CREATES -> service2
																																																																																																																																																																																																																																																																																																																																																																																																																																																																																																																																																																																																																																																																																																																																																																																																																																																																																																																									CREATES -> service1
																																																																																																																																																																																																																																																																																																																																																																																																																																																																																																																																																																																																																																																																																																																																																																																																																																																																																																																										CREATES -> service2
																																																																																																																																																																																																																																																																																																																																																																																																																																																																																																																																																																																																																																																																																																																																																																																																																																																																																																																											CREATES -> service1
																																																																																																																																																																																																																																																																																																																																																																																																																																																																																																																																																																																																																																																																																																																																																																																																																																																																																																																												CREATES -> service2
																																																																																																																																																																																																																																																																																																																																																																																																																																																																																																																																																																																																																																																																																																																																																																																																																																																																																																																													CREATES -> service1
																																																																																																																																																																																																																																																																																																																																																																																																																																																																																																																																																																																																																																																																																																																																																																																																																																																																																																																														CREATES -> service2
																																																																																																																																																																																																																																																																																																																																																																																																																																																																																																																																																																																																																																																																																																																																																																																																																																																																																																																															CREATES -> service1
																																																																																																																																																																																																																																																																																																																																																																																																																																																																																																																																																																																																																																																																																																																																																																																																																																																																																																																																CREATES -> service2
																																																																																																																																																																																																																																																																																																																																																																																																																																																																																																																																																																																																																																																																																																																																																																																																																																																																																																																																	CREATES -> service1
																																																																																																																																																																																																																																																																																																																																																																																																																																																																																																																																																																																																																																																																																																																																																																																																																																																																																																																																		CREATES -> service2
																																																																																																																																																																																																																																																																																																																																																																																																																																																																																																																																																																																																																																																																																																																																																																																																																																																																																																																																			CREATES -> service1
																																																																																																																																																																																																																																																																																																																																																																																																																																																																																																																																																																																																																																																																																																																																																																																																																																																																																																																																				CREATES -> service2
																																																																																																																																																																																																																																																																																																																																																																																																																																																																																																																																																																																																																																																																																																																																																																																																																																																																																																																																					CREATES -> service1
																																																																																																																																																																																																																																																																																																																																																																																																																																																																																																																																																																																																																																																																																																																																																																																																																																																																																																																																						CREATES -> service2
																																																																																																																																																																																																																																																																																																																																																																																																																																																																																																																																																																																																																																																																																																																																																																																																																																																																																																																																							CREATES -> service1
																																																																																																																																																																																																																																																																																																																																																																																																																																																																																																																																																																																																																																																																																																																																																																																																																																																																																																																																								CREATES -> service2
																																																																																																																																																																																																																																																																																																																																																																																																																																																																																																																																																																																																																																																																																																																																																																																																																																																																																																																																									CREATES -> service1
																																																																																																																																																																																																																																																																																																																																																																																																																																																																																																																																																																																																																																																																																																																																																																																																																																																																																																																																										CREATES -> service2
																																																																																																																																																																																																																																																																																																																																																																																																																																																																																																																																																																																																																																																																																																																																																																																																																																																																																																																																											CREATES -> service1
																																																																																																																																																																																																																																																																																																																																																																																																																																																																																																																																																																																																																																																																																																																																																																																																																																																																																																																																												CREATES -> service2
																																																																																																																																																																																																																																																																																																																																																																																																																																																																																																																																																																																																																																																																																																																																																																																																																																																																																																																																													CREATES -> service1
																																																																																																																																																																																																																																																																																																																																																																																																																																																																																																																																																																																																																																																																																																																																																																																																																																																																																																																																														CREATES -> service2
																																																																																																																																																																																																																																																																																																																																																																																																																																																																																																																																																																																																																																																																																																																																																																																																																																																																																																																																															CREATES -> service1
																																																																																																																																																																																																																																																																																																																																																																																																																																																																																																																																																																																																																																																																																																																																																																																																																																																																																																																																																CREATES -> service2
																																																																																																																																																																																																																																																																																																																																																																																																																																																																																																																																																																																																																																																																																																																																																																																																																																																																																																																																																	CREATES -> service1
																																																																																																																																																																																																																																																																																																																																																																																																																																																																																																																																																																																																																																																																																																																																																																																																																																																																																																																																																		CREATES -> service2
																																																																																																																																																																																																																																																																																																																																																																																																																																																																																																																																																																																																																																																																																																																																																																																																																																																																																																																																																			CREATES -> service1
																																																																																																																																																																																																																																																																																																																																																																																																																																																																																																																																																																																																																																																																																																																																																																																																																																																																																																																																																				CREATES -> service2
																																																																																																																																																																																																																																																																																																																																																																																																																																																																																																																																																																																																																																																																																																																																																																																																																																																																																																																																																					CREATES -> service1
																																																																																																																																																																																																																																																																																																																																																																																																																																																																																																																																																																																																																																																																																																																																																																																																																																																																																																																																																						CREATES -> service2
																																																																																																																																																																																																																																																																																																																																																																																																																																																																																																																																																																																																																																																																																																																																																																																																																																																																																																																																																							CREATES -> service1
																																																																																																																																																																																																																																																																																																																																																																																																																																																																																																																																																																																																																																																																																																																																																																																																																																																																																																																																																								CREATES -> service2
																																																																																																																																																																																																																																																																																																																																																																																																																																																																																																																																																																																																																																																																																																																																																																																																																																																																																																																																																									CREATES -> service1
																																																																																																																																																																																																																																																																																																																																																																																																																																																																																																																																																																																																																																																																																																																																																																																																																																																																																																																																																										CREATES -> service2
																																																																																																																																																																																																																																																																																																																																																																																																																																																																																																																																																																																																																																																																																																																																																																																																																																																																																																																																																											CREATES -> service1
																																																																																																																																																																																																																																																																																																																																																																																																																																																																																																																																																																																																																																																																																																																																																																																																																																																																																																																																																												CREATES -> service2
																																																																																																																																																																																																																																																																																																																																																																																																																																																																																																																																																																																																																																																																																																																																																																																																																																																																																																																																																													CREATES -> service1
																																																																																																																																																																																																																																																																																																																																																																																																																																																																																																																																																																																																																																																																																																																																																																																																																																																																																																																																																														CREATES -> service2
																																																																																																																																																																																																																																																																																																																																																																																																																																																																																																																																																																																																																																																																																																																																																																																																																																																																																																																																																															CREATES -> service1
																																																																																																																																																																																																																																																																																																																																																																																																																																																																																																																																																																																																																																																																																																																																																																																																																																																																																																																																																																CREATES -> service2
																																																																																																																																																																																																																																																																																																																																																																																																																																																																																																																																																																																																																																																																																																																																																																																																																																																																																																																																																																	CREATES -> service1
																																																																																																																																																																																																																																																																																																																																																																																																																																																																																																																																																																																																																																																																																																																																																																																																																																																																																																																																																																		CREATES -> service2
																																																																																																																																																																																																																																																																																																																																																																																																																																																																																																																																																																																																																																																																																																																																																																																																																																																																																																																																																																			CREATES -> service1
																																																																																																																																																																																																																																																																																																																																																																																																																																																																																																																																																																																																																																																																																																																																																																																																																																																																																																																																																																				CREATES -> service2
																																																																																																																																																																																																																																																																																																																																																																																																																																																																																																																																																																																																																																																																																																																																																																																																																																																																																																																																																																					CREATES -> service1
																																																																																																																																																																																																																																																																																																																																																																																																																																																																																																																																																																																																																																																																																																																																																																																																																																																																																																																																																																						CREATES -> service2
																																																																																																																																																																																																																																																																																																																																																																																																																																																																																																																																																																																																																																																																																																																																																																																																																																																																																																																																																																							CREATES -> service1
																																																																																																																																																																																																																																																																																																																																																																																																																																																																																																																																																																																																																																																																																																																																																																																																																																																																																																																																																																								CREATES -> service2
																																																																																																																																																																																																																																																																																																																																																																																																																																																																																																																																																																																																																																																																																																																																																																																																																																																																																																																																																																									CREATES -> service1
																																																																																																																																																																																																																																																																																																																																																																																																																																																																																																																																																																																																																																																																																																																																																																																																																																																																																																																																																																										CREATES -> service2
																																																																																																																																																																																																																																																																																																																																																																																																																																																																																																																																																																																																																																																																																																																																																																																																																																																																																																																																																																											CREATES -> service1
																																																																																																																																																																																																																																																																																																																																																																																																																																																																																																																																																																																																																																																																																																																																																																																																																																																																																																																																																																												CREATES -> service2
																																																																																																																																																																																																																																																																																																																																																																																																																																																																																																																																																																																																																																																																																																																																																																																																																																																																																																																																																																													CREATES -> service1
																																																																																																																																																																																																																																																																																																																																																																																																																																																																																																																																																																																																																																																																																																																																																																																																																																																																																																																																																																														CREATES -> service2
																																																																																																																																																																																																																																																																																																																																																																																																																																																																																																																																																																																																																																																																																																																																																																																																																																																																																																																																																																															CREATES -> service1
																																																																																																																																																																																																																																																																																																																																																																																																																																																																																																																																																																																																																																																																																																																																																																																																																																																																																																																																																																																CREATES -> service2
																																																																																																																																																																																																																																																																																																																																																																																																																																																																																																																																																																																																																																																																																																																																																																																																																																																																																																																																																																																	CREATES -> service1
																																																																																																																																																																																																																																																																																																																																																																																																																																																																																																																																																																																																																																																																																																																																																																																																																																																																																																																																																																																		CREATES -> service2
																																																																																																																																																																																																																																																																																																																																																																																																																																																																																																																																																																																																																																																																																																																																																																																																																																																																																																																																																																																			CREATES -> service1
																																																																																																																																																																																																																																																																																																																																																																																																																																																																																																																																																																																																																																																																																																																																																																																																																																																																																																																																																																																				CREATES -> service2
																																																																																																																																																																																																																																																																																																																																																																																																																																																																																																																																																																																																																																																																																																																																																																																																																																																																																																																																																																																					CREATES -> service1
																																																																																																																																																																																																																																																																																																																																																																																																																																																																																																																																																																																																																																																																																																																																																																																																																																																																																																																																																																																						CREATES -> service2
																																																																																																																																																																																																																																																																																																																																																																																																																																																																																																																																																																																																																																																																																																																																																																																																																																																																																																																																																																																							CREATES -> service1
																																																																																																																																																																																																																																																																																																																																																																																																																																																																																																																																																																																																																																																																																																																																																																																																																																																																																																																																																																																								CREATES -> service2
																																																																																																																																																																																																																																																																																																																																																																																																																																																																																																																																																																																																																																																																																																																																																																																																																																																																																																																																																																																									CREATES -> service1
																																																																																																																																																																																																																																																																																																																																																																																																																																																																																																																																																																																																																																																																																																																																																																																																																																																																																																																																																																																										CREATES -> service2
																																																																																																																																																																																																																																																																																																																																																																																																																																																																																																																																																																																																																																																																																																																																																																																																																																																																																																																																																																																											CREATES -> service1
																																																																																																																																																																																																																																																																																																																																																																																																																																																																																																																																																																																																																																																																																																																																																																																																																																																																																																																																																																																												CREATES -> service2
																																																																																																																																																																																																																																																																																																																																																																																																																																																																																																																																																																																																																																																																																																																																																																																																																																																																																																																																																																																													CREATES -> service1
																																																																																																																																																																																																																																																																																																																																																																																																																																																																																																																																																																																																																																																																																																																																																																																																																																																																																																																																																																																														CREATES -> service2
																																																																																																																																																																																																																																																																																																																																																																																																																																																																																																																																																																																																																																																																																																																																																																																																																																																																																																																																																																																															CREATES -> service1
																																																																																																																																																																																																																																																																																																																																																																																																																																																																																																																																																																																																																																																																																																																																																																																																																																																																																																																																																																																																CREATES -> service2
																																																																																																																																																																																																																																																																																																																																																																																																																																																																																																																																																																																																																																																																																																																																																																																																																																																																																																																																																																																																	CREATES -> service1
																																																																																																																																																																																																																																																																																																																																																																																																																																																																																																																																																																																																																																																																																																																																																																																																																																																																																																																																																																																																		CREATES -> service2
																																																																																																																																																																																																																																																																																																																																																																																																																																																																																																																																																																																																																																																																																																																																																																																																																																																																																																																																																																																																			CREATES -> service1
																																																																																																																																																																																																																																																																																																																																																																																																																																																																																																																																																																																																																																																																																																																																																																																																																																																																																																																																																																																																				CREATES -> service2
																																																																																																																																																																																																																																																																																																																																																																																																																																																																																																																																																																																																																																																																																																																																																																																																																																																																																																																																																																																																					CREATES -> service1
																																																																																																																																																																																																																																																																																																																																																																																																																																																																																																																																																																																																																																																																																																																																																																																																																																																																																																																																																																																																						CREATES -> service2
																																																																																																																																																																																																																																																																																																																																																																																																																																																																																																																																																																																																																																																																																																																																																																																																																																																																																																																																																																																																							CREATES -> service1
																																																																																																																																																																																																																																																																																																																																																																																																																																																																																																																																																																																																																																																																																																																																																																																																																																																																																																																																																																																																								CREATES -> service2
																																																																																																																																																																																																																																																																																																																																																																																																																																																																																																																																																																																																																																																																																																																																																																																																																																																																																																																																																																																																									CREATES -> service1
																																																																																																																																																																																																																																																																																																																																																																																																																																																																																																																																																																																																																																																																																																																																																																																																																																																																																																																																																																																																										CREATES -> service2
																																																																																																																																																																																																																																																																																																																																																																																																																																																																																																																																																																																																																																																																																																																																																																																																																																																																																																																																																																																																											CREATES -> service1
																																																																																																																																																																																																																																																																																																																																																																																																																																																																																																																																																																																																																																																																																																																																																																																																																																																																																																																																																																																																												CREATES -> service2
																																																																																																																																																																																																																																																																																																																																																																																																																																																																																																																																																																																																																																																																																																																																																																																																																																																																																																																																																																																																													CREATES -> service1
																																																																																																																																																																																																																																																																																																																																																																																																																																																																																																																																																																																																																																																																																																																																																																																																																																																																																																																																																																																																														CREATES -> service2
																																																																																																																																																																																																																																																																																																																																																																																																																																																																																																																																																																																																																																																																																																																																																																																																																																																																																																																																																																																																															CREATES -> service1
																																																																																																																																																																																																																																																																																																																																																																																																																																																																																																																																																																																																																																																																																																																																																																																																																																																																																																																																																																																																																CREATES -> service2
																																																																																																																																																																																																																																																																																																																																																																																																																																																																																																																																																																																																																																																																																																																																																																																																																																																																																																																																																																																																																	CREATES -> service1
																																																																																																																																																																																																																																																																																																																																																																																																																																																																																																																																																																																																																																																																																																																																																																																																																																																																																																																																																																																																																		CREATES -> service2
																																																																																																																																																																																																																																																																																																																																																																																																																																																																																																																																																																																																																																																																																																																																																																																																																																																																																																																																																																																																																			CREATES -> service1
																																																																																																																																																																																																																																																																																																																																																																																																																																																																																																																																																																																																																																																																																																																																																																																																																																																																																																																																																																																																																				CREATES -> service2
																																																																																																																																																																																																																																																																																																																																																																																																																																																																																																																																																																																																																																																																																																																																																																																																																																																																																																																																																																																																																					CREATES -> service1
																																																																																																																																																																																																																																																																																																																																																																																																																																																																																																																																																																																																																																																																																																																																																																																																																																																																																																																																																																																																																						CREATES -> service2
																																																																																																																																																																																																																																																																																																																																																																																																																																																																																																																																																																																																																																																																																																																																																																																																																																																																																																																																																																																																																							CREATES -> service1
																																																																																																																																																																																																																																																																																																																																																																																																																																																																																																																																																																																																																																																																																																																																																																																																																																																																																																																																																																																																																								CREATES -> service2
																																																																																																																																																																																																																																																																																																																																																																																																																																																																																																																																																																																																																																																																																																																																																																																																																																																																																																																																																																																																																									CREATES -> service1
																																																																																																																																																																																																																																																																																																																																																																																																																																																																																																																																																																																																																																																																																																																																																																																																																																																																																																																																																																																																																										CREATES -> service2
																																																																																																																																																																																																																																																																																																																																																																																																																																																																																																																																																																																																																																																																																																																																																																																																																																																																																																																																																																																																																											CREATES -> service1
																																																																																																																																																																																																																																																																																																																																																																																																																																																																																																																																																																																																																																																																																																																																																																																																																																																																																																																																																																																																																												CREATES -> service2
																																																																																																																																																																																																																																																																																																																																																																																																																																																																																																																																																																																																																																																																																																																																																																																																																																																																																																																																																																																																																													CREATES -> service1
																																																																																																																																																																																																																																																																																																																																																																																																																																																																																																																																																																																																																																																																																																																																																																																																																																																																																																																																																																																																																														CREATES -> service2
																																																																																																																																																																																																																																																																																																																																																																																																																																																																																																																																																																																																																																																																																																																																																																																																																																																																																																																																																																																																																															CREATES -> service1
																																																																																																																																																																																																																																																																																																																																																																																																																																																																																																																																																																																																																																																																																																																																																																																																																																																																																																																																																																																																																																CREATES -> service2
																																																																																																																																																																																																																																																																																																																																																																																																																																																																																																																																																																																																																																																																																																																																																																																																																																																																																																																																																																																																																																	CREATES -> service1
																																																																																																																																																																																																																																																																																																																																																																																																																																																																																																																																																																																																																																																																																																																																																																																																																																																																																																																																																																																																																																		CREATES -> service2
																																																																																																																																																																																																																																																																																																																																																																																																																																																																																																																																																																																																																																																																																																																																																																																																																																																																																																																																																																																																																																			CREATES -> service1
																																																																																																																																																																																																																																																																																																																																																																																																																																																																																																																																																																																																																																																																																																																																																																																																																																																																																																																																																																																																																																				CREATES -> service2
																																																																																																																																																																																																																																																																																																																																																																																																																																																																																																																																																																																																																																																																																																																																																																																																																																																																																																																																																																																																																																					CREATES -> service1
																																																																																																																																																																																																																																																																																																																																																																																																																																																																																																																																																																																																																																																																																																																																																																																																																																																																																																																																																																																																																																						CREATES -> service2
																																																																																																																																																																																																																																																																																																																																																																																																																																																																																																																																																																																																																																																																																																																																																																																																																																																																																																																																																																																																																																							CREATES -> service1
																																																																																																																																																																																																																																																																																																																																																																																																																																																																																																																																																																																																																																																																																																																																																																																																																																																																																																																																																																																																																																								CREATES -> service2
																																																																																																																																																																																																																																																																																																																																																																																																																																																																																																																																																																																																																																																																																																																																																																																																																																																																																																																																																																																																																																									CREATES -> service1
																																																																																																																																																																																																																																																																																																																																																																																																																																																																																																																																																																																																																																																																																																																																																																																																																																																																																																																																																																																																																																										CREATES -> service2
DONE, took 4.00ms (grand total 4.00ms)

<<< Instantiation Service :: Create child >>>
CREATE Service1Consumer
	CREATES -> service1
DONE, took 0.00ms (grand total 0.00ms)

<<< Instantiation Service :: Create child >>>
CREATE Service1Consumer
	CREATES -> service1
DONE, took 0.00ms (grand total 0.00ms)

<<< Instantiation Service :: Remote window / integration tests is broken #105562 >>>
CALL (accessor) => accessor.get(Service2)
	CREATES -> service2
DONE, took 0.00ms (grand total 0.00ms)

<<< Instantiation Service :: Remote window / integration tests is broken #105562 >>>
CALL (accessor) => accessor.get(Service21)
	CREATES -> service21
		CREATES -> service1
			USES -> instantiationService
		CREATES -> service2
		USES -> service2
		USES -> service1
DONE, took 0.00ms (grand total 0.00ms)

